******************************************************************************
               TMS320C6x Linker PC v8.3.2                      
******************************************************************************
>> Linked Mon Dec  9 22:59:10 2019

OUTPUT FILE NAME:   <TEST1.out>
ENTRY POINT SYMBOL: "_c_int00"  address: 1180ce40


MEMORY CONFIGURATION

         name            origin    length      used     unused   attr    fill
----------------------  --------  ---------  --------  --------  ----  --------
  IROM                  11700000   00100000  00000000  00100000  R  X
  IRAM                  11800000   00040000  0001c6df  00023921  RW X
  L3_CBA_RAM            80000000   00020000  00000000  00020000  RW X
  DDR                   c0000000   08000000  00000000  08000000  RW X


SEGMENT ALLOCATION MAP

run origin  load origin   length   init length attrs members
----------  ----------- ---------- ----------- ----- -------
11800000    11800000    00010060   00010060    r-x
  11800000    11800000    00010060   00010060    r-x .text
11810060    11810060    00006a20   00000000    rw-
  11810060    11810060    00006a20   00000000    rw- .far
11816a80    11816a80    00002b87   00002b87    r--
  11816a80    11816a80    00002b87   00002b87    r-- .const
11819608    11819608    000029e8   00000000    rw-
  11819608    11819608    00002000   00000000    rw- .stack
  1181b608    1181b608    000008c4   00000000    rw- .fardata
  1181bed0    1181bed0    00000120   00000000    rw- .cio
1181bff0    1181bff0    00000010   00000010    r--
  1181bff0    1181bff0    00000010   00000010    r-- .switch.1
1181c000    1181c000    00000220   00000220    r-x
  1181c000    1181c000    00000200   00000200    r-x .vecs
  1181c200    1181c200    00000020   00000020    r-- .switch.2
1181c220    1181c220    0000001c   00000000    rw-
  1181c220    1181c220    0000001c   00000000    rw- .neardata
1181c23c    1181c23c    00000010   00000000    r--
  1181c23c    1181c23c    00000010   00000000    r-- .rodata
1181c250    1181c250    00000498   00000498    r--
  1181c250    1181c250    00000498   00000498    r-- .cinit


SECTION ALLOCATION MAP

 output                                  attributes/
section   page    origin      length       input sections
--------  ----  ----------  ----------   ----------------
.stack     0    11819608    00002000     UNINITIALIZED
                  11819608    00000008     boot.ae674 : boot.oe674 (.stack)
                  11819610    00001ff8     --HOLE--

.bss       0    1181c220    00000000     UNINITIALIZED

.neardata 
*          0    1181c220    0000001c     UNINITIALIZED
                  1181c220    00000008     HWI.obj (.neardata)
                  1181c228    00000008     SWI.obj (.neardata)
                  1181c230    00000004     EDMA_McASP.obj (.neardata)
                  1181c234    00000004     GPIO.obj (.neardata)
                  1181c238    00000004     McASP.obj (.neardata)

.rodata    0    1181c23c    00000010     UNINITIALIZED
                  1181c23c    00000010     app_pe674.oe674 (.rodata)

.cinit     0    1181c250    00000498     
                  1181c250    00000436     (.cinit..fardata.load) [load image, compression = rle]
                  1181c686    00000018     (.cinit..neardata.load) [load image, compression = rle]
                  1181c69e    00000016     (.cinit..rodata.load) [load image, compression = rle]
                  1181c6b4    0000000b     (.cinit..far.load) [load image, compression = rle]
                  1181c6bf    00000001     --HOLE-- [fill = 0]
                  1181c6c0    00000008     (__TI_handler_table)
                  1181c6c8    00000020     (__TI_cinit_table)

.init_array 
*          0    11800000    00000000     UNINITIALIZED

.vecs      0    1181c000    00000200     
                  1181c000    00000200     app_pe674.oe674 (.vecs)

xdc.meta   0    11800000    000000d0     COPY SECTION
                  11800000    000000d0     app_pe674.oe674 (xdc.meta)

.text      0    11800000    00010060     
                  11800000    000008a0     ti.targets.rts6000.ae674 : System.oe674 (.text:xdc_runtime_System_doPrint__I)
                  118008a0    000007e0     Codec.obj (.text)
                  11801080    00000780     sysbios.ae674 : BIOS.obj (.text:ti_sysbios_family_c64p_Exception_handler__I)
                  11801800    00000740                   : BIOS.obj (.text:ti_sysbios_knl_Semaphore_pend__E)
                  11801f40    00000720     McASP.obj (.text)
                  11802660    000006c0     sysbios.ae674 : BIOS.obj (.text:ti_sysbios_timers_timer64_Timer_Module_startup__E)
                  11802d20    00000620                   : BIOS.obj (.text:ti_sysbios_heaps_HeapMem_allocUnprotected__E)
                  11803340    000005c0     SWI.obj (.text)
                  11803900    000005c0     sysbios.ae674 : BIOS.obj (.text:ti_sysbios_heaps_HeapMem_freeUnprotected__E)
                  11803ec0    00000500                   : BIOS.obj (.text:ti_sysbios_family_c64p_Cache_Module_startup__E)
                  118043c0    00000460     Filter.obj (.text)
                  11804820    00000360     LED_DIPSW.obj (.text)
                  11804b80    00000340     sysbios.ae674 : BIOS.obj (.text:ti_sysbios_timers_timer64_Timer_deviceConfig__I)
                  11804ec0    00000320     rts6740_elf.lib : fputs.c.obj (.text:fputs)
                  118051e0    00000300     sysbios.ae674 : BIOS.obj (.text:ti_sysbios_knl_Task_Module_startup__E)
                  118054e0    000002e0                   : BIOS.obj (.text:ti_sysbios_heaps_HeapMem_Instance_init__E)
                  118057c0    000002c0                   : BIOS.obj (.text:ti_sysbios_knl_Clock_workFunc__E)
                  11805a80    000002c0     ti.targets.rts6000.ae674 : LoggerBuf.oe674 (.text:xdc_runtime_LoggerBuf_write8__E)
                  11805d40    00000280     rts6740_elf.lib : divf.c.obj (.text:__c6xabi_divf)
                  11805fc0    00000260                     : imath64.c.obj (.text:__c6xabi_divull)
                  11806220    00000260                     : sinf.c.obj (.text:sinf)
                  11806480    00000260     sysbios.ae674 : BIOS.obj (.text:ti_sysbios_family_c64p_Hwi_dispatchCore__I)
                  118066e0    00000260                   : BIOS.obj (.text:ti_sysbios_knl_Semaphore_post__E)
                  11806940    00000260     ti.targets.rts6000.ae674 : Startup.oe674 (.text:xdc_runtime_Startup_startMods__I)
                  11806ba0    00000240     I2C.obj (.text)
                  11806de0    00000240     Init.obj (.text)
                  11807020    00000240     sysbios.ae674 : BIOS.obj (.text:ti_sysbios_family_c64p_Exception_internalHandler__I)
                  11807260    00000240     ti.targets.rts6000.ae674 : Core-mem.oe674 (.text:xdc_runtime_Core_createObject__I)
                  118074a0    00000240     app_pe674.oe674 (.text:xdc_runtime_System_printfExtend__I)
                  118076e0    00000220     sysbios.ae674 : BIOS.obj (.text:ti_sysbios_knl_Swi_run__I)
                  11807900    00000220                   : BIOS.obj (.text:ti_sysbios_timers_timer64_Timer_setPeriodMicroSecs__E)
                  11807b20    00000220     ti.targets.rts6000.ae674 : Error.oe674 (.text:xdc_runtime_Error_policyDefault__E)
                  11807d40    00000200     sysbios.ae674 : c64p_Hwi_disp_always.obj (.text:_ti_sysbios_family_c64p_Hwi_dispatchAlways)
                  11807f40    000001e0                   : BIOS.obj (.text:ti_sysbios_gates_GateMutex_enter__E)
                  11808120    000001e0     ti.targets.rts6000.ae674 : Text.oe674 (.text:xdc_runtime_Text_putSite__E)
                  11808300    000001c0     main.obj (.text)
                  118084c0    000001c0     rts6740_elf.lib : setvbuf.c.obj (.text:setvbuf)
                  11808680    000001c0     sysbios.ae674 : BIOS.obj (.text:ti_sysbios_knl_Task_checkStacks__E)
                  11808840    000001c0                   : BIOS.obj (.text:ti_sysbios_timers_timer64_Timer_getFreq__E)
                  11808a00    000001c0     ti.targets.rts6000.ae674 : LoggerBuf.oe674 (.text:xdc_runtime_LoggerBuf_write4__E)
                  11808bc0    000001a0     GPIO.obj (.text)
                  11808d60    000001a0     rts6740_elf.lib : hostrename.c.obj (.text:HOSTrename)
                  11808f00    000001a0     dsplib.ae674 : DSPF_sp_fir_gen.oe674 (.text:optimized)
                  118090a0    000001a0     sysbios.ae674 : BIOS.obj (.text:ti_sysbios_family_c64p_Cache_getL2InitSize__I)
                  11809240    000001a0                   : BIOS.obj (.text:ti_sysbios_knl_Task_schedule__I)
                  118093e0    000001a0                   : BIOS.obj (.text:ti_sysbios_timers_timer64_Timer_start__E)
                  11809580    000001a0     ti.targets.rts6000.ae674 : Core-smem.oe674 (.text:xdc_runtime_Core_constructObject__I)
                  11809720    00000180     boot.ae674 : autoinit.oe674 (.text:__TI_auto_init:_auto_init_elf)
                  118098a0    00000180     sysbios.ae674 : c64p_Exception_asm.obj (.text)
                  11809a20    00000180                   : BIOS.obj (.text:ti_sysbios_knl_Task_exit__E)
                  11809ba0    00000180                   : BIOS.obj (.text:ti_sysbios_knl_Task_startCore__E)
                  11809d20    00000160                   : BIOS.obj (.text:ti_sysbios_knl_Swi_post__E)
                  11809e80    00000160     ti.targets.rts6000.ae674 : Text.oe674 (.text:xdc_runtime_Text_putMod__E)
                  11809fe0    00000140     EDMA_McASP.obj (.text)
                  1180a120    00000140     sysbios.ae674 : BIOS.obj (.text:ti_sysbios_family_c64p_Hwi_Module_startup__E)
                  1180a260    00000140                   : BIOS.obj (.text:ti_sysbios_knl_Semaphore_Instance_init__E)
                  1180a3a0    00000140                   : BIOS.obj (.text:ti_sysbios_knl_Task_blockI__E)
                  1180a4e0    00000140     ti.targets.rts6000.ae674 : Core-mem.oe674 (.text:xdc_runtime_Core_deleteObject__I)
                  1180a620    00000140                              : LoggerBuf.oe674 (.text:xdc_runtime_LoggerBuf_setFilterLevel__E)
                  1180a760    00000140                              : Text.oe674 (.text:xdc_runtime_Text_putLab__E)
                  1180a8a0    00000120     HWI.obj (.text)
                  1180a9c0    00000120     rts6740_elf.lib : getdevice.c.obj (.text:getdevice)
                  1180aae0    00000120     dsplib.ae674 : DSPF_sp_dotprod.oe674 (.text:optimized)
                  1180ac00    00000120     sysbios.ae674 : BIOS.obj (.text:ti_sysbios_knl_Swi_restoreHwi__E)
                  1180ad20    00000120                   : BIOS.obj (.text:ti_sysbios_knl_Task_unblockI__E)
                  1180ae40    00000120     ti.targets.rts6000.ae674 : LoggerBuf.oe674 (.text:xdc_runtime_LoggerBuf_getFilterLevel__E)
                  1180af60    00000100     rts6740_elf.lib : fclose.c.obj (.text:__TI_closefile)
                  1180b060    00000100                     : copy_decompress_rle.c.obj (.text:__TI_decompress_rle_core)
                  1180b160    00000100                     : cpy_tbl.c.obj (.text:copy_in)
                  1180b260    00000100                     : fseek.c.obj (.text:fseek)
                  1180b360    00000100     sysbios.ae674 : BIOS.obj (.text:ti_sysbios_timers_timer64_Timer_initDevice__I)
                  1180b460    00000100     ti.targets.rts6000.ae674 : Error.oe674 (.text:xdc_runtime_Error_print__E)
                  1180b560    00000100                              : Memory.oe674 (.text:xdc_runtime_Memory_alloc__E)
                  1180b660    00000100                              : Startup.oe674 (.text:xdc_runtime_Startup_exec__E)
                  1180b760    000000e0     rts6740_elf.lib : hostlseek.c.obj (.text:HOSTlseek)
                  1180b840    000000e0                     : hostopen.c.obj (.text:HOSTopen)
                  1180b920    000000e0                     : hostwrite.c.obj (.text:HOSTwrite)
                  1180ba00    000000e0                     : _io_perm.c.obj (.text:__TI_wrt_ok)
                  1180bae0    000000e0                     : divi.asm.obj (.text:__divi)
                  1180bbc0    000000e0                     : close.c.obj (.text:close)
                  1180bca0    000000e0                     : exit.c.obj (.text:exit)
                  1180bd80    000000e0                     : memset.c.obj (.text:memset)
                  1180be60    000000e0     sysbios.ae674 : BIOS.obj (.text:ti_sysbios_heaps_HeapMem_alloc__E)
                  1180bf40    000000e0                   : BIOS.obj (.text:ti_sysbios_knl_Swi_runLoop__I)
                  1180c020    000000e0                   : BIOS.obj (.text:ti_sysbios_timers_timer64_Timer_startup__E)
                  1180c100    000000e0     ti.targets.rts6000.ae674 : Text.oe674 (.text:xdc_runtime_Text_visitRope2__I)
                  1180c1e0    000000c0     rts6740_elf.lib : hostread.c.obj (.text:HOSTread)
                  1180c2a0    000000c0                     : hostunlink.c.obj (.text:HOSTunlink)
                  1180c360    000000c0                     : fflush.c.obj (.text:__TI_doflush)
                  1180c420    000000c0                     : divu.asm.obj (.text:__divu)
                  1180c4e0    000000c0     sysbios.ae674 : BIOS.obj (.text:ti_sysbios_heaps_HeapMem_getStats__E)
                  1180c5a0    000000c0                   : BIOS.obj (.text:ti_sysbios_knl_Clock_logTick__E)
                  1180c660    000000c0                   : BIOS.obj (.text:ti_sysbios_knl_Swi_schedule__I)
                  1180c720    000000c0                   : BIOS.obj (.text:ti_sysbios_knl_Task_allBlockedFunction__I)
                  1180c7e0    000000c0     rts6740_elf.lib : tls.c.obj (.text:tls:init:__TI_tls_init)
                  1180c8a0    000000c0     ti.targets.rts6000.ae674 : Assert.oe674 (.text:xdc_runtime_Assert_raise__I)
                  1180c960    000000c0                              : Error.oe674 (.text:xdc_runtime_Error_setX__E)
                  1180ca20    000000c0     app_pe674.oe674 (.text:xdc_runtime_LoggerBuf_Object__create__S)
                  1180cae0    000000c0     ti.targets.rts6000.ae674 : SysMin.oe674 (.text:xdc_runtime_SysMin_abort__E)
                  1180cba0    000000c0                              : SysMin.oe674 (.text:xdc_runtime_SysMin_flush__E)
                  1180cc60    000000a0     rts6740_elf.lib : hostclose.c.obj (.text:HOSTclose)
                  1180cd00    000000a0                     : fopen.c.obj (.text:__TI_cleanup)
                  1180cda0    000000a0                     : remu.asm.obj (.text:__remu)
                  1180ce40    000000a0     boot.ae674 : boot.oe674 (.text:_c_int00)
                  1180cee0    000000a0     rts6740_elf.lib : getdevice.c.obj (.text:finddevice)
                  1180cf80    000000a0                     : memcpy64.asm.obj (.text:memcpy)
                  1180d020    000000a0     sine.obj (.text)
                  1180d0c0    000000a0     sysbios.ae674 : BIOS.obj (.text:ti_sysbios_family_c64p_Exception_Module_startup__E)
                  1180d160    000000a0                   : BIOS.obj (.text:ti_sysbios_family_c64p_Hwi_dispatchC__I)
                  1180d200    000000a0                   : BIOS.obj (.text:ti_sysbios_family_c64p_Hwi_getStackInfo__E)
                  1180d2a0    000000a0                   : BIOS.obj (.text:ti_sysbios_timers_timer64_Timer_stop__E)
                  1180d340    000000a0     ti.targets.rts6000.ae674 : Core-params.oe674 (.text:xdc_runtime_Core_assignParams__I)
                  1180d3e0    000000a0                              : SysMin.oe674 (.text:xdc_runtime_SysMin_putch__E)
                  1180d480    000000a0                              : System.oe674 (.text:xdc_runtime_System_formatNum__I)
                  1180d520    000000a0                              : System.oe674 (.text:xdc_runtime_System_putchar__I)
                  1180d5c0    000000a0                              : Text.oe674 (.text:xdc_runtime_Text_printVisFxn__I)
                  1180d660    000000a0                              : Text.oe674 (.text:xdc_runtime_Text_xprintf__I)
                  1180d700    00000080     rts6740_elf.lib : trgmsg.c.obj (.text:__TI_readmsg)
                  1180d780    00000080                     : llshift.c.obj (.text:__c6xabi_llshl)
                  1180d800    00000080                     : roundf.c.obj (.text:__c6xabi_roundf)
                  1180d880    00000080     sysbios.ae674 : c62_TaskSupport_asm.obj (.text:_ti_sysbios_family_c62_TaskSupport_swap__E)
                  1180d900    00000080     app_pe674.oe674 (.text:ti_sysbios_BIOS_atExitFunc__I)
                  1180d980    00000080     app_pe674.oe674 (.text:ti_sysbios_BIOS_registerRTSLock__I)
                  1180da00    00000080     app_pe674.oe674 (.text:ti_sysbios_gates_GateHwi_Object__create__S)
                  1180da80    00000080     app_pe674.oe674 (.text:ti_sysbios_gates_GateMutex_Object__create__S)
                  1180db00    00000080     sysbios.ae674 : BIOS.obj (.text:ti_sysbios_hal_Hwi_checkStack)
                  1180db80    00000080                   : BIOS.obj (.text:ti_sysbios_hal_Hwi_initStack)
                  1180dc00    00000080     app_pe674.oe674 (.text:ti_sysbios_heaps_HeapMem_Object__create__S)
                  1180dc80    00000080     sysbios.ae674 : BIOS.obj (.text:ti_sysbios_heaps_HeapMem_init__I)
                  1180dd00    00000080     app_pe674.oe674 (.text:ti_sysbios_knl_Clock_doTick__I)
                  1180dd80    00000080     sysbios.ae674 : BIOS.obj (.text:ti_sysbios_knl_Idle_run__E)
                  1180de00    00000080                   : BIOS.obj (.text:ti_sysbios_knl_Semaphore_pendTimeout__I)
                  1180de80    00000080                   : BIOS.obj (.text:ti_sysbios_knl_Swi_startup__E)
                  1180df00    00000080                   : BIOS.obj (.text:ti_sysbios_knl_Task_restore__E)
                  1180df80    00000080     app_pe674.oe674 (.text:ti_sysbios_rts_MemAlloc_alloc)
                  1180e000    00000080     rts6740_elf.lib : unlink.c.obj (.text:unlink)
                  1180e080    00000080     ti.targets.rts6000.ae674 : Core-label.oe674 (.text:xdc_runtime_Core_assignLabel__I)
                  1180e100    00000080                              : LoggerBuf.oe674 (.text:xdc_runtime_LoggerBuf_Instance_init__E)
                  1180e180    00000080                              : LoggerBuf.oe674 (.text:xdc_runtime_LoggerBuf_Module_startup__E)
                  1180e200    00000080                              : LoggerBuf.oe674 (.text:xdc_runtime_LoggerBuf_filterOutEvent__I)
                  1180e280    00000080     app_pe674.oe674 (.text:xdc_runtime_SysMin_output__I)
                  1180e300    00000080     ti.targets.rts6000.ae674 : System.oe674 (.text:xdc_runtime_System_atexit__E)
                  1180e380    00000080                              : System.oe674 (.text:xdc_runtime_System_avprintf__E)
                  1180e400    00000080                              : System.oe674 (.text:xdc_runtime_System_processAtExit__E)
                  1180e480    00000080                              : System.oe674 (.text:xdc_runtime_System_vprintf__E)
                  1180e500    00000060     rts6740_elf.lib : trgmsg.c.obj (.text:__TI_writemsg)
                  1180e560    00000060                     : llshift.c.obj (.text:__c6xabi_llshru)
                  1180e5c0    00000060                     : imath64.c.obj (.text:_subcull)
                  1180e620    00000060     sysbios.ae674 : c64p_Hwi_asm_switch.obj (.text:_ti_sysbios_family_c64p_Hwi_switchAndDispatch__I)
                  1180e680    00000060                   : c64p_Hwi_asm_switch.obj (.text:_ti_sysbios_family_xxx_Hwi_switchAndRunFunc)
                  1180e6e0    00000060     rts6740_elf.lib : lseek.c.obj (.text:lseek)
                  1180e740    00000060                     : modff.c.obj (.text:modff)
                  1180e7a0    00000060     app_pe674.oe674 (.text:ti_sysbios_BIOS_errorRaiseHook__I)
                  1180e800    00000060     app_pe674.oe674 (.text:ti_sysbios_BIOS_removeRTSLock__I)
                  1180e860    00000060     app_pe674.oe674 (.text:ti_sysbios_BIOS_startFunc__I)
                  1180e8c0    00000060     sysbios.ae674 : BIOS.obj (.text:ti_sysbios_family_c62_TaskSupport_start__E)
                  1180e920    00000060                   : BIOS.obj (.text:ti_sysbios_family_c64p_Cache_setMar__E)
                  1180e980    00000060     app_pe674.oe674 (.text:ti_sysbios_gates_GateMutex_Object__delete__S)
                  1180e9e0    00000060     sysbios.ae674 : BIOS.obj (.text:ti_sysbios_heaps_HeapMem_free__E)
                  1180ea40    00000060                   : BIOS.obj (.text:ti_sysbios_knl_Clock_Module_startup__E)
                  1180eaa0    00000060     app_pe674.oe674 (.text:ti_sysbios_knl_Queue_construct)
                  1180eb00    00000060     app_pe674.oe674 (.text:ti_sysbios_knl_Semaphore_construct)
                  1180eb60    00000060     sysbios.ae674 : BIOS.obj (.text:ti_sysbios_knl_Swi_Module_startup__E)
                  1180ebc0    00000060                   : BIOS.obj (.text:ti_sysbios_knl_Task_enter__I)
                  1180ec20    00000060     rts6740_elf.lib : write.c.obj (.text:write)
                  1180ec80    00000060     app_pe674.oe674 (.text:xdc_runtime_LoggerBuf_Object__delete__S)
                  1180ece0    00000060     ti.targets.rts6000.ae674 : LoggerBuf.oe674 (.text:xdc_runtime_LoggerBuf_reset__E)
                  1180ed40    00000060                              : Memory.oe674 (.text:xdc_runtime_Memory_valloc__E)
                  1180eda0    00000060                              : Text.oe674 (.text:xdc_runtime_Text_cordText__E)
                  1180ee00    00000040     rts6740_elf.lib : args_main.c.obj (.text:_args_main)
                  1180ee40    00000040     sysbios.ae674 : c62_TaskSupport_asm.obj (.text:_ti_sysbios_family_c62_TaskSupport_buildTaskStack)
                  1180ee80    00000040     app_pe674.oe674 (.text:free)
                  1180eec0    00000040     rts6740_elf.lib : fputs.c.obj (.text:puts)
                  1180ef00    00000040     app_pe674.oe674 (.text:ti_sysbios_BIOS_exitFunc__I)
                  1180ef40    00000040     app_pe674.oe674 (.text:ti_sysbios_BIOS_rtsLock__I)
                  1180ef80    00000040     app_pe674.oe674 (.text:ti_sysbios_BIOS_rtsUnlock__I)
                  1180efc0    00000040     sysbios.ae674 : BIOS.obj (.text:ti_sysbios_family_c64p_Hwi_disableInterrupt__E)
                  1180f000    00000040                   : BIOS.obj (.text:ti_sysbios_family_c64p_Hwi_enableInterrupt__E)
                  1180f040    00000040                   : BIOS.obj (.text:ti_sysbios_family_c64p_primus_TimerSupport_enable__E)
                  1180f080    00000040     app_pe674.oe674 (.text:ti_sysbios_gates_GateHwi_Handle__label__S)
                  1180f0c0    00000040     app_pe674.oe674 (.text:ti_sysbios_gates_GateHwi_Object__delete__S)
                  1180f100    00000040     app_pe674.oe674 (.text:ti_sysbios_gates_GateMutex_Handle__label__S)
                  1180f140    00000040     sysbios.ae674 : BIOS.obj (.text:ti_sysbios_gates_GateMutex_Instance_init__E)
                  1180f180    00000040                   : BIOS.obj (.text:ti_sysbios_gates_GateMutex_leave__E)
                  1180f1c0    00000040     app_pe674.oe674 (.text:ti_sysbios_heaps_HeapMem_Handle__label__S)
                  1180f200    00000040     app_pe674.oe674 (.text:ti_sysbios_heaps_HeapMem_Object__delete__S)
                  1180f240    00000040     app_pe674.oe674 (.text:ti_sysbios_heaps_HeapMem_Object__get__S)
                  1180f280    00000040     sysbios.ae674 : BIOS.obj (.text:ti_sysbios_knl_Queue_get__E)
                  1180f2c0    00000040     app_pe674.oe674 (.text:ti_sysbios_knl_Semaphore_destruct)
                  1180f300    00000040     app_pe674.oe674 (.text:ti_sysbios_knl_Swi_Object__get__S)
                  1180f340    00000040     sysbios.ae674 : BIOS.obj (.text:ti_sysbios_knl_Swi_or__E)
                  1180f380    00000040     app_pe674.oe674 (.text:ti_sysbios_knl_Task_Object__get__S)
                  1180f3c0    00000040     ti.targets.rts6000.ae674 : Error.oe674 (.text:xdc_runtime_Error_check__E)
                  1180f400    00000040                              : Error.oe674 (.text:xdc_runtime_Error_init__E)
                  1180f440    00000040     app_pe674.oe674 (.text:xdc_runtime_LoggerBuf_Handle__label__S)
                  1180f480    00000040     ti.targets.rts6000.ae674 : LoggerBuf.oe674 (.text:xdc_runtime_LoggerBuf_Instance_finalize__E)
                  1180f4c0    00000040     app_pe674.oe674 (.text:xdc_runtime_LoggerBuf_Object__get__S)
                  1180f500    00000040     ti.targets.rts6000.ae674 : LoggerBuf.oe674 (.text:xdc_runtime_LoggerBuf_write0__E)
                  1180f540    00000040                              : LoggerBuf.oe674 (.text:xdc_runtime_LoggerBuf_write1__E)
                  1180f580    00000040                              : LoggerBuf.oe674 (.text:xdc_runtime_LoggerBuf_write2__E)
                  1180f5c0    00000040                              : Registry.oe674 (.text:xdc_runtime_Registry_findById__E)
                  1180f600    00000040                              : SysMin.oe674 (.text:xdc_runtime_SysMin_Module_startup__E)
                  1180f640    00000040                              : SysMin.oe674 (.text:xdc_runtime_SysMin_exit__E)
                  1180f680    00000040                              : System.oe674 (.text:xdc_runtime_System_abort__E)
                  1180f6c0    00000040     app_pe674.oe674 (.text:xdc_runtime_System_aprintf__E)
                  1180f700    00000040     ti.targets.rts6000.ae674 : System.oe674 (.text:xdc_runtime_System_exit__E)
                  1180f740    00000040     app_pe674.oe674 (.text:xdc_runtime_System_printf__E)
                  1180f780    00000020     rts6740_elf.lib : truncf.c.obj (.text:__c6xabi_truncf)
                  1180f7a0    00000020                     : push.asm.obj (.text:__pop_rts)
                  1180f7c0    00000020                     : push.asm.obj (.text:__push_rts)
                  1180f7e0    00000020                     : _lock.c.obj (.text:_nop)
                  1180f800    00000020                     : _lock.c.obj (.text:_register_lock)
                  1180f820    00000020                     : _lock.c.obj (.text:_register_unlock)
                  1180f840    00000020                     : startup.c.obj (.text:_system_post_cinit)
                  1180f860    00000020     sysbios.ae674 : c62_TaskSupport_asm.obj (.text:_ti_sysbios_family_c62_TaskSupport_glue)
                  1180f880    00000020     rts6740_elf.lib : exit.c.obj (.text:abort)
                  1180f8a0    00000020                     : copy_decompress_none.c.obj (.text:decompress:none:__TI_decompress_none)
                  1180f8c0    00000020                     : copy_decompress_rle.c.obj (.text:decompress:rle24:__TI_decompress_rle24)
                  1180f8e0    00000020     app_pe674.oe674 (.text:ti_sysbios_BIOS_RtsGateProxy_enter__E)
                  1180f900    00000020     app_pe674.oe674 (.text:ti_sysbios_BIOS_RtsGateProxy_leave__E)
                  1180f920    00000020     sysbios.ae674 : BIOS.obj (.text:ti_sysbios_BIOS_linkedWithIncorrectBootLibrary__E)
                  1180f940    00000020     app_pe674.oe674 (.text:ti_sysbios_BIOS_nullFunc__I)
                  1180f960    00000020     sysbios.ae674 : BIOS.obj (.text:ti_sysbios_BIOS_setThreadType__E)
                  1180f980    00000020                   : BIOS.obj (.text:ti_sysbios_BIOS_start__E)
                  1180f9a0    00000020     app_pe674.oe674 (.text:ti_sysbios_family_c62_TaskSupport_Module__startupDone__S)
                  1180f9c0    00000020     sysbios.ae674 : BIOS.obj (.text:ti_sysbios_family_c62_TaskSupport_checkStack__E)
                  1180f9e0    00000020     app_pe674.oe674 (.text:ti_sysbios_family_c64p_Hwi_Module__startupDone__F)
                  1180fa00    00000020     sysbios.ae674 : BIOS.obj (.text:ti_sysbios_family_c64p_Hwi_clearInterrupt__E)
                  1180fa20    00000020                   : BIOS.obj (.text:ti_sysbios_family_c64p_Hwi_startup__E)
                  1180fa40    00000020                   : BIOS.obj (.text:ti_sysbios_family_c64p_Hwi_switchFromBootStack__E)
                  1180fa60    00000020                   : BIOS.obj (.text:ti_sysbios_family_c64p_TimestampProvider_Module_startup__E)
                  1180fa80    00000020                   : BIOS.obj (.text:ti_sysbios_family_c64p_TimestampProvider_get64__E)
                  1180faa0    00000020                   : BIOS.obj (.text:ti_sysbios_gates_GateHwi_Instance_init__E)
                  1180fac0    00000020                   : BIOS.obj (.text:ti_sysbios_gates_GateHwi_enter__E)
                  1180fae0    00000020                   : BIOS.obj (.text:ti_sysbios_gates_GateHwi_leave__E)
                  1180fb00    00000020                   : BIOS.obj (.text:ti_sysbios_gates_GateHwi_query__E)
                  1180fb20    00000020                   : BIOS.obj (.text:ti_sysbios_gates_GateMutex_Instance_finalize__E)
                  1180fb40    00000020                   : BIOS.obj (.text:ti_sysbios_gates_GateMutex_query__E)
                  1180fb60    00000020                   : BIOS.obj (.text:ti_sysbios_hal_Hwi_Module_startup__E)
                  1180fb80    00000020     app_pe674.oe674 (.text:ti_sysbios_heaps_HeapMem_Module_GateProxy_enter__E)
                  1180fba0    00000020     app_pe674.oe674 (.text:ti_sysbios_heaps_HeapMem_Module_GateProxy_leave__E)
                  1180fbc0    00000020     sysbios.ae674 : BIOS.obj (.text:ti_sysbios_heaps_HeapMem_isBlocking__E)
                  1180fbe0    00000020     app_pe674.oe674 (.text:ti_sysbios_knl_Clock_TimerProxy_getMaxTicks__E)
                  1180fc00    00000020     sysbios.ae674 : BIOS.obj (.text:ti_sysbios_knl_Idle_loop__E)
                  1180fc20    00000020                   : BIOS.obj (.text:ti_sysbios_knl_Queue_Instance_init__E)
                  1180fc40    00000020     app_pe674.oe674 (.text:ti_sysbios_knl_Queue_Object__get__S)
                  1180fc60    00000020     app_pe674.oe674 (.text:ti_sysbios_knl_Queue_destruct)
                  1180fc80    00000020     sysbios.ae674 : BIOS.obj (.text:ti_sysbios_knl_Queue_empty__E)
                  1180fca0    00000020                   : BIOS.obj (.text:ti_sysbios_knl_Queue_put__E)
                  1180fcc0    00000020                   : BIOS.obj (.text:ti_sysbios_knl_Semaphore_Instance_finalize__E)
                  1180fce0    00000020                   : BIOS.obj (.text:ti_sysbios_knl_Swi_disable__E)
                  1180fd00    00000020                   : BIOS.obj (.text:ti_sysbios_knl_Task_disable__E)
                  1180fd20    00000020                   : BIOS.obj (.text:ti_sysbios_knl_Task_startup__E)
                  1180fd40    00000020     app_pe674.oe674 (.text:ti_sysbios_timers_timer64_Timer_Module__startupDone__F)
                  1180fd60    00000020     sysbios.ae674 : BIOS.obj (.text:ti_sysbios_timers_timer64_Timer_getMaxTicks__E)
                  1180fd80    00000020     ti.targets.rts6000.ae674 : Error.oe674 (.text:xdc_runtime_Error_getSite__E)
                  1180fda0    00000020                              : Error.oe674 (.text:xdc_runtime_Error_raiseX__E)
                  1180fdc0    00000020                              : Gate.oe674 (.text:xdc_runtime_Gate_enterSystem__E)
                  1180fde0    00000020                              : Gate.oe674 (.text:xdc_runtime_Gate_leaveSystem__E)
                  1180fe00    00000020     app_pe674.oe674 (.text:xdc_runtime_IHeap_alloc)
                  1180fe20    00000020     app_pe674.oe674 (.text:xdc_runtime_IHeap_free)
                  1180fe40    00000020     app_pe674.oe674 (.text:xdc_runtime_LoggerBuf_Module_GateProxy_enter__E)
                  1180fe60    00000020     app_pe674.oe674 (.text:xdc_runtime_LoggerBuf_Module_GateProxy_leave__E)
                  1180fe80    00000020     ti.targets.rts6000.ae674 : LoggerBuf.oe674 (.text:xdc_runtime_LoggerBuf_disable__E)
                  1180fea0    00000020                              : LoggerBuf.oe674 (.text:xdc_runtime_LoggerBuf_enable__E)
                  1180fec0    00000020                              : Memory.oe674 (.text:xdc_runtime_Memory_calloc__E)
                  1180fee0    00000020                              : Memory.oe674 (.text:xdc_runtime_Memory_free__E)
                  1180ff00    00000020                              : Memory.oe674 (.text:xdc_runtime_Memory_getMaxDefaultTypeAlign__E)
                  1180ff20    00000020     app_pe674.oe674 (.text:xdc_runtime_Startup_exec__I)
                  1180ff40    00000020     app_pe674.oe674 (.text:xdc_runtime_Startup_reset__I)
                  1180ff60    00000020     ti.targets.rts6000.ae674 : Startup.oe674 (.text:xdc_runtime_Startup_rtsDone__E)
                  1180ff80    00000020                              : SysMin.oe674 (.text:xdc_runtime_SysMin_ready__E)
                  1180ffa0    00000020     app_pe674.oe674 (.text:xdc_runtime_System_Module_GateProxy_enter__E)
                  1180ffc0    00000020     app_pe674.oe674 (.text:xdc_runtime_System_Module_GateProxy_leave__E)
                  1180ffe0    00000020     ti.targets.rts6000.ae674 : System.oe674 (.text:xdc_runtime_System_Module_startup__E)
                  11810000    00000020                              : System.oe674 (.text:xdc_runtime_System_vsnprintf__E)
                  11810020    00000020                              : Text.oe674 (.text:xdc_runtime_Text_ropeText__E)
                  11810040    00000020     app_pe674.oe674 (.text:xdc_runtime_Text_visitRope__I)

.far       0    11810060    00006a20     UNINITIALIZED
                  11810060    000013fc     SWI.obj (.far:L_dbuff)
                  1181145c    00000004     --HOLE--
                  11811460    000013fc     SWI.obj (.far:R_dbuff)
                  1181285c    00000004     --HOLE--
                  11812860    00001000     (.common:ti_sysbios_heaps_HeapMem_Instance_State_0_buf__A)
                  11813860    000008fc     SWI.obj (.far:L_dbuff2)
                  1181415c    00000004     --HOLE--
                  11814160    000008fc     SWI.obj (.far:R_dbuff2)
                  11814a5c    00000004     --HOLE--
                  11814a60    00000800     app_pe674.oe674 (.far:taskStackSection)
                  11815260    00000640     SWI.obj (.far:ping$3)
                  118158a0    00000640     SWI.obj (.far:pong$4)
                  11815ee0    00000320     SWI.obj (.far:r)
                  11816200    00000320     SWI.obj (.far:sine$2)
                  11816520    00000200     (.common:xdc_runtime_LoggerBuf_Instance_State_0_entryArr__A)
                  11816720    00000200     (.common:xdc_runtime_SysMin_Module_State_0_outbuf__A)
                  11816920    00000140     (.common:__TI_tmpnams)
                  11816a60    00000018     main.obj (.far:que$1)
                  11816a78    00000008     (.common:parmbuf)

.const     0    11816a80    00002b87     
                  11816a80    0000194a     app_pe674.oe674 (.const:xdc_runtime_Text_charTab__A)
                  118183ca    00000002     app_pe674.oe674 (.const:ti_sysbios_family_c64p_Cache_Module__id__C)
                  118183cc    00000004     rts6740_elf.lib : fputs.c.obj (.const:.string)
                  118183d0    000005e0     SWI.obj (.const:h2)
                  118189b0    00000518     sysbios.ae674 : BIOS.obj (.const:.string)
                  11818ec8    000000cc     app_pe674.oe674 (.const:xdc_runtime_Text_nodeTab__A)
                  11818f94    00000074     app_pe674.oe674 (.const:.string)
                  11819008    00000058     ti.targets.rts6000.ae674 : Error.oe674 (.const:.string)
                  11819060    00000040                              : Text.oe674 (.const:.string)
                  118190a0    0000003c     app_pe674.oe674 (.const:xdc_runtime_LoggerBuf_Module__FXNS__C)
                  118190dc    00000004     ti.targets.rts6000.ae674 : Assert.oe674 (.const:.string)
                  118190e0    00000030     app_pe674.oe674 (.const:xdc_runtime_Startup_sfxnTab__A)
                  11819110    0000002c     ti.targets.rts6000.ae674 : Startup.oe674 (.const:.string)
                  1181913c    00000028     app_pe674.oe674 (.const:ti_sysbios_heaps_HeapMem_Module__FXNS__C)
                  11819164    00000028     app_pe674.oe674 (.const:xdc_runtime_LoggerBuf_Object__PARAMS__C)
                  1181918c    00000024     app_pe674.oe674 (.const:ti_sysbios_gates_GateHwi_Module__FXNS__C)
                  118191b0    00000024     app_pe674.oe674 (.const:ti_sysbios_gates_GateMutex_Module__FXNS__C)
                  118191d4    00000024     app_pe674.oe674 (.const:ti_sysbios_heaps_HeapMem_Object__PARAMS__C)
                  118191f8    00000024     app_pe674.oe674 (.const:ti_sysbios_knl_Semaphore_Object__PARAMS__C)
                  1181921c    00000020     app_pe674.oe674 (.const:ti_sysbios_gates_GateHwi_Object__DESC__C)
                  1181923c    00000020     app_pe674.oe674 (.const:ti_sysbios_gates_GateMutex_Object__DESC__C)
                  1181925c    00000020     app_pe674.oe674 (.const:ti_sysbios_heaps_HeapMem_Object__DESC__C)
                  1181927c    00000020     app_pe674.oe674 (.const:ti_sysbios_knl_Queue_Object__DESC__C)
                  1181929c    00000020     app_pe674.oe674 (.const:ti_sysbios_knl_Semaphore_Object__DESC__C)
                  118192bc    00000020     app_pe674.oe674 (.const:xdc_runtime_LoggerBuf_Object__DESC__C)
                  118192dc    00000018     main.obj (.const:.string)
                  118192f4    00000018     ti.targets.rts6000.ae674 : System.oe674 (.const:.string)
                  1181930c    00000018     app_pe674.oe674 (.const:ti_sysbios_gates_GateHwi_Object__PARAMS__C)
                  11819324    00000018     app_pe674.oe674 (.const:ti_sysbios_gates_GateMutex_Object__PARAMS__C)
                  1181933c    00000018     app_pe674.oe674 (.const:ti_sysbios_knl_Queue_Object__PARAMS__C)
                  11819354    00000004     app_pe674.oe674 (.const:ti_sysbios_family_c64p_Cache_E_invalidL1CacheSize__C)
                  11819358    00000018     app_pe674.oe674 (.const:xdc_runtime_Startup_sfxnRts__A)
                  11819370    0000000c     app_pe674.oe674 (.const:ti_sysbios_knl_Idle_funcList__A)
                  1181937c    00000008     app_pe674.oe674 (.const:ti_sysbios_knl_Idle_funcList__C)
                  11819384    00000004     app_pe674.oe674 (.const:ti_sysbios_family_c64p_Cache_E_invalidL2CacheSize__C)
                  11819388    00000008     app_pe674.oe674 (.const:xdc_runtime_Startup_firstFxns__A)
                  11819390    00000008     app_pe674.oe674 (.const:xdc_runtime_Startup_firstFxns__C)
                  11819398    00000008     app_pe674.oe674 (.const:xdc_runtime_Startup_lastFxns__C)
                  118193a0    00000004     app_pe674.oe674 (.const:ti_sysbios_family_c64p_Cache_MAR0_31__C)
                  118193a4    00000004     app_pe674.oe674 (.const:ti_sysbios_family_c64p_Cache_MAR128_159__C)
                  118193a8    00000004     app_pe674.oe674 (.const:ti_sysbios_family_c64p_Cache_MAR160_191__C)
                  118193ac    00000004     app_pe674.oe674 (.const:ti_sysbios_family_c64p_Cache_MAR192_223__C)
                  118193b0    00000004     app_pe674.oe674 (.const:ti_sysbios_family_c64p_Cache_MAR224_255__C)
                  118193b4    00000004     app_pe674.oe674 (.const:ti_sysbios_family_c64p_Cache_MAR32_63__C)
                  118193b8    00000004     app_pe674.oe674 (.const:ti_sysbios_family_c64p_Cache_MAR64_95__C)
                  118193bc    00000004     app_pe674.oe674 (.const:ti_sysbios_family_c64p_Cache_MAR96_127__C)
                  118193c0    00000004     app_pe674.oe674 (.const:ti_sysbios_family_c64p_Exception_E_exceptionMax__C)
                  118193c4    00000004     app_pe674.oe674 (.const:ti_sysbios_family_c64p_Exception_exceptionHook__C)
                  118193c8    00000004     app_pe674.oe674 (.const:ti_sysbios_family_c64p_Exception_externalHook__C)
                  118193cc    00000004     app_pe674.oe674 (.const:ti_sysbios_family_c64p_Exception_internalHook__C)
                  118193d0    00000004     app_pe674.oe674 (.const:ti_sysbios_family_c64p_Exception_nmiHook__C)
                  118193d4    00000004     app_pe674.oe674 (.const:ti_sysbios_family_c64p_Hwi_LD_end__C)
                  118193d8    00000004     app_pe674.oe674 (.const:ti_sysbios_family_c64p_Hwi_LM_begin__C)
                  118193dc    00000004     app_pe674.oe674 (.const:ti_sysbios_family_c64p_Hwi_Module__diagsEnabled__C)
                  118193e0    00000004     app_pe674.oe674 (.const:ti_sysbios_family_c64p_Hwi_Module__diagsIncluded__C)
                  118193e4    00000004     app_pe674.oe674 (.const:ti_sysbios_family_c64p_Hwi_Module__diagsMask__C)
                  118193e8    00000004     app_pe674.oe674 (.const:ti_sysbios_family_c64p_Hwi_Module__loggerFxn1__C)
                  118193ec    00000004     app_pe674.oe674 (.const:ti_sysbios_family_c64p_Hwi_Module__loggerFxn8__C)
                  118193f0    00000004     app_pe674.oe674 (.const:ti_sysbios_family_c64p_Hwi_Module__loggerObj__C)
                  118193f4    00000004     app_pe674.oe674 (.const:ti_sysbios_gates_GateMutex_A_badContext__C)
                  118193f8    00000004     app_pe674.oe674 (.const:ti_sysbios_gates_GateMutex_Instance_State_sem__O)
                  118193fc    00000004     app_pe674.oe674 (.const:ti_sysbios_gates_GateMutex_Module__diagsEnabled__C)
                  11819400    00000004     app_pe674.oe674 (.const:ti_sysbios_gates_GateMutex_Module__diagsIncluded__C)
                  11819404    00000004     app_pe674.oe674 (.const:ti_sysbios_gates_GateMutex_Module__diagsMask__C)
                  11819408    00000004     app_pe674.oe674 (.const:ti_sysbios_hal_Hwi_E_stackOverflow__C)
                  1181940c    00000004     app_pe674.oe674 (.const:ti_sysbios_heaps_HeapMem_A_align__C)
                  11819410    00000004     app_pe674.oe674 (.const:ti_sysbios_heaps_HeapMem_A_heapSize__C)
                  11819414    00000004     app_pe674.oe674 (.const:ti_sysbios_heaps_HeapMem_A_invalidFree__C)
                  11819418    00000004     app_pe674.oe674 (.const:ti_sysbios_heaps_HeapMem_A_zeroBlock__C)
                  1181941c    00000004     app_pe674.oe674 (.const:ti_sysbios_heaps_HeapMem_E_memory__C)
                  11819420    00000004     app_pe674.oe674 (.const:ti_sysbios_heaps_HeapMem_Module__diagsEnabled__C)
                  11819424    00000004     app_pe674.oe674 (.const:ti_sysbios_heaps_HeapMem_Module__diagsIncluded__C)
                  11819428    00000004     app_pe674.oe674 (.const:ti_sysbios_heaps_HeapMem_Module__diagsMask__C)
                  1181942c    00000004     app_pe674.oe674 (.const:ti_sysbios_heaps_HeapMem_Module__gateObj__C)
                  11819430    00000004     app_pe674.oe674 (.const:ti_sysbios_heaps_HeapMem_Object__count__C)
                  11819434    00000004     app_pe674.oe674 (.const:ti_sysbios_heaps_HeapMem_reqAlign__C)
                  11819438    00000004     app_pe674.oe674 (.const:ti_sysbios_knl_Clock_LM_begin__C)
                  1181943c    00000004     app_pe674.oe674 (.const:ti_sysbios_knl_Clock_LM_tick__C)
                  11819440    00000004     app_pe674.oe674 (.const:ti_sysbios_knl_Clock_LW_delayed__C)
                  11819444    00000004     app_pe674.oe674 (.const:ti_sysbios_knl_Clock_Module_State_clockQ__O)
                  11819448    00000004     app_pe674.oe674 (.const:ti_sysbios_knl_Clock_Module__diagsEnabled__C)
                  1181944c    00000004     app_pe674.oe674 (.const:ti_sysbios_knl_Clock_Module__diagsIncluded__C)
                  11819450    00000004     app_pe674.oe674 (.const:ti_sysbios_knl_Clock_Module__diagsMask__C)
                  11819454    00000004     app_pe674.oe674 (.const:ti_sysbios_knl_Clock_Module__loggerFxn1__C)
                  11819458    00000004     app_pe674.oe674 (.const:ti_sysbios_knl_Clock_Module__loggerFxn2__C)
                  1181945c    00000004     app_pe674.oe674 (.const:ti_sysbios_knl_Clock_Module__loggerObj__C)
                  11819460    00000004     app_pe674.oe674 (.const:ti_sysbios_knl_Semaphore_A_badContext__C)
                  11819464    00000004     app_pe674.oe674 (.const:ti_sysbios_knl_Semaphore_A_noEvents__C)
                  11819468    00000004     app_pe674.oe674 (.const:ti_sysbios_knl_Semaphore_A_overflow__C)
                  1181946c    00000004     app_pe674.oe674 (.const:ti_sysbios_knl_Semaphore_A_pendTaskDisabled__C)
                  11819470    00000004     app_pe674.oe674 (.const:ti_sysbios_knl_Semaphore_Instance_State_pendQ__O)
                  11819474    00000004     app_pe674.oe674 (.const:ti_sysbios_knl_Semaphore_LM_pend__C)
                  11819478    00000004     app_pe674.oe674 (.const:ti_sysbios_knl_Semaphore_LM_post__C)
                  1181947c    00000004     app_pe674.oe674 (.const:ti_sysbios_knl_Semaphore_Module__diagsEnabled__C)
                  11819480    00000004     app_pe674.oe674 (.const:ti_sysbios_knl_Semaphore_Module__diagsIncluded__C)
                  11819484    00000004     app_pe674.oe674 (.const:ti_sysbios_knl_Semaphore_Module__diagsMask__C)
                  11819488    00000004     app_pe674.oe674 (.const:ti_sysbios_knl_Semaphore_Module__loggerFxn2__C)
                  1181948c    00000004     app_pe674.oe674 (.const:ti_sysbios_knl_Semaphore_Module__loggerFxn4__C)
                  11819490    00000004     app_pe674.oe674 (.const:ti_sysbios_knl_Semaphore_Module__loggerObj__C)
                  11819494    00000004     app_pe674.oe674 (.const:ti_sysbios_knl_Swi_LD_end__C)
                  11819498    00000004     app_pe674.oe674 (.const:ti_sysbios_knl_Swi_LM_begin__C)
                  1181949c    00000004     app_pe674.oe674 (.const:ti_sysbios_knl_Swi_LM_post__C)
                  118194a0    00000004     app_pe674.oe674 (.const:ti_sysbios_knl_Swi_Module__diagsEnabled__C)
                  118194a4    00000004     app_pe674.oe674 (.const:ti_sysbios_knl_Swi_Module__diagsIncluded__C)
                  118194a8    00000004     app_pe674.oe674 (.const:ti_sysbios_knl_Swi_Module__diagsMask__C)
                  118194ac    00000004     app_pe674.oe674 (.const:ti_sysbios_knl_Swi_Module__loggerFxn1__C)
                  118194b0    00000004     app_pe674.oe674 (.const:ti_sysbios_knl_Swi_Module__loggerFxn4__C)
                  118194b4    00000004     app_pe674.oe674 (.const:ti_sysbios_knl_Swi_Module__loggerObj__C)
                  118194b8    00000004     app_pe674.oe674 (.const:ti_sysbios_knl_Swi_Object__count__C)
                  118194bc    00000004     app_pe674.oe674 (.const:ti_sysbios_knl_Task_E_spOutOfBounds__C)
                  118194c0    00000004     app_pe674.oe674 (.const:ti_sysbios_knl_Task_E_stackOverflow__C)
                  118194c4    00000004     app_pe674.oe674 (.const:ti_sysbios_knl_Task_LD_block__C)
                  118194c8    00000004     app_pe674.oe674 (.const:ti_sysbios_knl_Task_LD_exit__C)
                  118194cc    00000004     app_pe674.oe674 (.const:ti_sysbios_knl_Task_LD_ready__C)
                  118194d0    00000004     app_pe674.oe674 (.const:ti_sysbios_knl_Task_LM_switch__C)
                  118194d4    00000004     app_pe674.oe674 (.const:ti_sysbios_knl_Task_Module_State_inactiveQ__O)
                  118194d8    00000004     app_pe674.oe674 (.const:ti_sysbios_knl_Task_Module__diagsEnabled__C)
                  118194dc    00000004     app_pe674.oe674 (.const:ti_sysbios_knl_Task_Module__diagsIncluded__C)
                  118194e0    00000004     app_pe674.oe674 (.const:ti_sysbios_knl_Task_Module__diagsMask__C)
                  118194e4    00000004     app_pe674.oe674 (.const:ti_sysbios_knl_Task_Module__loggerFxn2__C)
                  118194e8    00000004     app_pe674.oe674 (.const:ti_sysbios_knl_Task_Module__loggerFxn4__C)
                  118194ec    00000004     app_pe674.oe674 (.const:ti_sysbios_knl_Task_Module__loggerObj__C)
                  118194f0    00000004     app_pe674.oe674 (.const:ti_sysbios_knl_Task_Object__count__C)
                  118194f4    00000004     app_pe674.oe674 (.const:ti_sysbios_knl_Task_allBlockedFunc__C)
                  118194f8    00000004     app_pe674.oe674 (.const:ti_sysbios_knl_Task_numConstructedTasks__C)
                  118194fc    00000004     app_pe674.oe674 (.const:ti_sysbios_timers_timer64_Timer_A_notAvailable__C)
                  11819500    00000004     app_pe674.oe674 (.const:ti_sysbios_timers_timer64_Timer_E_cannotSupport__C)
                  11819504    00000004     app_pe674.oe674 (.const:ti_sysbios_timers_timer64_Timer_Module__diagsEnabled__C)
                  11819508    00000004     app_pe674.oe674 (.const:ti_sysbios_timers_timer64_Timer_Module__diagsIncluded__C)
                  1181950c    00000004     app_pe674.oe674 (.const:ti_sysbios_timers_timer64_Timer_Module__diagsMask__C)
                  11819510    00000004     app_pe674.oe674 (.const:ti_sysbios_timers_timer64_Timer_anyMaskHigh__C)
                  11819514    00000004     app_pe674.oe674 (.const:ti_sysbios_timers_timer64_Timer_anyMask__C)
                  11819518    00000004     app_pe674.oe674 (.const:ti_sysbios_timers_timer64_Timer_freqDivisor__C)
                  1181951c    00000004     app_pe674.oe674 (.const:ti_sysbios_timers_timer64_Timer_numLocalTimers__C)
                  11819520    00000004     app_pe674.oe674 (.const:ti_sysbios_timers_timer64_Timer_numTimerDevices__C)
                  11819524    00000004     app_pe674.oe674 (.const:xdc_runtime_Assert_E_assertFailed__C)
                  11819528    00000004     app_pe674.oe674 (.const:xdc_runtime_Core_A_initializedParams__C)
                  1181952c    00000004     app_pe674.oe674 (.const:xdc_runtime_Core_Module__diagsEnabled__C)
                  11819530    00000004     app_pe674.oe674 (.const:xdc_runtime_Core_Module__diagsIncluded__C)
                  11819534    00000004     app_pe674.oe674 (.const:xdc_runtime_Core_Module__diagsMask__C)
                  11819538    00000004     app_pe674.oe674 (.const:xdc_runtime_Error_E_memory__C)
                  1181953c    00000004     app_pe674.oe674 (.const:xdc_runtime_Error_Module__diagsEnabled__C)
                  11819540    00000004     app_pe674.oe674 (.const:xdc_runtime_Error_Module__diagsIncluded__C)
                  11819544    00000004     app_pe674.oe674 (.const:xdc_runtime_Error_Module__diagsMask__C)
                  11819548    00000004     app_pe674.oe674 (.const:xdc_runtime_Error_Module__loggerFxn8__C)
                  1181954c    00000004     app_pe674.oe674 (.const:xdc_runtime_Error_Module__loggerObj__C)
                  11819550    00000004     app_pe674.oe674 (.const:xdc_runtime_Error_policyFxn__C)
                  11819554    00000004     app_pe674.oe674 (.const:xdc_runtime_Error_policy__C)
                  11819558    00000004     app_pe674.oe674 (.const:xdc_runtime_Error_raiseHook__C)
                  1181955c    00000004     app_pe674.oe674 (.const:xdc_runtime_IFilterLogger_Interface__BASE__C)
                  11819560    00000004     app_pe674.oe674 (.const:xdc_runtime_IGateProvider_Interface__BASE__C)
                  11819564    00000004     app_pe674.oe674 (.const:xdc_runtime_IHeap_Interface__BASE__C)
                  11819568    00000004     app_pe674.oe674 (.const:xdc_runtime_ILogger_Interface__BASE__C)
                  1181956c    00000004     app_pe674.oe674 (.const:xdc_runtime_IModule_Interface__BASE__C)
                  11819570    00000004     app_pe674.oe674 (.const:xdc_runtime_Log_L_error__C)
                  11819574    00000004     app_pe674.oe674 (.const:xdc_runtime_LoggerBuf_E_badLevel__C)
                  11819578    00000004     app_pe674.oe674 (.const:xdc_runtime_LoggerBuf_Module__gateObj__C)
                  1181957c    00000004     app_pe674.oe674 (.const:xdc_runtime_LoggerBuf_Object__count__C)
                  11819580    00000004     app_pe674.oe674 (.const:xdc_runtime_LoggerBuf_statusLogger__C)
                  11819584    00000004     app_pe674.oe674 (.const:xdc_runtime_Memory_defaultHeapInstance__C)
                  11819588    00000004     app_pe674.oe674 (.const:xdc_runtime_Startup_execImpl__C)
                  1181958c    00000004     app_pe674.oe674 (.const:xdc_runtime_Startup_maxPasses__C)
                  11819590    00000004     app_pe674.oe674 (.const:xdc_runtime_Startup_sfxnRts__C)
                  11819594    00000004     app_pe674.oe674 (.const:xdc_runtime_Startup_sfxnTab__C)
                  11819598    00000004     app_pe674.oe674 (.const:xdc_runtime_SysMin_bufSize__C)
                  1181959c    00000004     app_pe674.oe674 (.const:xdc_runtime_SysMin_outputFunc__C)
                  118195a0    00000004     app_pe674.oe674 (.const:xdc_runtime_System_Module__gateObj__C)
                  118195a4    00000004     app_pe674.oe674 (.const:xdc_runtime_System_abortFxn__C)
                  118195a8    00000004     app_pe674.oe674 (.const:xdc_runtime_System_exitFxn__C)
                  118195ac    00000004     app_pe674.oe674 (.const:xdc_runtime_System_extendFxn__C)
                  118195b0    00000004     app_pe674.oe674 (.const:xdc_runtime_System_maxAtexitHandlers__C)
                  118195b4    00000004     app_pe674.oe674 (.const:xdc_runtime_Text_charTab__C)
                  118195b8    00000004     app_pe674.oe674 (.const:xdc_runtime_Text_nameEmpty__C)
                  118195bc    00000004     app_pe674.oe674 (.const:xdc_runtime_Text_nameStatic__C)
                  118195c0    00000004     app_pe674.oe674 (.const:xdc_runtime_Text_nameUnknown__C)
                  118195c4    00000004     app_pe674.oe674 (.const:xdc_runtime_Text_nodeTab__C)
                  118195c8    00000004     app_pe674.oe674 (.const:xdc_runtime_Text_visitRopeFxn__C)
                  118195cc    00000002     app_pe674.oe674 (.const:ti_sysbios_family_c64p_Exception_Module__id__C)
                  118195ce    00000002     app_pe674.oe674 (.const:ti_sysbios_family_c64p_Exception_useInternalBuffer__C)
                  118195d0    00000002     app_pe674.oe674 (.const:ti_sysbios_family_c64p_Hwi_Module__id__C)
                  118195d2    00000002     app_pe674.oe674 (.const:ti_sysbios_family_c64p_Hwi_Module__loggerDefined__C)
                  118195d4    00000002     app_pe674.oe674 (.const:ti_sysbios_gates_GateMutex_Module__id__C)
                  118195d6    00000002     app_pe674.oe674 (.const:ti_sysbios_hal_Hwi_Module__id__C)
                  118195d8    00000002     app_pe674.oe674 (.const:ti_sysbios_heaps_HeapMem_Module__id__C)
                  118195da    00000002     app_pe674.oe674 (.const:ti_sysbios_knl_Clock_Module__id__C)
                  118195dc    00000002     app_pe674.oe674 (.const:ti_sysbios_knl_Clock_Module__loggerDefined__C)
                  118195de    00000002     app_pe674.oe674 (.const:ti_sysbios_knl_Semaphore_Module__id__C)
                  118195e0    00000002     app_pe674.oe674 (.const:ti_sysbios_knl_Semaphore_Module__loggerDefined__C)
                  118195e2    00000002     app_pe674.oe674 (.const:ti_sysbios_knl_Swi_Module__id__C)
                  118195e4    00000002     app_pe674.oe674 (.const:ti_sysbios_knl_Swi_Module__loggerDefined__C)
                  118195e6    00000002     app_pe674.oe674 (.const:ti_sysbios_knl_Task_Module__id__C)
                  118195e8    00000002     app_pe674.oe674 (.const:ti_sysbios_knl_Task_Module__loggerDefined__C)
                  118195ea    00000002     app_pe674.oe674 (.const:ti_sysbios_timers_timer64_Timer_Module__id__C)
                  118195ec    00000002     app_pe674.oe674 (.const:ti_sysbios_timers_timer64_Timer_startupNeeded__C)
                  118195ee    00000002     app_pe674.oe674 (.const:ti_sysbios_timers_timer64_Timer_useTimer64pRegMap__C)
                  118195f0    00000002     app_pe674.oe674 (.const:xdc_runtime_Core_Module__id__C)
                  118195f2    00000002     app_pe674.oe674 (.const:xdc_runtime_Error_Module__loggerDefined__C)
                  118195f4    00000002     app_pe674.oe674 (.const:xdc_runtime_Error_maxDepth__C)
                  118195f6    00000002     app_pe674.oe674 (.const:xdc_runtime_LoggerBuf_Module__id__C)
                  118195f8    00000002     app_pe674.oe674 (.const:xdc_runtime_LoggerBuf_filterByLevel__C)
                  118195fa    00000002     app_pe674.oe674 (.const:xdc_runtime_Memory_Module__id__C)
                  118195fc    00000002     app_pe674.oe674 (.const:xdc_runtime_SysMin_flushAtExit__C)
                  118195fe    00000002     app_pe674.oe674 (.const:xdc_runtime_Text_charCnt__C)
                  11819600    00000002     app_pe674.oe674 (.const:xdc_runtime_Text_isLoaded__C)
                  11819602    00000002     app_pe674.oe674 (.const:xdc_runtime_Text_registryModsLastId__C)
                  11819604    00000002     app_pe674.oe674 (.const:xdc_runtime_Text_unnamedModsLastId__C)
                  11819606    00000001     app_pe674.oe674 (.const:ti_sysbios_timers_timer64_Timer_localTimerBaseId__C)

.fardata   0    1181b608    000008c4     UNINITIALIZED
                  1181b608    000001e0     rts6740_elf.lib : defs.c.obj (.fardata:_ftable)
                  1181b7e8    000000a0                     : write.c.obj (.fardata:_stream)
                  1181b888    00000080     app_pe674.oe674 (.fardata:ti_sysbios_knl_Swi_Module_State_0_readyQ__A)
                  1181b908    00000080     app_pe674.oe674 (.fardata:ti_sysbios_knl_Task_Module_State_0_readyQ__A)
                  1181b988    00000078     rts6740_elf.lib : write.c.obj (.fardata:_device)
                  1181ba00    0000006c     app_pe674.oe674 (.fardata:ti_sysbios_family_c64p_Hwi_Module__state__V)
                  1181ba6c    00000004     rts6740_elf.lib : _lock.c.obj (.fardata:_lock)
                  1181ba70    00000060     app_pe674.oe674 (.fardata:ti_sysbios_knl_Swi_Object__table__V)
                  1181bad0    00000060     app_pe674.oe674 (.fardata:ti_sysbios_timers_timer64_Timer_Module_State_0_device__A)
                  1181bb30    0000005c     app_pe674.oe674 (.fardata:ti_sysbios_knl_Task_Object__table__V)
                  1181bb8c    00000004     rts6740_elf.lib : _lock.c.obj (.fardata:_unlock)
                  1181bb90    00000050     app_pe674.oe674 (.fardata:ti_sysbios_timers_timer64_Timer_Object__table__V)
                  1181bbe0    00000048     app_pe674.oe674 (.fardata:ti_sysbios_knl_Task_Module__state__V)
                  1181bc28    00000040     app_pe674.oe674 (.fardata:ti_sysbios_gates_GateMutex_Object__table__V)
                  1181bc68    00000030     app_pe674.oe674 (.fardata:ti_sysbios_family_c64p_Exception_Module__state__V)
                  1181bc98    00000030     app_pe674.oe674 (.fardata:ti_sysbios_family_c64p_Hwi_Object__table__V)
                  1181bcc8    0000002c     app_pe674.oe674 (.fardata:ti_sysbios_knl_Clock_Module__state__V)
                  1181bcf4    00000024     app_pe674.oe674 (.fardata:ti_sysbios_BIOS_Module__state__V)
                  1181bd18    00000024     app_pe674.oe674 (.fardata:xdc_runtime_LoggerBuf_Object__table__V)
                  1181bd3c    00000004     rts6740_elf.lib : defs.c.obj (.fardata)
                  1181bd40    00000020     app_pe674.oe674 (.fardata:ti_sysbios_timers_timer64_Timer_Module_State_0_gctrl__A)
                  1181bd60    00000020     app_pe674.oe674 (.fardata:ti_sysbios_timers_timer64_Timer_Module_State_0_handles__A)
                  1181bd80    00000020     app_pe674.oe674 (.fardata:ti_sysbios_timers_timer64_Timer_Module_State_0_intFreqs__A)
                  1181bda0    00000020     app_pe674.oe674 (.fardata:xdc_runtime_Error_IgnoreBlock)
                  1181bdc0    0000001c     app_pe674.oe674 (.fardata:ti_sysbios_knl_Swi_Module__state__V)
                  1181bddc    00000004     app_pe674.oe674 (.fardata:ti_sysbios_family_c64p_Cache_Module__state__V)
                  1181bde0    00000018     app_pe674.oe674 (.fardata:ti_sysbios_heaps_HeapMem_Object__table__V)
                  1181bdf8    00000018     app_pe674.oe674 (.fardata:ti_sysbios_timers_timer64_Timer_Module__state__V)
                  1181be10    00000010     rts6740_elf.lib : sinf.c.obj (.fardata:R$1)
                  1181be20    00000010     app_pe674.oe674 (.fardata:ti_sysbios_hal_Hwi_Object__table__V)
                  1181be30    00000010     app_pe674.oe674 (.fardata:xdc_runtime_System_Module_State_0_atexitHandlers__A)
                  1181be40    0000000c     rts6740_elf.lib : exit.c.obj (.fardata)
                  1181be4c    0000000c     app_pe674.oe674 (.fardata:xdc_runtime_SysMin_Module__state__V)
                  1181be58    00000008     app_pe674.oe674 (.fardata:ti_sysbios_family_c64p_primus_TimerSupport_Module_State_0_suspSrc__A)
                  1181be60    00000008     app_pe674.oe674 (.fardata:ti_sysbios_gates_GateHwi_Module__root__V)
                  1181be68    00000008     app_pe674.oe674 (.fardata:ti_sysbios_gates_GateMutex_Module__root__V)
                  1181be70    00000008     app_pe674.oe674 (.fardata:ti_sysbios_heaps_HeapMem_Module__root__V)
                  1181be78    00000008     app_pe674.oe674 (.fardata:ti_sysbios_knl_Queue_Module__root__V)
                  1181be80    00000008     app_pe674.oe674 (.fardata:ti_sysbios_knl_Queue_Object__table__V)
                  1181be88    00000008     app_pe674.oe674 (.fardata:ti_sysbios_knl_Semaphore_Module__root__V)
                  1181be90    00000008     app_pe674.oe674 (.fardata:xdc_runtime_LoggerBuf_Module__root__V)
                  1181be98    00000008     app_pe674.oe674 (.fardata:xdc_runtime_Registry_Module__state__V)
                  1181bea0    00000008     app_pe674.oe674 (.fardata:xdc_runtime_Startup_Module__state__V)
                  1181bea8    00000008     app_pe674.oe674 (.fardata:xdc_runtime_System_Module__state__V)
                  1181beb0    00000006     app_pe674.oe674 (.fardata:xdc_runtime_LoggerBuf_Module__state__V)
                  1181beb6    00000002     app_pe674.oe674 (.fardata:xdc_runtime_Error_Module__state__V)
                  1181beb8    00000004     app_pe674.oe674 (.fardata:ti_sysbios_family_c64p_primus_TimerSupport_Module__state__V)
                  1181bebc    00000004     app_pe674.oe674 (.fardata:xdc_runtime_Memory_Module__state__V)
                  1181bec0    00000004     app_pe674.oe674 (.fardata:ti_sysbios_gates_GateHwi_Object__table__V)
                  1181bec4    00000004     --HOLE--
                  1181bec8    00000004     app_pe674.oe674 (.fardata:ti_sysbios_knl_Task_Module_State_0_idleTask__A)

.cio       0    1181bed0    00000120     UNINITIALIZED
                  1181bed0    00000120     rts6740_elf.lib : trgmsg.c.obj (.cio)

.switch.1 
*          0    1181bff0    00000010     
                  1181bff0    00000010     LED_DIPSW.obj (.switch:LED_Off)

.switch.2 
*          0    1181c200    00000020     
                  1181c200    00000010     LED_DIPSW.obj (.switch:LED_On)
                  1181c210    00000010     LED_DIPSW.obj (.switch:LED_Toggle)

MODULE SUMMARY

       Module                       code    ro data   rw data
       ------                       ----    -------   -------
    .\
       SWI.obj                      1472    1504      19640  
       Filter.obj                   1120    0         0      
       main.obj                     448     24        24     
       HWI.obj                      288     0         8      
    +--+----------------------------+-------+---------+---------+
       Total:                       3328    1528      19672  
                                                             
    .\lib\
       Codec.obj                    2016    0         0      
       McASP.obj                    1824    0         4      
       LED_DIPSW.obj                864     48        0      
       I2C.obj                      576     0         0      
       Init.obj                     576     0         0      
       GPIO.obj                     416     0         4      
       EDMA_McASP.obj               320     0         4      
       sine.obj                     160     0         0      
    +--+----------------------------+-------+---------+---------+
       Total:                       6752    48        12     
                                                             
    D:\workspace_v9\TEST1\Debug\configPkg\package\cfg\
       app_pe674.oe674              4704    8099      8608   
    +--+----------------------------+-------+---------+---------+
       Total:                       4704    8099      8608   
                                                             
    C:\ti\bios_6_76_02_02\packages\ti\targets\rts6000\lib\boot.ae674
       autoinit.oe674               384     0         0      
       boot.oe674                   160     0         0      
    +--+----------------------------+-------+---------+---------+
       Total:                       544     0         0      
                                                             
    C:\ti\bios_6_76_02_02\packages\ti\targets\rts6000\lib\ti.targets.rts6000.ae674
       System.oe674                 3232    24        0      
       LoggerBuf.oe674              2560    0         0      
       Text.oe674                   1824    64        0      
       Error.oe674                  1184    88        0      
       Startup.oe674                896     44        0      
       Core-mem.oe674               896     0         0      
       SysMin.oe674                 704     0         0      
       Memory.oe674                 448     0         0      
       Core-smem.oe674              416     0         0      
       Assert.oe674                 192     4         0      
       Core-params.oe674            160     0         0      
       Core-label.oe674             128     0         0      
       Gate.oe674                   64      0         0      
       Registry.oe674               64      0         0      
    +--+----------------------------+-------+---------+---------+
       Total:                       12768   224       0      
                                                             
    C:\ti\ccs901\ccs\tools\compiler\ti-cgt-c6000_8.3.2\lib\rts6740_elf.lib
       fputs.c.obj                  864     4         0      
       defs.c.obj                   0       0         804    
       imath64.c.obj                704     0         0      
       divf.c.obj                   640     0         0      
       sinf.c.obj                   608     0         16     
       trgmsg.c.obj                 224     0         288    
       getdevice.c.obj              448     0         0      
       setvbuf.c.obj                448     0         0      
       hostrename.c.obj             416     0         0      
       write.c.obj                  96      0         280    
       copy_decompress_rle.c.obj    288     0         0      
       exit.c.obj                   256     0         12     
       cpy_tbl.c.obj                256     0         0      
       fclose.c.obj                 256     0         0      
       fseek.c.obj                  256     0         0      
       hostopen.c.obj               224     0         8      
       _io_perm.c.obj               224     0         0      
       close.c.obj                  224     0         0      
       divi.asm.obj                 224     0         0      
       hostlseek.c.obj              224     0         0      
       hostwrite.c.obj              224     0         0      
       llshift.c.obj                224     0         0      
       memset.c.obj                 224     0         0      
       divu.asm.obj                 192     0         0      
       fflush.c.obj                 192     0         0      
       hostread.c.obj               192     0         0      
       hostunlink.c.obj             192     0         0      
       tls.c.obj                    192     0         0      
       fopen.c.obj                  160     0         0      
       hostclose.c.obj              160     0         0      
       memcpy64.asm.obj             160     0         0      
       remu.asm.obj                 160     0         0      
       roundf.c.obj                 128     0         0      
       unlink.c.obj                 128     0         0      
       _lock.c.obj                  96      0         8      
       lseek.c.obj                  96      0         0      
       modff.c.obj                  96      0         0      
       args_main.c.obj              64      0         0      
       push.asm.obj                 64      0         0      
       copy_decompress_none.c.obj   32      0         0      
       startup.c.obj                32      0         0      
       truncf.c.obj                 32      0         0      
    +--+----------------------------+-------+---------+---------+
       Total:                       9920    4         1416   
                                                             
    C:\ti\dsplib_c674x_3_4_0_0\packages\ti\dsplib\lib\dsplib.ae674
       DSPF_sp_fir_gen.oe674        416     0         0      
       DSPF_sp_dotprod.oe674        288     0         0      
    +--+----------------------------+-------+---------+---------+
       Total:                       704     0         0      
                                                             
    D:\workspace_v9\TEST1\src\sysbios\sysbios.ae674
       BIOS.obj                     26112   1304      0      
       c64p_Hwi_disp_always.obj     512     0         0      
       c64p_Exception_asm.obj       384     0         0      
       c62_TaskSupport_asm.obj      224     0         0      
       c64p_Hwi_asm_switch.obj      192     0         0      
    +--+----------------------------+-------+---------+---------+
       Total:                       27424   1304      0      
                                                             
       Stack:                       0       0         8192   
       Linker Generated:            0       1175      0      
    +--+----------------------------+-------+---------+---------+
       Grand Total:                 66144   12382     37900  


LINKER GENERATED COPY TABLES

__TI_cinit_table @ 1181c6c8 records: 4, size/record: 8, table size: 32
	.fardata: load addr=1181c250, load size=00000436 bytes, run addr=1181b608, run size=000008c4 bytes, compression=rle
	.neardata: load addr=1181c686, load size=00000018 bytes, run addr=1181c220, run size=0000001c bytes, compression=rle
	.rodata: load addr=1181c69e, load size=00000016 bytes, run addr=1181c23c, run size=00000010 bytes, compression=rle
	.far: load addr=1181c6b4, load size=0000000b bytes, run addr=11810060, run size=00006a20 bytes, compression=rle


LINKER GENERATED HANDLER TABLE

__TI_handler_table @ 1181c6c0 records: 2, size/record: 4, table size: 8
	index: 0, handler: __TI_decompress_rle24
	index: 1, handler: __TI_decompress_none


GLOBAL SYMBOLS: SORTED ALPHABETICALLY BY Name 

address   name                                                                
-------   ----                                                                
1180f880  C$$EXIT                                                             
1180e558  C$$IO$$                                                             
118038a4  ClearBufferAll                                                      
118047f0  ClearFilterBuf                                                      
11800d2c  CodecInit                                                           
11800d04  CodecInputGain                                                      
11800bc0  CodecInputSelect                                                    
11800b8c  CodecOutputAttenuation                                              
11800a84  CodecSampleRate44100                                                
11800964  CodecSampleRate48000                                                
11800954  CodecSetHPFilter                                                    
1180a0a0  ConfigEDMAForR                                                      
1180a024  ConfigEDMAForX                                                      
118022b4  ConfigMcASP                                                         
1180aae0  DSPF_sp_dotprod                                                     
11808f00  DSPF_sp_fir_gen                                                     
1180a8f8  EDMA3_CC_ISR                                                        
11809fe0  EDMAReset                                                           
11804734  FIRFilter                                                           
118045ac  FIRFilterDSPLib                                                     
11808d38  GPIO_ClearInterruptState                                            
11808d08  GPIO_EnableInterrupt                                                
11808cd8  GPIO_GetInput                                                       
11808c68  GPIO_InterruptEdge                                                  
11808c30  GPIO_InterruptState                                                 
11808be8  GPIO_SetDirection                                                   
11808bc0  GPIO_SetOutput                                                      
1180d020  GenSine                                                             
11804b08  GetDIP_AllStatus                                                    
11804af4  GetDIP_Status                                                       
11804ae4  GetPushButton_Status                                                
11802278  GlobalResetMcASP                                                    
1181c234  GpioRegs                                                            
1180cc60  HOSTclose                                                           
1180b760  HOSTlseek                                                           
1180b840  HOSTopen                                                            
1180c1e0  HOSTread                                                            
11808d60  HOSTrename                                                          
1180c2a0  HOSTunlink                                                          
1180b920  HOSTwrite                                                           
1181c240  HWI_INT5                                                            
11806d8c  I2C_Init                                                            
11806c80  I2C_Read                                                            
11806ba0  I2C_Write                                                           
118043c0  IIRFilter                                                           
1180a8a0  IdleLED                                                             
11803880  IdlePButton                                                         
11801fcc  InitMcASP                                                           
118037c8  InitQue                                                             
118049e0  LED_DIPSW_Init                                                      
1180496c  LED_Off                                                             
11804900  LED_On                                                              
11804820  LED_Toggle                                                          
11803340  ProcessSWI                                                          
11801f8c  RResetMcASP                                                         
1181c248  RT_Que                                                              
118008c0  ResetCodec                                                          
11806de0  SysConfigForPinMux                                                  
11801f40  XResetMcASP                                                         
11800000  __ASM__                                                             
1181bed0  __CIOBUF_                                                           
11800050  __ISA__                                                             
11800068  __PLAT__                                                            
11800080  __TARG__                                                            
1181c6c8  __TI_CINIT_Base                                                     
1181c6e8  __TI_CINIT_Limit                                                    
1181c6c0  __TI_Handler_Table_Base                                             
1181c6c8  __TI_Handler_Table_Limit                                            
UNDEFED   __TI_INITARRAY_Base                                                 
UNDEFED   __TI_INITARRAY_Limit                                                
1181b608  __TI_STACK_END                                                      
00002000  __TI_STACK_SIZE                                                     
1181c220  __TI_STATIC_BASE                                                    
UNDEFED   __TI_TLS_INIT_Base                                                  
UNDEFED   __TI_TLS_INIT_Limit                                                 
1180cd00  __TI_cleanup                                                        
1181be40  __TI_cleanup_ptr                                                    
1180af60  __TI_closefile                                                      
1180f8a0  __TI_decompress_none                                                
1180f8c0  __TI_decompress_rle24                                               
1180c360  __TI_doflush                                                        
1181be44  __TI_dtors_ptr                                                      
1181be48  __TI_enable_exit_profile_output                                     
1181bd3c  __TI_ft_end                                                         
ffffffff  __TI_pprof_out_hndl                                                 
ffffffff  __TI_prof_data_size                                                 
ffffffff  __TI_prof_data_start                                                
1180d700  __TI_readmsg                                                        
1180c7e0  __TI_tls_init                                                       
11816920  __TI_tmpnams                                                        
1180e500  __TI_writemsg                                                       
1180ba00  __TI_wrt_ok                                                         
118000a8  __TRDR__                                                            
ffffffff  __binit__                                                           
11805d40  __c6xabi_divf                                                       
1180bae0  __c6xabi_divi                                                       
1180c420  __c6xabi_divu                                                       
11805fc0  __c6xabi_divull                                                     
1180d780  __c6xabi_llshl                                                      
1180e560  __c6xabi_llshru                                                     
[...]
118193c8  ti_sysbios_family_c64p_Exception_externalHook__C                    
118193cc  ti_sysbios_family_c64p_Exception_internalHook__C                    
118193d0  ti_sysbios_family_c64p_Exception_nmiHook__C                         
118193d4  ti_sysbios_family_c64p_Hwi_LD_end__C                                
118193d8  ti_sysbios_family_c64p_Hwi_LM_begin__C                              
118193dc  ti_sysbios_family_c64p_Hwi_Module__diagsEnabled__C                  
118193e0  ti_sysbios_family_c64p_Hwi_Module__diagsIncluded__C                 
118193e4  ti_sysbios_family_c64p_Hwi_Module__diagsMask__C                     
118193e8  ti_sysbios_family_c64p_Hwi_Module__loggerFxn1__C                    
118193ec  ti_sysbios_family_c64p_Hwi_Module__loggerFxn8__C                    
118193f0  ti_sysbios_family_c64p_Hwi_Module__loggerObj__C                     
118193f4  ti_sysbios_gates_GateMutex_A_badContext__C                          
118193f8  ti_sysbios_gates_GateMutex_Instance_State_sem__O                    
118193fc  ti_sysbios_gates_GateMutex_Module__diagsEnabled__C                  
11819400  ti_sysbios_gates_GateMutex_Module__diagsIncluded__C                 
11819404  ti_sysbios_gates_GateMutex_Module__diagsMask__C                     
11819408  ti_sysbios_hal_Hwi_E_stackOverflow__C                               
1181940c  ti_sysbios_heaps_HeapMem_A_align__C                                 
11819410  ti_sysbios_heaps_HeapMem_A_heapSize__C                              
11819414  ti_sysbios_heaps_HeapMem_A_invalidFree__C                           
11819418  ti_sysbios_heaps_HeapMem_A_zeroBlock__C                             
1181941c  ti_sysbios_heaps_HeapMem_E_memory__C                                
11819420  ti_sysbios_heaps_HeapMem_Module__diagsEnabled__C                    
11819424  ti_sysbios_heaps_HeapMem_Module__diagsIncluded__C                   
11819428  ti_sysbios_heaps_HeapMem_Module__diagsMask__C                       
1181942c  ti_sysbios_heaps_HeapMem_Module__gateObj__C                         
11819430  ti_sysbios_heaps_HeapMem_Object__count__C                           
11819434  ti_sysbios_heaps_HeapMem_reqAlign__C                                
11819438  ti_sysbios_knl_Clock_LM_begin__C                                    
1181943c  ti_sysbios_knl_Clock_LM_tick__C                                     
11819440  ti_sysbios_knl_Clock_LW_delayed__C                                  
11819444  ti_sysbios_knl_Clock_Module_State_clockQ__O                         
11819448  ti_sysbios_knl_Clock_Module__diagsEnabled__C                        
1181944c  ti_sysbios_knl_Clock_Module__diagsIncluded__C                       
11819450  ti_sysbios_knl_Clock_Module__diagsMask__C                           
11819454  ti_sysbios_knl_Clock_Module__loggerFxn1__C                          
11819458  ti_sysbios_knl_Clock_Module__loggerFxn2__C                          
1181945c  ti_sysbios_knl_Clock_Module__loggerObj__C                           
11819460  ti_sysbios_knl_Semaphore_A_badContext__C                            
11819464  ti_sysbios_knl_Semaphore_A_noEvents__C                              
11819468  ti_sysbios_knl_Semaphore_A_overflow__C                              
1181946c  ti_sysbios_knl_Semaphore_A_pendTaskDisabled__C                      
11819470  ti_sysbios_knl_Semaphore_Instance_State_pendQ__O                    
11819474  ti_sysbios_knl_Semaphore_LM_pend__C                                 
11819478  ti_sysbios_knl_Semaphore_LM_post__C                                 
1181947c  ti_sysbios_knl_Semaphore_Module__diagsEnabled__C                    
11819480  ti_sysbios_knl_Semaphore_Module__diagsIncluded__C                   
11819484  ti_sysbios_knl_Semaphore_Module__diagsMask__C                       
11819488  ti_sysbios_knl_Semaphore_Module__loggerFxn2__C                      
1181948c  ti_sysbios_knl_Semaphore_Module__loggerFxn4__C                      
11819490  ti_sysbios_knl_Semaphore_Module__loggerObj__C                       
11819494  ti_sysbios_knl_Swi_LD_end__C                                        
11819498  ti_sysbios_knl_Swi_LM_begin__C                                      
1181949c  ti_sysbios_knl_Swi_LM_post__C                                       
118194a0  ti_sysbios_knl_Swi_Module__diagsEnabled__C                          
118194a4  ti_sysbios_knl_Swi_Module__diagsIncluded__C                         
118194a8  ti_sysbios_knl_Swi_Module__diagsMask__C                             
118194ac  ti_sysbios_knl_Swi_Module__loggerFxn1__C                            
118194b0  ti_sysbios_knl_Swi_Module__loggerFxn4__C                            
118194b4  ti_sysbios_knl_Swi_Module__loggerObj__C                             
118194b8  ti_sysbios_knl_Swi_Object__count__C                                 
118194bc  ti_sysbios_knl_Task_E_spOutOfBounds__C                              
118194c0  ti_sysbios_knl_Task_E_stackOverflow__C                              
118194c4  ti_sysbios_knl_Task_LD_block__C                                     
118194c8  ti_sysbios_knl_Task_LD_exit__C                                      
118194cc  ti_sysbios_knl_Task_LD_ready__C                                     
118194d0  ti_sysbios_knl_Task_LM_switch__C                                    
118194d4  ti_sysbios_knl_Task_Module_State_inactiveQ__O                       
118194d8  ti_sysbios_knl_Task_Module__diagsEnabled__C                         
118194dc  ti_sysbios_knl_Task_Module__diagsIncluded__C                        
118194e0  ti_sysbios_knl_Task_Module__diagsMask__C                            
118194e4  ti_sysbios_knl_Task_Module__loggerFxn2__C                           
118194e8  ti_sysbios_knl_Task_Module__loggerFxn4__C                           
118194ec  ti_sysbios_knl_Task_Module__loggerObj__C                            
118194f0  ti_sysbios_knl_Task_Object__count__C                                
118194f4  ti_sysbios_knl_Task_allBlockedFunc__C                               
118194f8  ti_sysbios_knl_Task_numConstructedTasks__C                          
118194fc  ti_sysbios_timers_timer64_Timer_A_notAvailable__C                   
11819500  ti_sysbios_timers_timer64_Timer_E_cannotSupport__C                  
11819504  ti_sysbios_timers_timer64_Timer_Module__diagsEnabled__C             
11819508  ti_sysbios_timers_timer64_Timer_Module__diagsIncluded__C            
1181950c  ti_sysbios_timers_timer64_Timer_Module__diagsMask__C                
11819510  ti_sysbios_timers_timer64_Timer_anyMaskHigh__C                      
11819514  ti_sysbios_timers_timer64_Timer_anyMask__C                          
11819518  ti_sysbios_timers_timer64_Timer_freqDivisor__C                      
1181951c  ti_sysbios_timers_timer64_Timer_numLocalTimers__C                   
11819520  ti_sysbios_timers_timer64_Timer_numTimerDevices__C                  
11819524  xdc_runtime_Assert_E_assertFailed__C                                
11819528  xdc_runtime_Core_A_initializedParams__C                             
1181952c  xdc_runtime_Core_Module__diagsEnabled__C                            
11819530  xdc_runtime_Core_Module__diagsIncluded__C                           
11819534  xdc_runtime_Core_Module__diagsMask__C                               
11819538  xdc_runtime_Error_E_memory__C                                       
1181953c  xdc_runtime_Error_Module__diagsEnabled__C                           
11819540  xdc_runtime_Error_Module__diagsIncluded__C                          
11819544  xdc_runtime_Error_Module__diagsMask__C                              
11819548  xdc_runtime_Error_Module__loggerFxn8__C                             
1181954c  xdc_runtime_Error_Module__loggerObj__C                              
11819550  xdc_runtime_Error_policyFxn__C                                      
11819554  xdc_runtime_Error_policy__C                                         
11819558  xdc_runtime_Error_raiseHook__C                                      
1181955c  xdc_runtime_IFilterLogger_Interface__BASE__C                        
11819560  xdc_runtime_IGateProvider_Interface__BASE__C                        
11819564  xdc_runtime_IHeap_Interface__BASE__C                                
11819568  xdc_runtime_ILogger_Interface__BASE__C                              
1181956c  xdc_runtime_IModule_Interface__BASE__C                              
11819570  xdc_runtime_Log_L_error__C                                          
11819574  xdc_runtime_LoggerBuf_E_badLevel__C                                 
11819578  xdc_runtime_LoggerBuf_Module__gateObj__C                            
1181957c  xdc_runtime_LoggerBuf_Object__count__C                              
11819580  xdc_runtime_LoggerBuf_statusLogger__C                               
11819584  xdc_runtime_Memory_defaultHeapInstance__C                           
11819588  xdc_runtime_Startup_execImpl__C                                     
1181958c  xdc_runtime_Startup_maxPasses__C                                    
11819590  xdc_runtime_Startup_sfxnRts__C                                      
11819594  xdc_runtime_Startup_sfxnTab__C                                      
11819598  xdc_runtime_SysMin_bufSize__C                                       
1181959c  xdc_runtime_SysMin_outputFunc__C                                    
118195a0  xdc_runtime_System_Module__gateObj__C                               
118195a4  xdc_runtime_System_abortFxn__C                                      
118195a8  xdc_runtime_System_exitFxn__C                                       
118195ac  xdc_runtime_System_extendFxn__C                                     
118195b0  xdc_runtime_System_maxAtexitHandlers__C                             
118195b4  xdc_runtime_Text_charTab__C                                         
118195b8  xdc_runtime_Text_nameEmpty__C                                       
118195bc  xdc_runtime_Text_nameStatic__C                                      
118195c0  xdc_runtime_Text_nameUnknown__C                                     
118195c4  xdc_runtime_Text_nodeTab__C                                         
118195c8  xdc_runtime_Text_visitRopeFxn__C                                    
118195cc  ti_sysbios_family_c64p_Exception_Module__id__C                      
118195ce  ti_sysbios_family_c64p_Exception_useInternalBuffer__C               
118195d0  ti_sysbios_family_c64p_Hwi_Module__id__C                            
118195d2  ti_sysbios_family_c64p_Hwi_Module__loggerDefined__C                 
118195d4  ti_sysbios_gates_GateMutex_Module__id__C                            
118195d6  ti_sysbios_hal_Hwi_Module__id__C                                    
118195d8  ti_sysbios_heaps_HeapMem_Module__id__C                              
118195da  ti_sysbios_knl_Clock_Module__id__C                                  
118195dc  ti_sysbios_knl_Clock_Module__loggerDefined__C                       
118195de  ti_sysbios_knl_Semaphore_Module__id__C                              
118195e0  ti_sysbios_knl_Semaphore_Module__loggerDefined__C                   
118195e2  ti_sysbios_knl_Swi_Module__id__C                                    
118195e4  ti_sysbios_knl_Swi_Module__loggerDefined__C                         
118195e6  ti_sysbios_knl_Task_Module__id__C                                   
118195e8  ti_sysbios_knl_Task_Module__loggerDefined__C                        
118195ea  ti_sysbios_timers_timer64_Timer_Module__id__C                       
118195ec  ti_sysbios_timers_timer64_Timer_startupNeeded__C                    
118195ee  ti_sysbios_timers_timer64_Timer_useTimer64pRegMap__C                
118195f0  xdc_runtime_Core_Module__id__C                                      
118195f2  xdc_runtime_Error_Module__loggerDefined__C                          
118195f4  xdc_runtime_Error_maxDepth__C                                       
118195f6  xdc_runtime_LoggerBuf_Module__id__C                                 
118195f8  xdc_runtime_LoggerBuf_filterByLevel__C                              
118195fa  xdc_runtime_Memory_Module__id__C                                    
118195fc  xdc_runtime_SysMin_flushAtExit__C                                   
118195fe  xdc_runtime_Text_charCnt__C                                         
11819600  xdc_runtime_Text_isLoaded__C                                        
11819602  xdc_runtime_Text_registryModsLastId__C                              
11819604  xdc_runtime_Text_unnamedModsLastId__C                               
11819606  ti_sysbios_timers_timer64_Timer_localTimerBaseId__C                 
11819608  _stack                                                              
1181b608  __TI_STACK_END                                                      
1181b608  _ftable                                                             
1181b7e8  _stream                                                             
1181b888  ti_sysbios_knl_Swi_Module_State_0_readyQ__A                         
1181b908  ti_sysbios_knl_Task_Module_State_0_readyQ__A                        
1181b988  _device                                                             
1181ba00  ti_sysbios_family_c64p_Hwi_Module__state__V                         
1181ba6c  _lock                                                               
1181ba70  ti_sysbios_knl_Swi_Object__table__V                                 
1181bad0  ti_sysbios_timers_timer64_Timer_Module_State_0_device__A            
1181bb30  ti_sysbios_knl_Task_Object__table__V                                
1181bb8c  _unlock                                                             
1181bb90  ti_sysbios_timers_timer64_Timer_Object__table__V                    
1181bbe0  ti_sysbios_knl_Task_Module__state__V                                
1181bc28  ti_sysbios_gates_GateMutex_Object__table__V                         
1181bc68  ti_sysbios_family_c64p_Exception_Module__state__V                   
1181bc98  ti_sysbios_family_c64p_Hwi_Object__table__V                         
1181bcc8  ti_sysbios_knl_Clock_Module__state__V                               
1181bcf4  ti_sysbios_BIOS_Module__state__V                                    
1181bd18  xdc_runtime_LoggerBuf_Object__table__V                              
1181bd3c  __TI_ft_end                                                         
1181bd40  ti_sysbios_timers_timer64_Timer_Module_State_0_gctrl__A             
1181bd60  ti_sysbios_timers_timer64_Timer_Module_State_0_handles__A           
1181bd80  ti_sysbios_timers_timer64_Timer_Module_State_0_intFreqs__A          
1181bda0  xdc_runtime_Error_IgnoreBlock                                       
1181bdc0  ti_sysbios_knl_Swi_Module__state__V                                 
1181bddc  ti_sysbios_family_c64p_Cache_Module__state__V                       
1181bde0  ti_sysbios_heaps_HeapMem_Object__table__V                           
1181bdf8  ti_sysbios_timers_timer64_Timer_Module__state__V                    
1181be20  ti_sysbios_hal_Hwi_Object__table__V                                 
1181be30  xdc_runtime_System_Module_State_0_atexitHandlers__A                 
1181be40  __TI_cleanup_ptr                                                    
1181be44  __TI_dtors_ptr                                                      
1181be48  __TI_enable_exit_profile_output                                     
1181be4c  xdc_runtime_SysMin_Module__state__V                                 
1181be58  ti_sysbios_family_c64p_primus_TimerSupport_Module_State_0_suspSrc__A
1181be60  ti_sysbios_gates_GateHwi_Module__root__V                            
1181be68  ti_sysbios_gates_GateMutex_Module__root__V                          
1181be70  ti_sysbios_heaps_HeapMem_Module__root__V                            
1181be78  ti_sysbios_knl_Queue_Module__root__V                                
1181be80  ti_sysbios_knl_Queue_Object__table__V                               
1181be88  ti_sysbios_knl_Semaphore_Module__root__V                            
1181be90  xdc_runtime_LoggerBuf_Module__root__V                               
1181be98  xdc_runtime_Registry_Module__state__V                               
1181bea0  xdc_runtime_Startup_Module__state__V                                
1181bea8  xdc_runtime_System_Module__state__V                                 
1181beb0  xdc_runtime_LoggerBuf_Module__state__V                              
1181beb6  xdc_runtime_Error_Module__state__V                                  
1181beb8  ti_sysbios_family_c64p_primus_TimerSupport_Module__state__V         
1181bebc  xdc_runtime_Memory_Module__state__V                                 
1181bec0  ti_sysbios_gates_GateHwi_Object__table__V                           
1181bec8  ti_sysbios_knl_Task_Module_State_0_idleTask__A                      
1181bed0  __CIOBUF_                                                           
1181c000  ti_sysbios_family_c64p_Hwi0                                         
1181c000  ti_sysbios_family_c64p_Hwi_int0                                     
1181c020  ti_sysbios_family_c64p_Hwi_int1                                     
1181c040  ti_sysbios_family_c64p_Hwi_int2                                     
1181c060  ti_sysbios_family_c64p_Hwi_int3                                     
1181c080  ti_sysbios_family_c64p_Hwi_int4                                     
1181c0a0  ti_sysbios_family_c64p_Hwi_int5                                     
1181c0c0  ti_sysbios_family_c64p_Hwi_int6                                     
1181c0e0  ti_sysbios_family_c64p_Hwi_int7                                     
1181c100  ti_sysbios_family_c64p_Hwi_int8                                     
1181c120  ti_sysbios_family_c64p_Hwi_int9                                     
1181c140  ti_sysbios_family_c64p_Hwi_int10                                    
1181c160  ti_sysbios_family_c64p_Hwi_int11                                    
1181c180  ti_sysbios_family_c64p_Hwi_int12                                    
1181c1a0  ti_sysbios_family_c64p_Hwi_int13                                    
1181c1c0  ti_sysbios_family_c64p_Hwi_int14                                    
1181c1e0  ti_sysbios_family_c64p_Hwi_int15                                    
1181c220  __TI_STATIC_BASE                                                    
1181c230  edma3ccRegs                                                         
1181c234  GpioRegs                                                            
1181c238  mcaspRegs                                                           
1181c23c  logger0                                                             
1181c240  HWI_INT5                                                            
1181c244  swi0                                                                
1181c248  RT_Que                                                              
1181c6c0  __TI_Handler_Table_Base                                             
1181c6c8  __TI_CINIT_Base                                                     
1181c6c8  __TI_Handler_Table_Limit                                            
1181c6e8  __TI_CINIT_Limit                                                    
ffffffff  __TI_pprof_out_hndl                                                 
ffffffff  __TI_prof_data_size                                                 
ffffffff  __TI_prof_data_start                                                
ffffffff  __binit__                                                           
ffffffff  __c_args__                                                          
ffffffff  binit                                                               
UNDEFED   __TI_INITARRAY_Base                                                 
UNDEFED   __TI_INITARRAY_Limit                                                
UNDEFED   __TI_TLS_INIT_Base                                                  
UNDEFED   __TI_TLS_INIT_Limit                                                 

[676 symbols]
