<?xml version="1.0" encoding="ISO-8859-1" ?>
<link_info>
   <banner>TMS320C6x Linker PC v8.3.2</banner>
   <copyright>Copyright (c) 1996-2018 Texas Instruments Incorporated</copyright>
   <link_time>0x5d770aaf</link_time>
   <link_errors>0x0</link_errors>
   <output_file>LAB0.out</output_file>
   <entry_point>
      <name>_c_int00</name>
      <address>0x80aac0</address>
   </entry_point>
   <input_file_list>
      <input_file id="fl-2">
         <path>.\</path>
         <kind>object</kind>
         <file>hello.obj</file>
         <name>hello.obj</name>
      </input_file>
      <input_file id="fl-6">
         <kind>object</kind>
         <file>&lt;internal&gt;</file>
         <name>&lt;internal&gt;</name>
      </input_file>
      <input_file id="fl-20">
         <path>C:\ti\ccs901\ccs\tools\compiler\ti-cgt-c6000_8.3.2\lib\</path>
         <kind>archive</kind>
         <file>rts6740_elf.lib</file>
         <name>printf.c.obj</name>
      </input_file>
      <input_file id="fl-21">
         <path>C:\ti\ccs901\ccs\tools\compiler\ti-cgt-c6000_8.3.2\lib\</path>
         <kind>archive</kind>
         <file>rts6740_elf.lib</file>
         <name>_printfi.c.obj</name>
      </input_file>
      <input_file id="fl-22">
         <path>C:\ti\ccs901\ccs\tools\compiler\ti-cgt-c6000_8.3.2\lib\</path>
         <kind>archive</kind>
         <file>rts6740_elf.lib</file>
         <name>fscanf.c.obj</name>
      </input_file>
      <input_file id="fl-23">
         <path>C:\ti\ccs901\ccs\tools\compiler\ti-cgt-c6000_8.3.2\lib\</path>
         <kind>archive</kind>
         <file>rts6740_elf.lib</file>
         <name>fgetc.c.obj</name>
      </input_file>
      <input_file id="fl-24">
         <path>C:\ti\ccs901\ccs\tools\compiler\ti-cgt-c6000_8.3.2\lib\</path>
         <kind>archive</kind>
         <file>rts6740_elf.lib</file>
         <name>fputc.c.obj</name>
      </input_file>
      <input_file id="fl-25">
         <path>C:\ti\ccs901\ccs\tools\compiler\ti-cgt-c6000_8.3.2\lib\</path>
         <kind>archive</kind>
         <file>rts6740_elf.lib</file>
         <name>fputs.c.obj</name>
      </input_file>
      <input_file id="fl-26">
         <path>C:\ti\ccs901\ccs\tools\compiler\ti-cgt-c6000_8.3.2\lib\</path>
         <kind>archive</kind>
         <file>rts6740_elf.lib</file>
         <name>_bufread.c.obj</name>
      </input_file>
      <input_file id="fl-27">
         <path>C:\ti\ccs901\ccs\tools\compiler\ti-cgt-c6000_8.3.2\lib\</path>
         <kind>archive</kind>
         <file>rts6740_elf.lib</file>
         <name>_io_perm.c.obj</name>
      </input_file>
      <input_file id="fl-28">
         <path>C:\ti\ccs901\ccs\tools\compiler\ti-cgt-c6000_8.3.2\lib\</path>
         <kind>archive</kind>
         <file>rts6740_elf.lib</file>
         <name>setvbuf.c.obj</name>
      </input_file>
      <input_file id="fl-29">
         <path>C:\ti\ccs901\ccs\tools\compiler\ti-cgt-c6000_8.3.2\lib\</path>
         <kind>archive</kind>
         <file>rts6740_elf.lib</file>
         <name>ungetc.c.obj</name>
      </input_file>
      <input_file id="fl-2a">
         <path>C:\ti\ccs901\ccs\tools\compiler\ti-cgt-c6000_8.3.2\lib\</path>
         <kind>archive</kind>
         <file>rts6740_elf.lib</file>
         <name>wcslen.c.obj</name>
      </input_file>
      <input_file id="fl-2b">
         <path>C:\ti\ccs901\ccs\tools\compiler\ti-cgt-c6000_8.3.2\lib\</path>
         <kind>archive</kind>
         <file>rts6740_elf.lib</file>
         <name>dtor_list.c.obj</name>
      </input_file>
      <input_file id="fl-2c">
         <path>C:\ti\ccs901\ccs\tools\compiler\ti-cgt-c6000_8.3.2\lib\</path>
         <kind>archive</kind>
         <file>rts6740_elf.lib</file>
         <name>s_scalbn.c.obj</name>
      </input_file>
      <input_file id="fl-2d">
         <path>C:\ti\ccs901\ccs\tools\compiler\ti-cgt-c6000_8.3.2\lib\</path>
         <kind>archive</kind>
         <file>rts6740_elf.lib</file>
         <name>push.asm.obj</name>
      </input_file>
      <input_file id="fl-2e">
         <path>C:\ti\ccs901\ccs\tools\compiler\ti-cgt-c6000_8.3.2\lib\</path>
         <kind>archive</kind>
         <file>rts6740_elf.lib</file>
         <name>divu.asm.obj</name>
      </input_file>
      <input_file id="fl-2f">
         <path>C:\ti\ccs901\ccs\tools\compiler\ti-cgt-c6000_8.3.2\lib\</path>
         <kind>archive</kind>
         <file>rts6740_elf.lib</file>
         <name>memcpy64.asm.obj</name>
      </input_file>
      <input_file id="fl-30">
         <path>C:\ti\ccs901\ccs\tools\compiler\ti-cgt-c6000_8.3.2\lib\</path>
         <kind>archive</kind>
         <file>rts6740_elf.lib</file>
         <name>boot.c.obj</name>
      </input_file>
      <input_file id="fl-31">
         <path>C:\ti\ccs901\ccs\tools\compiler\ti-cgt-c6000_8.3.2\lib\</path>
         <kind>archive</kind>
         <file>rts6740_elf.lib</file>
         <name>imath40.c.obj</name>
      </input_file>
      <input_file id="fl-32">
         <path>C:\ti\ccs901\ccs\tools\compiler\ti-cgt-c6000_8.3.2\lib\</path>
         <kind>archive</kind>
         <file>rts6740_elf.lib</file>
         <name>imath64.c.obj</name>
      </input_file>
      <input_file id="fl-33">
         <path>C:\ti\ccs901\ccs\tools\compiler\ti-cgt-c6000_8.3.2\lib\</path>
         <kind>archive</kind>
         <file>rts6740_elf.lib</file>
         <name>llshift.c.obj</name>
      </input_file>
      <input_file id="fl-34">
         <path>C:\ti\ccs901\ccs\tools\compiler\ti-cgt-c6000_8.3.2\lib\</path>
         <kind>archive</kind>
         <file>rts6740_elf.lib</file>
         <name>memset.c.obj</name>
      </input_file>
      <input_file id="fl-35">
         <path>C:\ti\ccs901\ccs\tools\compiler\ti-cgt-c6000_8.3.2\lib\</path>
         <kind>archive</kind>
         <file>rts6740_elf.lib</file>
         <name>autoinit.c.obj</name>
      </input_file>
      <input_file id="fl-36">
         <path>C:\ti\ccs901\ccs\tools\compiler\ti-cgt-c6000_8.3.2\lib\</path>
         <kind>archive</kind>
         <file>rts6740_elf.lib</file>
         <name>pre_init.c.obj</name>
      </input_file>
      <input_file id="fl-37">
         <path>C:\ti\ccs901\ccs\tools\compiler\ti-cgt-c6000_8.3.2\lib\</path>
         <kind>archive</kind>
         <file>rts6740_elf.lib</file>
         <name>startup.c.obj</name>
      </input_file>
      <input_file id="fl-38">
         <path>C:\ti\ccs901\ccs\tools\compiler\ti-cgt-c6000_8.3.2\lib\</path>
         <kind>archive</kind>
         <file>rts6740_elf.lib</file>
         <name>cpy_tbl.c.obj</name>
      </input_file>
      <input_file id="fl-39">
         <path>C:\ti\ccs901\ccs\tools\compiler\ti-cgt-c6000_8.3.2\lib\</path>
         <kind>archive</kind>
         <file>rts6740_elf.lib</file>
         <name>copy_zero_init.c.obj</name>
      </input_file>
      <input_file id="fl-3a">
         <path>C:\ti\ccs901\ccs\tools\compiler\ti-cgt-c6000_8.3.2\lib\</path>
         <kind>archive</kind>
         <file>rts6740_elf.lib</file>
         <name>copy_decompress_none.c.obj</name>
      </input_file>
      <input_file id="fl-3b">
         <path>C:\ti\ccs901\ccs\tools\compiler\ti-cgt-c6000_8.3.2\lib\</path>
         <kind>archive</kind>
         <file>rts6740_elf.lib</file>
         <name>copy_decompress_rle.c.obj</name>
      </input_file>
      <input_file id="fl-3c">
         <path>C:\ti\ccs901\ccs\tools\compiler\ti-cgt-c6000_8.3.2\lib\</path>
         <kind>archive</kind>
         <file>rts6740_elf.lib</file>
         <name>frexp.c.obj</name>
      </input_file>
      <input_file id="fl-3d">
         <path>C:\ti\ccs901\ccs\tools\compiler\ti-cgt-c6000_8.3.2\lib\</path>
         <kind>archive</kind>
         <file>rts6740_elf.lib</file>
         <name>isinf.c.obj</name>
      </input_file>
      <input_file id="fl-3e">
         <path>C:\ti\ccs901\ccs\tools\compiler\ti-cgt-c6000_8.3.2\lib\</path>
         <kind>archive</kind>
         <file>rts6740_elf.lib</file>
         <name>signbit.c.obj</name>
      </input_file>
      <input_file id="fl-3f">
         <path>C:\ti\ccs901\ccs\tools\compiler\ti-cgt-c6000_8.3.2\lib\</path>
         <kind>archive</kind>
         <file>rts6740_elf.lib</file>
         <name>divd.c.obj</name>
      </input_file>
      <input_file id="fl-40">
         <path>C:\ti\ccs901\ccs\tools\compiler\ti-cgt-c6000_8.3.2\lib\</path>
         <kind>archive</kind>
         <file>rts6740_elf.lib</file>
         <name>frcmpyd_div.c.obj</name>
      </input_file>
      <input_file id="fl-41">
         <path>C:\ti\ccs901\ccs\tools\compiler\ti-cgt-c6000_8.3.2\lib\</path>
         <kind>archive</kind>
         <file>rts6740_elf.lib</file>
         <name>tls.c.obj</name>
      </input_file>
      <input_file id="fl-42">
         <path>C:\ti\ccs901\ccs\tools\compiler\ti-cgt-c6000_8.3.2\lib\</path>
         <kind>archive</kind>
         <file>rts6740_elf.lib</file>
         <name>exit.c.obj</name>
      </input_file>
      <input_file id="fl-43">
         <path>C:\ti\ccs901\ccs\tools\compiler\ti-cgt-c6000_8.3.2\lib\</path>
         <kind>archive</kind>
         <file>rts6740_elf.lib</file>
         <name>memory.c.obj</name>
      </input_file>
      <input_file id="fl-44">
         <path>C:\ti\ccs901\ccs\tools\compiler\ti-cgt-c6000_8.3.2\lib\</path>
         <kind>archive</kind>
         <file>rts6740_elf.lib</file>
         <name>_lock.c.obj</name>
      </input_file>
      <input_file id="fl-45">
         <path>C:\ti\ccs901\ccs\tools\compiler\ti-cgt-c6000_8.3.2\lib\</path>
         <kind>archive</kind>
         <file>rts6740_elf.lib</file>
         <name>args_main.c.obj</name>
      </input_file>
      <input_file id="fl-46">
         <path>C:\ti\ccs901\ccs\tools\compiler\ti-cgt-c6000_8.3.2\lib\</path>
         <kind>archive</kind>
         <file>rts6740_elf.lib</file>
         <name>atoi.c.obj</name>
      </input_file>
      <input_file id="fl-47">
         <path>C:\ti\ccs901\ccs\tools\compiler\ti-cgt-c6000_8.3.2\lib\</path>
         <kind>archive</kind>
         <file>rts6740_elf.lib</file>
         <name>ctype.c.obj</name>
      </input_file>
      <input_file id="fl-48">
         <path>C:\ti\ccs901\ccs\tools\compiler\ti-cgt-c6000_8.3.2\lib\</path>
         <kind>archive</kind>
         <file>rts6740_elf.lib</file>
         <name>defs.c.obj</name>
      </input_file>
      <input_file id="fl-49">
         <path>C:\ti\ccs901\ccs\tools\compiler\ti-cgt-c6000_8.3.2\lib\</path>
         <kind>archive</kind>
         <file>rts6740_elf.lib</file>
         <name>ltoa.c.obj</name>
      </input_file>
      <input_file id="fl-4a">
         <path>C:\ti\ccs901\ccs\tools\compiler\ti-cgt-c6000_8.3.2\lib\</path>
         <kind>archive</kind>
         <file>rts6740_elf.lib</file>
         <name>memccpy.c.obj</name>
      </input_file>
      <input_file id="fl-4b">
         <path>C:\ti\ccs901\ccs\tools\compiler\ti-cgt-c6000_8.3.2\lib\</path>
         <kind>archive</kind>
         <file>rts6740_elf.lib</file>
         <name>read.c.obj</name>
      </input_file>
      <input_file id="fl-4c">
         <path>C:\ti\ccs901\ccs\tools\compiler\ti-cgt-c6000_8.3.2\lib\</path>
         <kind>archive</kind>
         <file>rts6740_elf.lib</file>
         <name>write.c.obj</name>
      </input_file>
      <input_file id="fl-4d">
         <path>C:\ti\ccs901\ccs\tools\compiler\ti-cgt-c6000_8.3.2\lib\</path>
         <kind>archive</kind>
         <file>rts6740_elf.lib</file>
         <name>llabs.c.obj</name>
      </input_file>
      <input_file id="fl-4e">
         <path>C:\ti\ccs901\ccs\tools\compiler\ti-cgt-c6000_8.3.2\lib\</path>
         <kind>archive</kind>
         <file>rts6740_elf.lib</file>
         <name>errno.c.obj</name>
      </input_file>
      <input_file id="fl-4f">
         <path>C:\ti\ccs901\ccs\tools\compiler\ti-cgt-c6000_8.3.2\lib\</path>
         <kind>archive</kind>
         <file>rts6740_elf.lib</file>
         <name>s_copysign.c.obj</name>
      </input_file>
      <input_file id="fl-50">
         <path>C:\ti\ccs901\ccs\tools\compiler\ti-cgt-c6000_8.3.2\lib\</path>
         <kind>archive</kind>
         <file>rts6740_elf.lib</file>
         <name>_scanfi.c.obj</name>
      </input_file>
      <input_file id="fl-51">
         <path>C:\ti\ccs901\ccs\tools\compiler\ti-cgt-c6000_8.3.2\lib\</path>
         <kind>archive</kind>
         <file>rts6740_elf.lib</file>
         <name>fflush.c.obj</name>
      </input_file>
      <input_file id="fl-52">
         <path>C:\ti\ccs901\ccs\tools\compiler\ti-cgt-c6000_8.3.2\lib\</path>
         <kind>archive</kind>
         <file>rts6740_elf.lib</file>
         <name>fopen.c.obj</name>
      </input_file>
      <input_file id="fl-53">
         <path>C:\ti\ccs901\ccs\tools\compiler\ti-cgt-c6000_8.3.2\lib\</path>
         <kind>archive</kind>
         <file>rts6740_elf.lib</file>
         <name>fseek.c.obj</name>
      </input_file>
      <input_file id="fl-54">
         <path>C:\ti\ccs901\ccs\tools\compiler\ti-cgt-c6000_8.3.2\lib\</path>
         <kind>archive</kind>
         <file>rts6740_elf.lib</file>
         <name>tls_get_tp.asm.obj</name>
      </input_file>
      <input_file id="fl-55">
         <path>C:\ti\ccs901\ccs\tools\compiler\ti-cgt-c6000_8.3.2\lib\</path>
         <kind>archive</kind>
         <file>rts6740_elf.lib</file>
         <name>lseek.c.obj</name>
      </input_file>
      <input_file id="fl-56">
         <path>C:\ti\ccs901\ccs\tools\compiler\ti-cgt-c6000_8.3.2\lib\</path>
         <kind>archive</kind>
         <file>rts6740_elf.lib</file>
         <name>open.c.obj</name>
      </input_file>
      <input_file id="fl-57">
         <path>C:\ti\ccs901\ccs\tools\compiler\ti-cgt-c6000_8.3.2\lib\</path>
         <kind>archive</kind>
         <file>rts6740_elf.lib</file>
         <name>strtod.c.obj</name>
      </input_file>
      <input_file id="fl-58">
         <path>C:\ti\ccs901\ccs\tools\compiler\ti-cgt-c6000_8.3.2\lib\</path>
         <kind>archive</kind>
         <file>rts6740_elf.lib</file>
         <name>strtol.c.obj</name>
      </input_file>
      <input_file id="fl-59">
         <path>C:\ti\ccs901\ccs\tools\compiler\ti-cgt-c6000_8.3.2\lib\</path>
         <kind>archive</kind>
         <file>rts6740_elf.lib</file>
         <name>strtoll.c.obj</name>
      </input_file>
      <input_file id="fl-5a">
         <path>C:\ti\ccs901\ccs\tools\compiler\ti-cgt-c6000_8.3.2\lib\</path>
         <kind>archive</kind>
         <file>rts6740_elf.lib</file>
         <name>strtoul.c.obj</name>
      </input_file>
      <input_file id="fl-5b">
         <path>C:\ti\ccs901\ccs\tools\compiler\ti-cgt-c6000_8.3.2\lib\</path>
         <kind>archive</kind>
         <file>rts6740_elf.lib</file>
         <name>strtoull.c.obj</name>
      </input_file>
      <input_file id="fl-5c">
         <path>C:\ti\ccs901\ccs\tools\compiler\ti-cgt-c6000_8.3.2\lib\</path>
         <kind>archive</kind>
         <file>rts6740_elf.lib</file>
         <name>hostclose.c.obj</name>
      </input_file>
      <input_file id="fl-5d">
         <path>C:\ti\ccs901\ccs\tools\compiler\ti-cgt-c6000_8.3.2\lib\</path>
         <kind>archive</kind>
         <file>rts6740_elf.lib</file>
         <name>hostlseek.c.obj</name>
      </input_file>
      <input_file id="fl-5e">
         <path>C:\ti\ccs901\ccs\tools\compiler\ti-cgt-c6000_8.3.2\lib\</path>
         <kind>archive</kind>
         <file>rts6740_elf.lib</file>
         <name>hostopen.c.obj</name>
      </input_file>
      <input_file id="fl-5f">
         <path>C:\ti\ccs901\ccs\tools\compiler\ti-cgt-c6000_8.3.2\lib\</path>
         <kind>archive</kind>
         <file>rts6740_elf.lib</file>
         <name>hostread.c.obj</name>
      </input_file>
      <input_file id="fl-60">
         <path>C:\ti\ccs901\ccs\tools\compiler\ti-cgt-c6000_8.3.2\lib\</path>
         <kind>archive</kind>
         <file>rts6740_elf.lib</file>
         <name>hostrename.c.obj</name>
      </input_file>
      <input_file id="fl-61">
         <path>C:\ti\ccs901\ccs\tools\compiler\ti-cgt-c6000_8.3.2\lib\</path>
         <kind>archive</kind>
         <file>rts6740_elf.lib</file>
         <name>hostunlink.c.obj</name>
      </input_file>
      <input_file id="fl-62">
         <path>C:\ti\ccs901\ccs\tools\compiler\ti-cgt-c6000_8.3.2\lib\</path>
         <kind>archive</kind>
         <file>rts6740_elf.lib</file>
         <name>hostwrite.c.obj</name>
      </input_file>
      <input_file id="fl-63">
         <path>C:\ti\ccs901\ccs\tools\compiler\ti-cgt-c6000_8.3.2\lib\</path>
         <kind>archive</kind>
         <file>rts6740_elf.lib</file>
         <name>trgmsg.c.obj</name>
      </input_file>
      <input_file id="fl-64">
         <path>C:\ti\ccs901\ccs\tools\compiler\ti-cgt-c6000_8.3.2\lib\</path>
         <kind>archive</kind>
         <file>rts6740_elf.lib</file>
         <name>fclose.c.obj</name>
      </input_file>
      <input_file id="fl-65">
         <path>C:\ti\ccs901\ccs\tools\compiler\ti-cgt-c6000_8.3.2\lib\</path>
         <kind>archive</kind>
         <file>rts6740_elf.lib</file>
         <name>getdevice.c.obj</name>
      </input_file>
      <input_file id="fl-66">
         <path>C:\ti\ccs901\ccs\tools\compiler\ti-cgt-c6000_8.3.2\lib\</path>
         <kind>archive</kind>
         <file>rts6740_elf.lib</file>
         <name>remu.asm.obj</name>
      </input_file>
      <input_file id="fl-67">
         <path>C:\ti\ccs901\ccs\tools\compiler\ti-cgt-c6000_8.3.2\lib\</path>
         <kind>archive</kind>
         <file>rts6740_elf.lib</file>
         <name>close.c.obj</name>
      </input_file>
      <input_file id="fl-68">
         <path>C:\ti\ccs901\ccs\tools\compiler\ti-cgt-c6000_8.3.2\lib\</path>
         <kind>archive</kind>
         <file>rts6740_elf.lib</file>
         <name>remove.c.obj</name>
      </input_file>
      <input_file id="fl-69">
         <path>C:\ti\ccs901\ccs\tools\compiler\ti-cgt-c6000_8.3.2\lib\</path>
         <kind>archive</kind>
         <file>rts6740_elf.lib</file>
         <name>unlink.c.obj</name>
      </input_file>
   </input_file_list>
   <object_component_list>
      <object_component id="oc-162">
         <name>.text:__TI_printfi</name>
         <load_address>0x800000</load_address>
         <run_address>0x800000</run_address>
         <size>0x2040</size>
         <input_file_ref idref="fl-21"/>
      </object_component>
      <object_component id="oc-17c">
         <name>.text:__TI_scanfi</name>
         <load_address>0x802040</load_address>
         <run_address>0x802040</run_address>
         <size>0x1fc0</size>
         <input_file_ref idref="fl-50"/>
      </object_component>
      <object_component id="oc-288">
         <name>.text:strtod</name>
         <load_address>0x804000</load_address>
         <run_address>0x804000</run_address>
         <size>0x920</size>
         <input_file_ref idref="fl-57"/>
      </object_component>
      <object_component id="oc-226">
         <name>.text:_pconv_a</name>
         <load_address>0x804920</load_address>
         <run_address>0x804920</run_address>
         <size>0x660</size>
         <input_file_ref idref="fl-21"/>
      </object_component>
      <object_component id="oc-308">
         <name>.text:__c6xabi_divd</name>
         <load_address>0x804f80</load_address>
         <run_address>0x804f80</run_address>
         <size>0x5e0</size>
         <input_file_ref idref="fl-3f"/>
      </object_component>
      <object_component id="oc-28e">
         <name>.text:strtoll</name>
         <load_address>0x805560</load_address>
         <run_address>0x805560</run_address>
         <size>0x4c0</size>
         <input_file_ref idref="fl-59"/>
      </object_component>
      <object_component id="oc-282">
         <name>.text:strtoull</name>
         <load_address>0x805a20</load_address>
         <run_address>0x805a20</run_address>
         <size>0x440</size>
         <input_file_ref idref="fl-5b"/>
      </object_component>
      <object_component id="oc-214">
         <name>.text:_pconv_g</name>
         <load_address>0x805e60</load_address>
         <run_address>0x805e60</run_address>
         <size>0x400</size>
         <input_file_ref idref="fl-21"/>
      </object_component>
      <object_component id="oc-396">
         <name>.text:free</name>
         <load_address>0x806260</load_address>
         <run_address>0x806260</run_address>
         <size>0x3c0</size>
         <input_file_ref idref="fl-43"/>
      </object_component>
      <object_component id="oc-294">
         <name>.text:strtol</name>
         <load_address>0x806620</load_address>
         <run_address>0x806620</run_address>
         <size>0x3a0</size>
         <input_file_ref idref="fl-58"/>
      </object_component>
      <object_component id="oc-13f">
         <name>.text:fputs</name>
         <load_address>0x8069c0</load_address>
         <run_address>0x8069c0</run_address>
         <size>0x320</size>
         <input_file_ref idref="fl-25"/>
      </object_component>
      <object_component id="oc-27c">
         <name>.text:strtoul</name>
         <load_address>0x806ce0</load_address>
         <run_address>0x806ce0</run_address>
         <size>0x300</size>
         <input_file_ref idref="fl-5a"/>
      </object_component>
      <object_component id="oc-220">
         <name>.text:_pconv_e</name>
         <load_address>0x806fe0</load_address>
         <run_address>0x806fe0</run_address>
         <size>0x2a0</size>
         <input_file_ref idref="fl-21"/>
      </object_component>
      <object_component id="oc-321">
         <name>.text:fcvt</name>
         <load_address>0x807280</load_address>
         <run_address>0x807280</run_address>
         <size>0x2a0</size>
         <input_file_ref idref="fl-21"/>
      </object_component>
      <object_component id="oc-2f3">
         <name>.text:__c6xabi_divull</name>
         <load_address>0x807520</load_address>
         <run_address>0x807520</run_address>
         <size>0x260</size>
         <input_file_ref idref="fl-32"/>
      </object_component>
      <object_component id="oc-1fc">
         <name>.text:_ltostr</name>
         <load_address>0x807780</load_address>
         <run_address>0x807780</run_address>
         <size>0x200</size>
         <input_file_ref idref="fl-21"/>
      </object_component>
      <object_component id="oc-2f9">
         <name>.text:__c6xabi_divul</name>
         <load_address>0x807980</load_address>
         <run_address>0x807980</run_address>
         <size>0x1c0</size>
         <input_file_ref idref="fl-31"/>
      </object_component>
      <object_component id="oc-1ee">
         <name>.text:fputc</name>
         <load_address>0x807b40</load_address>
         <run_address>0x807b40</run_address>
         <size>0x1c0</size>
         <input_file_ref idref="fl-24"/>
      </object_component>
      <object_component id="oc-329">
         <name>.text:frexp</name>
         <load_address>0x807d00</load_address>
         <run_address>0x807d00</run_address>
         <size>0x1c0</size>
         <input_file_ref idref="fl-3c"/>
      </object_component>
      <object_component id="oc-1cb">
         <name>.text:malloc</name>
         <load_address>0x807ec0</load_address>
         <run_address>0x807ec0</run_address>
         <size>0x1c0</size>
         <input_file_ref idref="fl-43"/>
      </object_component>
      <object_component id="oc-32f">
         <name>.text:scalbn</name>
         <load_address>0x808080</load_address>
         <run_address>0x808080</run_address>
         <size>0x1c0</size>
         <input_file_ref idref="fl-2c"/>
      </object_component>
      <object_component id="oc-2c3">
         <name>.text:setvbuf</name>
         <load_address>0x808240</load_address>
         <run_address>0x808240</run_address>
         <size>0x1c0</size>
         <input_file_ref idref="fl-28"/>
      </object_component>
      <object_component id="oc-466">
         <name>.text:HOSTrename</name>
         <load_address>0x808400</load_address>
         <run_address>0x808400</run_address>
         <size>0x1a0</size>
         <input_file_ref idref="fl-60"/>
      </object_component>
      <object_component id="oc-16a">
         <name>.text:_chkmbc</name>
         <load_address>0x8085a0</load_address>
         <run_address>0x8085a0</run_address>
         <size>0x180</size>
         <input_file_ref idref="fl-22"/>
      </object_component>
      <object_component id="oc-35e">
         <name>.text:__TI_buff_read</name>
         <load_address>0x808720</load_address>
         <run_address>0x808720</run_address>
         <size>0x160</size>
         <input_file_ref idref="fl-26"/>
      </object_component>
      <object_component id="oc-26a">
         <name>.text:_sproc_str</name>
         <load_address>0x808880</load_address>
         <run_address>0x808880</run_address>
         <size>0x140</size>
         <input_file_ref idref="fl-50"/>
      </object_component>
      <object_component id="oc-270">
         <name>.text:_sproc_wstr</name>
         <load_address>0x8089c0</load_address>
         <run_address>0x8089c0</run_address>
         <size>0x140</size>
         <input_file_ref idref="fl-50"/>
      </object_component>
      <object_component id="oc-21a">
         <name>.text:_pconv_f</name>
         <load_address>0x808b00</load_address>
         <run_address>0x808b00</run_address>
         <size>0x120</size>
         <input_file_ref idref="fl-21"/>
      </object_component>
      <object_component id="oc-25b">
         <name>.text:fgetc</name>
         <load_address>0x808c20</load_address>
         <run_address>0x808c20</run_address>
         <size>0x120</size>
         <input_file_ref idref="fl-23"/>
      </object_component>
      <object_component id="oc-4ee">
         <name>.text:getdevice</name>
         <load_address>0x808d40</load_address>
         <run_address>0x808d40</run_address>
         <size>0x120</size>
         <input_file_ref idref="fl-65"/>
      </object_component>
      <object_component id="oc-439">
         <name>.text:__TI_closefile</name>
         <load_address>0x808e60</load_address>
         <run_address>0x808e60</run_address>
         <size>0x100</size>
         <input_file_ref idref="fl-64"/>
      </object_component>
      <object_component id="oc-3d">
         <name>.text:__TI_decompress_rle_core</name>
         <load_address>0x808f60</load_address>
         <run_address>0x808f60</run_address>
         <size>0x100</size>
         <input_file_ref idref="fl-3b"/>
      </object_component>
      <object_component id="oc-31a">
         <name>.text:_mcpy</name>
         <load_address>0x809060</load_address>
         <run_address>0x809060</run_address>
         <size>0x100</size>
         <input_file_ref idref="fl-21"/>
      </object_component>
      <object_component id="oc-1f6">
         <name>.text:atoi</name>
         <load_address>0x809160</load_address>
         <run_address>0x809160</run_address>
         <size>0x100</size>
         <input_file_ref idref="fl-46"/>
      </object_component>
      <object_component id="oc-2bd">
         <name>.text:fseek</name>
         <load_address>0x809260</load_address>
         <run_address>0x809260</run_address>
         <size>0x100</size>
         <input_file_ref idref="fl-53"/>
      </object_component>
      <object_component id="oc-261">
         <name>.text:ungetc</name>
         <load_address>0x809360</load_address>
         <run_address>0x809360</run_address>
         <size>0x100</size>
         <input_file_ref idref="fl-29"/>
      </object_component>
      <object_component id="oc-45a">
         <name>.text:HOSTlseek</name>
         <load_address>0x809460</load_address>
         <run_address>0x809460</run_address>
         <size>0xe0</size>
         <input_file_ref idref="fl-5d"/>
      </object_component>
      <object_component id="oc-442">
         <name>.text:HOSTopen</name>
         <load_address>0x809540</load_address>
         <run_address>0x809540</run_address>
         <size>0xe0</size>
         <input_file_ref idref="fl-5e"/>
      </object_component>
      <object_component id="oc-454">
         <name>.text:HOSTwrite</name>
         <load_address>0x809620</load_address>
         <run_address>0x809620</run_address>
         <size>0xe0</size>
         <input_file_ref idref="fl-62"/>
      </object_component>
      <object_component id="oc-1a3">
         <name>.text:__TI_wrt_ok</name>
         <load_address>0x809700</load_address>
         <run_address>0x809700</run_address>
         <size>0xe0</size>
         <input_file_ref idref="fl-27"/>
      </object_component>
      <object_component id="oc-4b0">
         <name>.text:close</name>
         <load_address>0x8097e0</load_address>
         <run_address>0x8097e0</run_address>
         <size>0xe0</size>
         <input_file_ref idref="fl-67"/>
      </object_component>
      <object_component id="oc-5b">
         <name>.text:exit</name>
         <load_address>0x8098c0</load_address>
         <run_address>0x8098c0</run_address>
         <size>0xe0</size>
         <input_file_ref idref="fl-42"/>
      </object_component>
      <object_component id="oc-90">
         <name>.text</name>
         <load_address>0x8099a0</load_address>
         <run_address>0x8099a0</run_address>
         <size>0xe0</size>
         <input_file_ref idref="fl-2"/>
      </object_component>
      <object_component id="oc-30e">
         <name>.text:ltoa</name>
         <load_address>0x809a80</load_address>
         <run_address>0x809a80</run_address>
         <size>0xe0</size>
         <input_file_ref idref="fl-49"/>
      </object_component>
      <object_component id="oc-7c">
         <name>.text:memset</name>
         <load_address>0x809b60</load_address>
         <run_address>0x809b60</run_address>
         <size>0xe0</size>
         <input_file_ref idref="fl-34"/>
      </object_component>
      <object_component id="oc-fe">
         <name>.text:printf</name>
         <load_address>0x809c40</load_address>
         <run_address>0x809c40</run_address>
         <size>0xe0</size>
         <input_file_ref idref="fl-20"/>
      </object_component>
      <object_component id="oc-104">
         <name>.text:scanf</name>
         <load_address>0x809d20</load_address>
         <run_address>0x809d20</run_address>
         <size>0xe0</size>
         <input_file_ref idref="fl-22"/>
      </object_component>
      <object_component id="oc-44e">
         <name>.text:HOSTread</name>
         <load_address>0x809e00</load_address>
         <run_address>0x809e00</run_address>
         <size>0xc0</size>
         <input_file_ref idref="fl-5f"/>
      </object_component>
      <object_component id="oc-460">
         <name>.text:HOSTunlink</name>
         <load_address>0x809ec0</load_address>
         <run_address>0x809ec0</run_address>
         <size>0xc0</size>
         <input_file_ref idref="fl-61"/>
      </object_component>
      <object_component id="oc-2d5">
         <name>.text:_Z23__finalize_destructionsPP20a_needed_destructionPv</name>
         <load_address>0x809f80</load_address>
         <run_address>0x809f80</run_address>
         <size>0xc0</size>
         <input_file_ref idref="fl-2b"/>
      </object_component>
      <object_component id="oc-147">
         <name>.text:_ZN33_INTERNAL_11_dtor_list_c_14e673d611__TI_atexitEPFYvPvES0_S0_</name>
         <load_address>0x80a040</load_address>
         <run_address>0x80a040</run_address>
         <size>0xc0</size>
         <input_file_ref idref="fl-2b"/>
      </object_component>
      <object_component id="oc-a4">
         <name>.text:__TI_auto_init_nobinit_nopinit:__TI_auto_init_nobinit_nopinit</name>
         <load_address>0x80a100</load_address>
         <run_address>0x80a100</run_address>
         <size>0xc0</size>
         <input_file_ref idref="fl-35"/>
      </object_component>
      <object_component id="oc-1a9">
         <name>.text:__TI_doflush</name>
         <load_address>0x80a1c0</load_address>
         <run_address>0x80a1c0</run_address>
         <size>0xc0</size>
         <input_file_ref idref="fl-51"/>
      </object_component>
      <object_component id="oc-2ff">
         <name>.text:__divu</name>
         <load_address>0x80a280</load_address>
         <run_address>0x80a280</run_address>
         <size>0xc0</size>
         <input_file_ref idref="fl-2e"/>
      </object_component>
      <object_component id="oc-2df">
         <name>.text:mremove</name>
         <load_address>0x80a340</load_address>
         <run_address>0x80a340</run_address>
         <size>0xc0</size>
         <input_file_ref idref="fl-43"/>
      </object_component>
      <object_component id="oc-11d">
         <name>.text:tls:init:__TI_tls_init</name>
         <load_address>0x80a400</load_address>
         <run_address>0x80a400</run_address>
         <size>0xc0</size>
         <input_file_ref idref="fl-41"/>
      </object_component>
      <object_component id="oc-448">
         <name>.text:HOSTclose</name>
         <load_address>0x80a4c0</load_address>
         <run_address>0x80a4c0</run_address>
         <size>0xa0</size>
         <input_file_ref idref="fl-5c"/>
      </object_component>
      <object_component id="oc-39c">
         <name>.text:__TI_cleanup</name>
         <load_address>0x80a560</load_address>
         <run_address>0x80a560</run_address>
         <size>0xa0</size>
         <input_file_ref idref="fl-52"/>
      </object_component>
      <object_component id="oc-358">
         <name>.text:__TI_rd_ok</name>
         <load_address>0x80a600</load_address>
         <run_address>0x80a600</run_address>
         <size>0xa0</size>
         <input_file_ref idref="fl-27"/>
      </object_component>
      <object_component id="oc-385">
         <name>.text:__remu</name>
         <load_address>0x80a6a0</load_address>
         <run_address>0x80a6a0</run_address>
         <size>0xa0</size>
         <input_file_ref idref="fl-66"/>
      </object_component>
      <object_component id="oc-314">
         <name>.text:_ecpy</name>
         <load_address>0x80a740</load_address>
         <run_address>0x80a740</run_address>
         <size>0xa0</size>
         <input_file_ref idref="fl-21"/>
      </object_component>
      <object_component id="oc-50e">
         <name>.text:finddevice</name>
         <load_address>0x80a7e0</load_address>
         <run_address>0x80a7e0</run_address>
         <size>0xa0</size>
         <input_file_ref idref="fl-65"/>
      </object_component>
      <object_component id="oc-31">
         <name>.text:memcpy</name>
         <load_address>0x80a880</load_address>
         <run_address>0x80a880</run_address>
         <size>0xa0</size>
         <input_file_ref idref="fl-2f"/>
      </object_component>
      <object_component id="oc-2e5">
         <name>.text:minsert</name>
         <load_address>0x80a920</load_address>
         <run_address>0x80a920</run_address>
         <size>0xa0</size>
         <input_file_ref idref="fl-43"/>
      </object_component>
      <object_component id="oc-4c8">
         <name>.text:__TI_readmsg</name>
         <load_address>0x80a9c0</load_address>
         <run_address>0x80a9c0</run_address>
         <size>0x80</size>
         <input_file_ref idref="fl-63"/>
      </object_component>
      <object_component id="oc-3c7">
         <name>.text:__c6xabi_llshl</name>
         <load_address>0x80aa40</load_address>
         <run_address>0x80aa40</run_address>
         <size>0x80</size>
         <input_file_ref idref="fl-33"/>
      </object_component>
      <object_component id="oc-25">
         <name>.text:_c_int00</name>
         <load_address>0x80aac0</load_address>
         <run_address>0x80aac0</run_address>
         <size>0x80</size>
         <input_file_ref idref="fl-30"/>
      </object_component>
      <object_component id="oc-4b6">
         <name>.text:unlink</name>
         <load_address>0x80ab40</load_address>
         <run_address>0x80ab40</run_address>
         <size>0x80</size>
         <input_file_ref idref="fl-69"/>
      </object_component>
      <object_component id="oc-4c2">
         <name>.text:__TI_writemsg</name>
         <load_address>0x80abc0</load_address>
         <run_address>0x80abc0</run_address>
         <size>0x60</size>
         <input_file_ref idref="fl-63"/>
      </object_component>
      <object_component id="oc-3d3">
         <name>.text:__c6xabi_llshru</name>
         <load_address>0x80ac20</load_address>
         <run_address>0x80ac20</run_address>
         <size>0x60</size>
         <input_file_ref idref="fl-33"/>
      </object_component>
      <object_component id="oc-37d">
         <name>.text:__c6xabi_remull</name>
         <load_address>0x80ac80</load_address>
         <run_address>0x80ac80</run_address>
         <size>0x60</size>
         <input_file_ref idref="fl-32"/>
      </object_component>
      <object_component id="oc-3cd">
         <name>.text:_subcull</name>
         <load_address>0x80ace0</load_address>
         <run_address>0x80ace0</run_address>
         <size>0x60</size>
         <input_file_ref idref="fl-32"/>
      </object_component>
      <object_component id="oc-38e">
         <name>.text:lseek</name>
         <load_address>0x80ad40</load_address>
         <run_address>0x80ad40</run_address>
         <size>0x60</size>
         <input_file_ref idref="fl-55"/>
      </object_component>
      <object_component id="oc-22c">
         <name>.text:memccpy</name>
         <load_address>0x80ada0</load_address>
         <run_address>0x80ada0</run_address>
         <size>0x60</size>
         <input_file_ref idref="fl-4a"/>
      </object_component>
      <object_component id="oc-364">
         <name>.text:read</name>
         <load_address>0x80ae00</load_address>
         <run_address>0x80ae00</run_address>
         <size>0x60</size>
         <input_file_ref idref="fl-4b"/>
      </object_component>
      <object_component id="oc-276">
         <name>.text:strrchr</name>
         <load_address>0x80ae60</load_address>
         <run_address>0x80ae60</run_address>
         <size>0x60</size>
         <input_file_ref idref="fl-50"/>
      </object_component>
      <object_component id="oc-1af">
         <name>.text:write</name>
         <load_address>0x80aec0</load_address>
         <run_address>0x80aec0</run_address>
         <size>0x60</size>
         <input_file_ref idref="fl-4c"/>
      </object_component>
      <object_component id="oc-3de">
         <name>.text:__TI_frcmpyd_div</name>
         <load_address>0x80af20</load_address>
         <run_address>0x80af20</run_address>
         <size>0x40</size>
         <input_file_ref idref="fl-40"/>
      </object_component>
      <object_component id="oc-208">
         <name>.text:__c6xabi_isinf</name>
         <load_address>0x80af60</load_address>
         <run_address>0x80af60</run_address>
         <size>0x40</size>
         <input_file_ref idref="fl-3d"/>
      </object_component>
      <object_component id="oc-202">
         <name>.text:__c6xabi_isnan</name>
         <load_address>0x80afa0</load_address>
         <run_address>0x80afa0</run_address>
         <size>0x40</size>
         <input_file_ref idref="fl-21"/>
      </object_component>
      <object_component id="oc-55">
         <name>.text:_args_main</name>
         <load_address>0x80afe0</load_address>
         <run_address>0x80afe0</run_address>
         <size>0x40</size>
         <input_file_ref idref="fl-45"/>
      </object_component>
      <object_component id="oc-f2">
         <name>.text:puts</name>
         <load_address>0x80b020</load_address>
         <run_address>0x80b020</run_address>
         <size>0x40</size>
         <input_file_ref idref="fl-25"/>
      </object_component>
      <object_component id="oc-232">
         <name>.text:wcslen</name>
         <load_address>0x80b060</load_address>
         <run_address>0x80b060</run_address>
         <size>0x40</size>
         <input_file_ref idref="fl-2a"/>
      </object_component>
      <object_component id="oc-238">
         <name>.text:__c6xabi_errno_addr</name>
         <load_address>0x80b0a0</load_address>
         <run_address>0x80b0a0</run_address>
         <size>0x20</size>
         <input_file_ref idref="fl-4e"/>
      </object_component>
      <object_component id="oc-1c5">
         <name>.text:__cxa_ia64_exit</name>
         <load_address>0x80b0c0</load_address>
         <run_address>0x80b0c0</run_address>
         <size>0x20</size>
         <input_file_ref idref="fl-2b"/>
      </object_component>
      <object_component id="oc-1b5">
         <name>.text:__pop_rts</name>
         <load_address>0x80b0e0</load_address>
         <run_address>0x80b0e0</run_address>
         <size>0x20</size>
         <input_file_ref idref="fl-2d"/>
      </object_component>
      <object_component id="oc-19e">
         <name>.text:__push_rts</name>
         <load_address>0x80b100</load_address>
         <run_address>0x80b100</run_address>
         <size>0x20</size>
         <input_file_ref idref="fl-2d"/>
      </object_component>
      <object_component id="oc-170">
         <name>.text:_inpchar</name>
         <load_address>0x80b120</load_address>
         <run_address>0x80b120</run_address>
         <size>0x20</size>
         <input_file_ref idref="fl-22"/>
      </object_component>
      <object_component id="oc-1e3">
         <name>.text:_nop</name>
         <load_address>0x80b140</load_address>
         <run_address>0x80b140</run_address>
         <size>0x20</size>
         <input_file_ref idref="fl-44"/>
      </object_component>
      <object_component id="oc-156">
         <name>.text:_outc</name>
         <load_address>0x80b160</load_address>
         <run_address>0x80b160</run_address>
         <size>0x20</size>
         <input_file_ref idref="fl-20"/>
      </object_component>
      <object_component id="oc-15c">
         <name>.text:_outs</name>
         <load_address>0x80b180</load_address>
         <run_address>0x80b180</run_address>
         <size>0x20</size>
         <input_file_ref idref="fl-20"/>
      </object_component>
      <object_component id="oc-20e">
         <name>.text:_signbit</name>
         <load_address>0x80b1a0</load_address>
         <run_address>0x80b1a0</run_address>
         <size>0x20</size>
         <input_file_ref idref="fl-3e"/>
      </object_component>
      <object_component id="oc-117">
         <name>.text:_system_post_cinit</name>
         <load_address>0x80b1c0</load_address>
         <run_address>0x80b1c0</run_address>
         <size>0x20</size>
         <input_file_ref idref="fl-37"/>
      </object_component>
      <object_component id="oc-61">
         <name>.text:_system_pre_init</name>
         <load_address>0x80b1e0</load_address>
         <run_address>0x80b1e0</run_address>
         <size>0x20</size>
         <input_file_ref idref="fl-36"/>
      </object_component>
      <object_component id="oc-176">
         <name>.text:_uninpchar</name>
         <load_address>0x80b200</load_address>
         <run_address>0x80b200</run_address>
         <size>0x20</size>
         <input_file_ref idref="fl-22"/>
      </object_component>
      <object_component id="oc-9b">
         <name>.text:abort</name>
         <load_address>0x80b220</load_address>
         <run_address>0x80b220</run_address>
         <size>0x20</size>
         <input_file_ref idref="fl-42"/>
      </object_component>
      <object_component id="oc-f8">
         <name>.text:atexit</name>
         <load_address>0x80b240</load_address>
         <run_address>0x80b240</run_address>
         <size>0x20</size>
         <input_file_ref idref="fl-2b"/>
      </object_component>
      <object_component id="oc-3f6">
         <name>.text:copysign</name>
         <load_address>0x80b260</load_address>
         <run_address>0x80b260</run_address>
         <size>0x20</size>
         <input_file_ref idref="fl-4f"/>
      </object_component>
      <object_component id="oc-18">
         <name>.text:decompress:none:__TI_decompress_none</name>
         <load_address>0x80b280</load_address>
         <run_address>0x80b280</run_address>
         <size>0x20</size>
         <input_file_ref idref="fl-3a"/>
      </object_component>
      <object_component id="oc-1e">
         <name>.text:decompress:rle24:__TI_decompress_rle24</name>
         <load_address>0x80b2a0</load_address>
         <run_address>0x80b2a0</run_address>
         <size>0x20</size>
         <input_file_ref idref="fl-3b"/>
      </object_component>
      <object_component id="oc-2b">
         <name>.stack</name>
         <uninitialized>true</uninitialized>
         <run_address>0x80b2c0</run_address>
         <size>0x8</size>
         <input_file_ref idref="fl-30"/>
      </object_component>
      <object_component id="oc-551">
         <name>.stack</name>
         <uninitialized>true</uninitialized>
         <run_address>0x80b2c0</run_address>
         <size>0x0</size>
      </object_component>
      <object_component id="oc-4fa">
         <name>.cio</name>
         <uninitialized>true</uninitialized>
         <run_address>0x80c9d8</run_address>
         <size>0x120</size>
         <input_file_ref idref="fl-63"/>
      </object_component>
      <object_component id="oc-258">
         <name>.const:.string:_ctypes_</name>
         <load_address>0x80c5e0</load_address>
         <run_address>0x80c5e0</run_address>
         <size>0x101</size>
         <input_file_ref idref="fl-47"/>
      </object_component>
      <object_component id="oc-f1">
         <name>.const:.string</name>
         <load_address>0x80c6e4</load_address>
         <run_address>0x80c6e4</run_address>
         <size>0x98</size>
         <input_file_ref idref="fl-2"/>
      </object_component>
      <object_component id="oc-13e">
         <name>.const:.string</name>
         <load_address>0x80c77c</load_address>
         <run_address>0x80c77c</run_address>
         <size>0x4</size>
         <input_file_ref idref="fl-25"/>
      </object_component>
      <object_component id="oc-375">
         <name>.const:digits</name>
         <load_address>0x80c780</load_address>
         <run_address>0x80c780</run_address>
         <size>0x80</size>
         <input_file_ref idref="fl-57"/>
      </object_component>
      <object_component id="oc-378">
         <name>.const:powerof10</name>
         <load_address>0x80c800</load_address>
         <run_address>0x80c800</run_address>
         <size>0x48</size>
         <input_file_ref idref="fl-57"/>
      </object_component>
      <object_component id="oc-23e">
         <name>.const:.string</name>
         <load_address>0x80c848</load_address>
         <run_address>0x80c848</run_address>
         <size>0x24</size>
         <input_file_ref idref="fl-21"/>
      </object_component>
      <object_component id="oc-29b">
         <name>.const:.string</name>
         <load_address>0x80c86c</load_address>
         <run_address>0x80c86c</run_address>
         <size>0x10</size>
         <input_file_ref idref="fl-50"/>
      </object_component>
      <object_component id="oc-29c">
         <name>.const:.string:flit$1</name>
         <load_address>0x80c880</load_address>
         <run_address>0x80c880</run_address>
         <size>0x7</size>
         <input_file_ref idref="fl-50"/>
      </object_component>
      <object_component id="oc-29d">
         <name>.const:.string:barr$2</name>
         <load_address>0x80c888</load_address>
         <run_address>0x80c888</run_address>
         <size>0x6</size>
         <input_file_ref idref="fl-50"/>
      </object_component>
      <object_component id="oc-29a">
         <name>.switch:__TI_scanfi</name>
         <load_address>0x80caf8</load_address>
         <run_address>0x80caf8</run_address>
         <size>0x5c</size>
         <input_file_ref idref="fl-50"/>
      </object_component>
      <object_component id="oc-23f">
         <name>.switch:__TI_printfi</name>
         <load_address>0x80cb54</load_address>
         <run_address>0x80cb54</run_address>
         <size>0x38</size>
         <input_file_ref idref="fl-21"/>
      </object_component>
      <object_component id="oc-2e">
         <name>.sysmem</name>
         <uninitialized>true</uninitialized>
         <run_address>0x80bac0</run_address>
         <size>0x8</size>
         <input_file_ref idref="fl-43"/>
      </object_component>
      <object_component id="oc-552">
         <name>.sysmem</name>
         <uninitialized>true</uninitialized>
         <run_address>0x80bac0</run_address>
         <size>0x0</size>
      </object_component>
      <object_component id="oc-4bc">
         <name>.common:__TI_tmpnams</name>
         <uninitialized>true</uninitialized>
         <run_address>0x80c890</run_address>
         <size>0x140</size>
      </object_component>
      <object_component id="oc-4bf">
         <name>.common:parmbuf</name>
         <uninitialized>true</uninitialized>
         <run_address>0x80c9d0</run_address>
         <size>0x8</size>
      </object_component>
      <object_component id="oc-550">
         <name>.cinit..fardata.load</name>
         <load_address>0x80cb90</load_address>
         <run_address>0x80cb90</run_address>
         <size>0x6d</size>
      </object_component>
      <object_component id="oc-54f">
         <name>.cinit..far.load</name>
         <load_address>0x80cbfd</load_address>
         <run_address>0x80cbfd</run_address>
         <size>0xb</size>
      </object_component>
      <object_component id="oc-54d">
         <name>__TI_handler_table</name>
         <load_address>0x80cc08</load_address>
         <run_address>0x80cc08</run_address>
         <size>0x8</size>
      </object_component>
      <object_component id="oc-54e">
         <name>__TI_cinit_table</name>
         <load_address>0x80cc10</load_address>
         <run_address>0x80cc10</run_address>
         <size>0x10</size>
      </object_component>
      <object_component id="oc-1c2">
         <name>.fardata</name>
         <load_address>0x80c5d8</load_address>
         <run_address>0x80c5d8</run_address>
         <size>0x4</size>
         <input_file_ref idref="fl-2b"/>
      </object_component>
      <object_component id="oc-98">
         <name>.fardata</name>
         <load_address>0x80c5b8</load_address>
         <run_address>0x80c5b8</run_address>
         <size>0xc</size>
         <input_file_ref idref="fl-42"/>
      </object_component>
      <object_component id="oc-2dc">
         <name>.fardata</name>
         <load_address>0x80c5c4</load_address>
         <run_address>0x80c5c4</run_address>
         <size>0x8</size>
         <input_file_ref idref="fl-43"/>
      </object_component>
      <object_component id="oc-150">
         <name>.fardata:_lock</name>
         <load_address>0x80c5cc</load_address>
         <run_address>0x80c5cc</run_address>
         <size>0x4</size>
         <input_file_ref idref="fl-44"/>
      </object_component>
      <object_component id="oc-153">
         <name>.fardata:_unlock</name>
         <load_address>0x80c5d0</load_address>
         <run_address>0x80c5d0</run_address>
         <size>0x4</size>
         <input_file_ref idref="fl-44"/>
      </object_component>
      <object_component id="oc-13b">
         <name>.fardata:_ftable</name>
         <load_address>0x80c2c0</load_address>
         <run_address>0x80c2c0</run_address>
         <size>0x1e0</size>
         <input_file_ref idref="fl-48"/>
      </object_component>
      <object_component id="oc-419">
         <name>.fardata</name>
         <load_address>0x80c5d4</load_address>
         <run_address>0x80c5d4</run_address>
         <size>0x4</size>
         <input_file_ref idref="fl-48"/>
      </object_component>
      <object_component id="oc-3ad">
         <name>.fardata:_device</name>
         <load_address>0x80c540</load_address>
         <run_address>0x80c540</run_address>
         <size>0x78</size>
         <input_file_ref idref="fl-4c"/>
      </object_component>
      <object_component id="oc-2cd">
         <name>.fardata:_stream</name>
         <load_address>0x80c4a0</load_address>
         <run_address>0x80c4a0</run_address>
         <size>0xa0</size>
         <input_file_ref idref="fl-4c"/>
      </object_component>
      <object_component id="oc-33f">
         <name>.fardata</name>
         <load_address>0x80c5dc</load_address>
         <run_address>0x80c5dc</run_address>
         <size>0x4</size>
         <input_file_ref idref="fl-4e"/>
      </object_component>
      <object_component id="oc-410">
         <name>.debug_info</name>
         <load_address>0x0</load_address>
         <run_address>0x0</run_address>
         <size>0x5f2</size>
         <input_file_ref idref="fl-2"/>
      </object_component>
      <object_component id="oc-91">
         <name>.debug_info</name>
         <load_address>0x5f2</load_address>
         <run_address>0x5f2</run_address>
         <size>0x1c5</size>
         <input_file_ref idref="fl-2"/>
      </object_component>
      <object_component id="oc-49e">
         <name>.debug_info</name>
         <load_address>0x7b7</load_address>
         <run_address>0x7b7</run_address>
         <size>0x26b</size>
         <input_file_ref idref="fl-2"/>
      </object_component>
      <object_component id="oc-4a3">
         <name>.debug_info</name>
         <load_address>0xa22</load_address>
         <run_address>0xa22</run_address>
         <size>0x103</size>
         <input_file_ref idref="fl-2"/>
      </object_component>
      <object_component id="oc-77">
         <name>.debug_info</name>
         <load_address>0xb25</load_address>
         <run_address>0xb25</run_address>
         <size>0xc0</size>
         <input_file_ref idref="fl-2"/>
      </object_component>
      <object_component id="oc-34b">
         <name>.debug_info</name>
         <load_address>0xbe5</load_address>
         <run_address>0xbe5</run_address>
         <size>0x275</size>
         <input_file_ref idref="fl-2"/>
      </object_component>
      <object_component id="oc-242">
         <name>.debug_info</name>
         <load_address>0xe5a</load_address>
         <run_address>0xe5a</run_address>
         <size>0x2c</size>
         <input_file_ref idref="fl-2"/>
      </object_component>
      <object_component id="oc-169">
         <name>.debug_info</name>
         <load_address>0xe86</load_address>
         <run_address>0xe86</run_address>
         <size>0x6b2</size>
         <input_file_ref idref="fl-20"/>
      </object_component>
      <object_component id="oc-158">
         <name>.debug_info</name>
         <load_address>0x1538</load_address>
         <run_address>0x1538</run_address>
         <size>0x154</size>
         <input_file_ref idref="fl-20"/>
      </object_component>
      <object_component id="oc-15e">
         <name>.debug_info</name>
         <load_address>0x168c</load_address>
         <run_address>0x168c</run_address>
         <size>0x163</size>
         <input_file_ref idref="fl-20"/>
      </object_component>
      <object_component id="oc-ff">
         <name>.debug_info</name>
         <load_address>0x17ef</load_address>
         <run_address>0x17ef</run_address>
         <size>0x19b</size>
         <input_file_ref idref="fl-20"/>
      </object_component>
      <object_component id="oc-1bd">
         <name>.debug_info</name>
         <load_address>0x198a</load_address>
         <run_address>0x198a</run_address>
         <size>0xb2</size>
         <input_file_ref idref="fl-20"/>
      </object_component>
      <object_component id="oc-241">
         <name>.debug_info</name>
         <load_address>0x1a3c</load_address>
         <run_address>0x1a3c</run_address>
         <size>0x806</size>
         <input_file_ref idref="fl-21"/>
      </object_component>
      <object_component id="oc-1fd">
         <name>.debug_info</name>
         <load_address>0x2242</load_address>
         <run_address>0x2242</run_address>
         <size>0x26d</size>
         <input_file_ref idref="fl-21"/>
      </object_component>
      <object_component id="oc-203">
         <name>.debug_info</name>
         <load_address>0x24af</load_address>
         <run_address>0x24af</run_address>
         <size>0x22a</size>
         <input_file_ref idref="fl-21"/>
      </object_component>
      <object_component id="oc-315">
         <name>.debug_info</name>
         <load_address>0x26d9</load_address>
         <run_address>0x26d9</run_address>
         <size>0x1ab</size>
         <input_file_ref idref="fl-21"/>
      </object_component>
      <object_component id="oc-31c">
         <name>.debug_info</name>
         <load_address>0x2884</load_address>
         <run_address>0x2884</run_address>
         <size>0x21c</size>
         <input_file_ref idref="fl-21"/>
      </object_component>
      <object_component id="oc-216">
         <name>.debug_info</name>
         <load_address>0x2aa0</load_address>
         <run_address>0x2aa0</run_address>
         <size>0x301</size>
         <input_file_ref idref="fl-21"/>
      </object_component>
      <object_component id="oc-323">
         <name>.debug_info</name>
         <load_address>0x2da1</load_address>
         <run_address>0x2da1</run_address>
         <size>0x243</size>
         <input_file_ref idref="fl-21"/>
      </object_component>
      <object_component id="oc-21b">
         <name>.debug_info</name>
         <load_address>0x2fe4</load_address>
         <run_address>0x2fe4</run_address>
         <size>0x274</size>
         <input_file_ref idref="fl-21"/>
      </object_component>
      <object_component id="oc-222">
         <name>.debug_info</name>
         <load_address>0x3258</load_address>
         <run_address>0x3258</run_address>
         <size>0x2ee</size>
         <input_file_ref idref="fl-21"/>
      </object_component>
      <object_component id="oc-228">
         <name>.debug_info</name>
         <load_address>0x3546</load_address>
         <run_address>0x3546</run_address>
         <size>0x4a9</size>
         <input_file_ref idref="fl-21"/>
      </object_component>
      <object_component id="oc-164">
         <name>.debug_info</name>
         <load_address>0x39ef</load_address>
         <run_address>0x39ef</run_address>
         <size>0x6b2</size>
         <input_file_ref idref="fl-21"/>
      </object_component>
      <object_component id="oc-247">
         <name>.debug_info</name>
         <load_address>0x40a1</load_address>
         <run_address>0x40a1</run_address>
         <size>0x86</size>
         <input_file_ref idref="fl-21"/>
      </object_component>
      <object_component id="oc-346">
         <name>.debug_info</name>
         <load_address>0x4127</load_address>
         <run_address>0x4127</run_address>
         <size>0x39</size>
         <input_file_ref idref="fl-21"/>
      </object_component>
      <object_component id="oc-411">
         <name>.debug_info</name>
         <load_address>0x4160</load_address>
         <run_address>0x4160</run_address>
         <size>0x94</size>
         <input_file_ref idref="fl-21"/>
      </object_component>
      <object_component id="oc-350">
         <name>.debug_info</name>
         <load_address>0x41f4</load_address>
         <run_address>0x41f4</run_address>
         <size>0x46</size>
         <input_file_ref idref="fl-21"/>
      </object_component>
      <object_component id="oc-251">
         <name>.debug_info</name>
         <load_address>0x423a</load_address>
         <run_address>0x423a</run_address>
         <size>0x46</size>
         <input_file_ref idref="fl-21"/>
      </object_component>
      <object_component id="oc-24c">
         <name>.debug_info</name>
         <load_address>0x4280</load_address>
         <run_address>0x4280</run_address>
         <size>0x2c</size>
         <input_file_ref idref="fl-21"/>
      </object_component>
      <object_component id="oc-183">
         <name>.debug_info</name>
         <load_address>0x42ac</load_address>
         <run_address>0x42ac</run_address>
         <size>0x71a</size>
         <input_file_ref idref="fl-22"/>
      </object_component>
      <object_component id="oc-16c">
         <name>.debug_info</name>
         <load_address>0x49c6</load_address>
         <run_address>0x49c6</run_address>
         <size>0x21a</size>
         <input_file_ref idref="fl-22"/>
      </object_component>
      <object_component id="oc-172">
         <name>.debug_info</name>
         <load_address>0x4be0</load_address>
         <run_address>0x4be0</run_address>
         <size>0x15e</size>
         <input_file_ref idref="fl-22"/>
      </object_component>
      <object_component id="oc-178">
         <name>.debug_info</name>
         <load_address>0x4d3e</load_address>
         <run_address>0x4d3e</run_address>
         <size>0x18d</size>
         <input_file_ref idref="fl-22"/>
      </object_component>
      <object_component id="oc-105">
         <name>.debug_info</name>
         <load_address>0x4ecb</load_address>
         <run_address>0x4ecb</run_address>
         <size>0x184</size>
         <input_file_ref idref="fl-22"/>
      </object_component>
      <object_component id="oc-36b">
         <name>.debug_info</name>
         <load_address>0x504f</load_address>
         <run_address>0x504f</run_address>
         <size>0x642</size>
         <input_file_ref idref="fl-23"/>
      </object_component>
      <object_component id="oc-25d">
         <name>.debug_info</name>
         <load_address>0x5691</load_address>
         <run_address>0x5691</run_address>
         <size>0x1c9</size>
         <input_file_ref idref="fl-23"/>
      </object_component>
      <object_component id="oc-2f0">
         <name>.debug_info</name>
         <load_address>0x585a</load_address>
         <run_address>0x585a</run_address>
         <size>0x650</size>
         <input_file_ref idref="fl-24"/>
      </object_component>
      <object_component id="oc-1f0">
         <name>.debug_info</name>
         <load_address>0x5eaa</load_address>
         <run_address>0x5eaa</run_address>
         <size>0x215</size>
         <input_file_ref idref="fl-24"/>
      </object_component>
      <object_component id="oc-146">
         <name>.debug_info</name>
         <load_address>0x60bf</load_address>
         <run_address>0x60bf</run_address>
         <size>0x661</size>
         <input_file_ref idref="fl-25"/>
      </object_component>
      <object_component id="oc-140">
         <name>.debug_info</name>
         <load_address>0x6720</load_address>
         <run_address>0x6720</run_address>
         <size>0x312</size>
         <input_file_ref idref="fl-25"/>
      </object_component>
      <object_component id="oc-f3">
         <name>.debug_info</name>
         <load_address>0x6a32</load_address>
         <run_address>0x6a32</run_address>
         <size>0x166</size>
         <input_file_ref idref="fl-25"/>
      </object_component>
      <object_component id="oc-e4">
         <name>.debug_info</name>
         <load_address>0x6b98</load_address>
         <run_address>0x6b98</run_address>
         <size>0x2c</size>
         <input_file_ref idref="fl-25"/>
      </object_component>
      <object_component id="oc-41d">
         <name>.debug_info</name>
         <load_address>0x6bc4</load_address>
         <run_address>0x6bc4</run_address>
         <size>0x63d</size>
         <input_file_ref idref="fl-26"/>
      </object_component>
      <object_component id="oc-360">
         <name>.debug_info</name>
         <load_address>0x7201</load_address>
         <run_address>0x7201</run_address>
         <size>0x204</size>
         <input_file_ref idref="fl-26"/>
      </object_component>
      <object_component id="oc-2ca">
         <name>.debug_info</name>
         <load_address>0x7405</load_address>
         <run_address>0x7405</run_address>
         <size>0x5cc</size>
         <input_file_ref idref="fl-27"/>
      </object_component>
      <object_component id="oc-1a5">
         <name>.debug_info</name>
         <load_address>0x79d1</load_address>
         <run_address>0x79d1</run_address>
         <size>0x18e</size>
         <input_file_ref idref="fl-27"/>
      </object_component>
      <object_component id="oc-35a">
         <name>.debug_info</name>
         <load_address>0x7b5f</load_address>
         <run_address>0x7b5f</run_address>
         <size>0x180</size>
         <input_file_ref idref="fl-27"/>
      </object_component>
      <object_component id="oc-3a4">
         <name>.debug_info</name>
         <load_address>0x7cdf</load_address>
         <run_address>0x7cdf</run_address>
         <size>0xbf</size>
         <input_file_ref idref="fl-27"/>
      </object_component>
      <object_component id="oc-3a3">
         <name>.debug_info</name>
         <load_address>0x7d9e</load_address>
         <run_address>0x7d9e</run_address>
         <size>0x636</size>
         <input_file_ref idref="fl-28"/>
      </object_component>
      <object_component id="oc-2c6">
         <name>.debug_info</name>
         <load_address>0x83d4</load_address>
         <run_address>0x83d4</run_address>
         <size>0x22e</size>
         <input_file_ref idref="fl-28"/>
      </object_component>
      <object_component id="oc-36d">
         <name>.debug_info</name>
         <load_address>0x8602</load_address>
         <run_address>0x8602</run_address>
         <size>0x5dc</size>
         <input_file_ref idref="fl-29"/>
      </object_component>
      <object_component id="oc-263">
         <name>.debug_info</name>
         <load_address>0x8bde</load_address>
         <run_address>0x8bde</run_address>
         <size>0x19a</size>
         <input_file_ref idref="fl-29"/>
      </object_component>
      <object_component id="oc-33e">
         <name>.debug_info</name>
         <load_address>0x8d78</load_address>
         <run_address>0x8d78</run_address>
         <size>0x55b</size>
         <input_file_ref idref="fl-2a"/>
      </object_component>
      <object_component id="oc-234">
         <name>.debug_info</name>
         <load_address>0x92d3</load_address>
         <run_address>0x92d3</run_address>
         <size>0x152</size>
         <input_file_ref idref="fl-2a"/>
      </object_component>
      <object_component id="oc-405">
         <name>.debug_info</name>
         <load_address>0x9425</load_address>
         <run_address>0x9425</run_address>
         <size>0x46</size>
         <input_file_ref idref="fl-2a"/>
      </object_component>
      <object_component id="oc-339">
         <name>.debug_info</name>
         <load_address>0x946b</load_address>
         <run_address>0x946b</run_address>
         <size>0x39</size>
         <input_file_ref idref="fl-2a"/>
      </object_component>
      <object_component id="oc-14e">
         <name>.debug_info</name>
         <load_address>0x94a4</load_address>
         <run_address>0x94a4</run_address>
         <size>0x691</size>
         <input_file_ref idref="fl-2b"/>
      </object_component>
      <object_component id="oc-1c3">
         <name>.debug_info</name>
         <load_address>0x9b35</load_address>
         <run_address>0x9b35</run_address>
         <size>0x11e</size>
         <input_file_ref idref="fl-2b"/>
      </object_component>
      <object_component id="oc-2d7">
         <name>.debug_info</name>
         <load_address>0x9c53</load_address>
         <run_address>0x9c53</run_address>
         <size>0x249</size>
         <input_file_ref idref="fl-2b"/>
      </object_component>
      <object_component id="oc-1c6">
         <name>.debug_info</name>
         <load_address>0x9e9c</load_address>
         <run_address>0x9e9c</run_address>
         <size>0x197</size>
         <input_file_ref idref="fl-2b"/>
      </object_component>
      <object_component id="oc-148">
         <name>.debug_info</name>
         <load_address>0xa033</load_address>
         <run_address>0xa033</run_address>
         <size>0x277</size>
         <input_file_ref idref="fl-2b"/>
      </object_component>
      <object_component id="oc-fa">
         <name>.debug_info</name>
         <load_address>0xa2aa</load_address>
         <run_address>0xa2aa</run_address>
         <size>0x194</size>
         <input_file_ref idref="fl-2b"/>
      </object_component>
      <object_component id="oc-1d2">
         <name>.debug_info</name>
         <load_address>0xa43e</load_address>
         <run_address>0xa43e</run_address>
         <size>0x46</size>
         <input_file_ref idref="fl-2b"/>
      </object_component>
      <object_component id="oc-1de">
         <name>.debug_info</name>
         <load_address>0xa484</load_address>
         <run_address>0xa484</run_address>
         <size>0x2c</size>
         <input_file_ref idref="fl-2b"/>
      </object_component>
      <object_component id="oc-1d7">
         <name>.debug_info</name>
         <load_address>0xa4b0</load_address>
         <run_address>0xa4b0</run_address>
         <size>0xbc</size>
         <input_file_ref idref="fl-2b"/>
      </object_component>
      <object_component id="oc-3fd">
         <name>.debug_info</name>
         <load_address>0xa56c</load_address>
         <run_address>0xa56c</run_address>
         <size>0x5c0</size>
         <input_file_ref idref="fl-2c"/>
      </object_component>
      <object_component id="oc-332">
         <name>.debug_info</name>
         <load_address>0xab2c</load_address>
         <run_address>0xab2c</run_address>
         <size>0x202</size>
         <input_file_ref idref="fl-2c"/>
      </object_component>
      <object_component id="oc-497">
         <name>.debug_info</name>
         <load_address>0xad2e</load_address>
         <run_address>0xad2e</run_address>
         <size>0x2c</size>
         <input_file_ref idref="fl-2c"/>
      </object_component>
      <object_component id="oc-3fe">
         <name>.debug_info</name>
         <load_address>0xad5a</load_address>
         <run_address>0xad5a</run_address>
         <size>0x2c</size>
         <input_file_ref idref="fl-2c"/>
      </object_component>
      <object_component id="oc-19f">
         <name>.debug_info</name>
         <load_address>0xad86</load_address>
         <run_address>0xad86</run_address>
         <size>0x111</size>
         <input_file_ref idref="fl-2d"/>
      </object_component>
      <object_component id="oc-1b6">
         <name>.debug_info</name>
         <load_address>0xae97</load_address>
         <run_address>0xae97</run_address>
         <size>0x10f</size>
         <input_file_ref idref="fl-2d"/>
      </object_component>
      <object_component id="oc-301">
         <name>.debug_info</name>
         <load_address>0xafa6</load_address>
         <run_address>0xafa6</run_address>
         <size>0x117</size>
         <input_file_ref idref="fl-2e"/>
      </object_component>
      <object_component id="oc-32">
         <name>.debug_info</name>
         <load_address>0xb0bd</load_address>
         <run_address>0xb0bd</run_address>
         <size>0x124</size>
         <input_file_ref idref="fl-2f"/>
      </object_component>
      <object_component id="oc-6b">
         <name>.debug_info</name>
         <load_address>0xb1e1</load_address>
         <run_address>0xb1e1</run_address>
         <size>0x5e1</size>
         <input_file_ref idref="fl-30"/>
      </object_component>
      <object_component id="oc-2c">
         <name>.debug_info</name>
         <load_address>0xb7c2</load_address>
         <run_address>0xb7c2</run_address>
         <size>0xf8</size>
         <input_file_ref idref="fl-30"/>
      </object_component>
      <object_component id="oc-26">
         <name>.debug_info</name>
         <load_address>0xb8ba</load_address>
         <run_address>0xb8ba</run_address>
         <size>0x185</size>
         <input_file_ref idref="fl-30"/>
      </object_component>
      <object_component id="oc-3dc">
         <name>.debug_info</name>
         <load_address>0xba3f</load_address>
         <run_address>0xba3f</run_address>
         <size>0x556</size>
         <input_file_ref idref="fl-31"/>
      </object_component>
      <object_component id="oc-2fd">
         <name>.debug_info</name>
         <load_address>0xbf95</load_address>
         <run_address>0xbf95</run_address>
         <size>0x1d8</size>
         <input_file_ref idref="fl-31"/>
      </object_component>
      <object_component id="oc-3da">
         <name>.debug_info</name>
         <load_address>0xc16d</load_address>
         <run_address>0xc16d</run_address>
         <size>0x576</size>
         <input_file_ref idref="fl-32"/>
      </object_component>
      <object_component id="oc-3d0">
         <name>.debug_info</name>
         <load_address>0xc6e3</load_address>
         <run_address>0xc6e3</run_address>
         <size>0x186</size>
         <input_file_ref idref="fl-32"/>
      </object_component>
      <object_component id="oc-2f7">
         <name>.debug_info</name>
         <load_address>0xc869</load_address>
         <run_address>0xc869</run_address>
         <size>0x26c</size>
         <input_file_ref idref="fl-32"/>
      </object_component>
      <object_component id="oc-380">
         <name>.debug_info</name>
         <load_address>0xcad5</load_address>
         <run_address>0xcad5</run_address>
         <size>0x172</size>
         <input_file_ref idref="fl-32"/>
      </object_component>
      <object_component id="oc-474">
         <name>.debug_info</name>
         <load_address>0xcc47</load_address>
         <run_address>0xcc47</run_address>
         <size>0x556</size>
         <input_file_ref idref="fl-33"/>
      </object_component>
      <object_component id="oc-3d5">
         <name>.debug_info</name>
         <load_address>0xd19d</load_address>
         <run_address>0xd19d</run_address>
         <size>0x1a7</size>
         <input_file_ref idref="fl-33"/>
      </object_component>
      <object_component id="oc-3ca">
         <name>.debug_info</name>
         <load_address>0xd344</load_address>
         <run_address>0xd344</run_address>
         <size>0x18e</size>
         <input_file_ref idref="fl-33"/>
      </object_component>
      <object_component id="oc-46f">
         <name>.debug_info</name>
         <load_address>0xd4d2</load_address>
         <run_address>0xd4d2</run_address>
         <size>0x39</size>
         <input_file_ref idref="fl-33"/>
      </object_component>
      <object_component id="oc-4db">
         <name>.debug_info</name>
         <load_address>0xd50b</load_address>
         <run_address>0xd50b</run_address>
         <size>0x2c</size>
         <input_file_ref idref="fl-33"/>
      </object_component>
      <object_component id="oc-e3">
         <name>.debug_info</name>
         <load_address>0xd537</load_address>
         <run_address>0xd537</run_address>
         <size>0x566</size>
         <input_file_ref idref="fl-34"/>
      </object_component>
      <object_component id="oc-80">
         <name>.debug_info</name>
         <load_address>0xda9d</load_address>
         <run_address>0xda9d</run_address>
         <size>0x22c</size>
         <input_file_ref idref="fl-34"/>
      </object_component>
      <object_component id="oc-124">
         <name>.debug_info</name>
         <load_address>0xdcc9</load_address>
         <run_address>0xdcc9</run_address>
         <size>0x7c6</size>
         <input_file_ref idref="fl-35"/>
      </object_component>
      <object_component id="oc-a5">
         <name>.debug_info</name>
         <load_address>0xe48f</load_address>
         <run_address>0xe48f</run_address>
         <size>0x1b2</size>
         <input_file_ref idref="fl-35"/>
      </object_component>
      <object_component id="oc-189">
         <name>.debug_info</name>
         <load_address>0xe641</load_address>
         <run_address>0xe641</run_address>
         <size>0x39</size>
         <input_file_ref idref="fl-35"/>
      </object_component>
      <object_component id="oc-195">
         <name>.debug_info</name>
         <load_address>0xe67a</load_address>
         <run_address>0xe67a</run_address>
         <size>0x39</size>
         <input_file_ref idref="fl-35"/>
      </object_component>
      <object_component id="oc-12f">
         <name>.debug_info</name>
         <load_address>0xe6b3</load_address>
         <run_address>0xe6b3</run_address>
         <size>0x39</size>
         <input_file_ref idref="fl-35"/>
      </object_component>
      <object_component id="oc-18e">
         <name>.debug_info</name>
         <load_address>0xe6ec</load_address>
         <run_address>0xe6ec</run_address>
         <size>0xcd</size>
         <input_file_ref idref="fl-35"/>
      </object_component>
      <object_component id="oc-62">
         <name>.debug_info</name>
         <load_address>0xe7b9</load_address>
         <run_address>0xe7b9</run_address>
         <size>0x14b</size>
         <input_file_ref idref="fl-36"/>
      </object_component>
      <object_component id="oc-11a">
         <name>.debug_info</name>
         <load_address>0xe904</load_address>
         <run_address>0xe904</run_address>
         <size>0x148</size>
         <input_file_ref idref="fl-37"/>
      </object_component>
      <object_component id="oc-3c">
         <name>.debug_info</name>
         <load_address>0xea4c</load_address>
         <run_address>0xea4c</run_address>
         <size>0x56f</size>
         <input_file_ref idref="fl-3a"/>
      </object_component>
      <object_component id="oc-19">
         <name>.debug_info</name>
         <load_address>0xefbb</load_address>
         <run_address>0xefbb</run_address>
         <size>0x1cf</size>
         <input_file_ref idref="fl-3a"/>
      </object_component>
      <object_component id="oc-37">
         <name>.debug_info</name>
         <load_address>0xf18a</load_address>
         <run_address>0xf18a</run_address>
         <size>0x46</size>
         <input_file_ref idref="fl-3a"/>
      </object_component>
      <object_component id="oc-70">
         <name>.debug_info</name>
         <load_address>0xf1d0</load_address>
         <run_address>0xf1d0</run_address>
         <size>0x2c</size>
         <input_file_ref idref="fl-3a"/>
      </object_component>
      <object_component id="oc-83">
         <name>.debug_info</name>
         <load_address>0xf1fc</load_address>
         <run_address>0xf1fc</run_address>
         <size>0x5a0</size>
         <input_file_ref idref="fl-3b"/>
      </object_component>
      <object_component id="oc-3f">
         <name>.debug_info</name>
         <load_address>0xf79c</load_address>
         <run_address>0xf79c</run_address>
         <size>0x257</size>
         <input_file_ref idref="fl-3b"/>
      </object_component>
      <object_component id="oc-20">
         <name>.debug_info</name>
         <load_address>0xf9f3</load_address>
         <run_address>0xf9f3</run_address>
         <size>0x1b4</size>
         <input_file_ref idref="fl-3b"/>
      </object_component>
      <object_component id="oc-44">
         <name>.debug_info</name>
         <load_address>0xfba7</load_address>
         <run_address>0xfba7</run_address>
         <size>0x46</size>
         <input_file_ref idref="fl-3b"/>
      </object_component>
      <object_component id="oc-eb">
         <name>.debug_info</name>
         <load_address>0xfbed</load_address>
         <run_address>0xfbed</run_address>
         <size>0x39</size>
         <input_file_ref idref="fl-3b"/>
      </object_component>
      <object_component id="oc-84">
         <name>.debug_info</name>
         <load_address>0xfc26</load_address>
         <run_address>0xfc26</run_address>
         <size>0x2c</size>
         <input_file_ref idref="fl-3b"/>
      </object_component>
      <object_component id="oc-3f5">
         <name>.debug_info</name>
         <load_address>0xfc52</load_address>
         <run_address>0xfc52</run_address>
         <size>0x58d</size>
         <input_file_ref idref="fl-3c"/>
      </object_component>
      <object_component id="oc-32b">
         <name>.debug_info</name>
         <load_address>0x101df</load_address>
         <run_address>0x101df</run_address>
         <size>0x1f4</size>
         <input_file_ref idref="fl-3c"/>
      </object_component>
      <object_component id="oc-209">
         <name>.debug_info</name>
         <load_address>0x103d3</load_address>
         <run_address>0x103d3</run_address>
[...]
            <load_size>0xb</load_size>
            <run_address>0x80c890</run_address>
            <run_size>0x148</run_size>
            <compression>rle</compression>
         </cprec>
      </cptbl>
   </cptbl_list>
   <handler_table>
      <handler_table_name>__TI_handler_table</handler_table_name>
      <handler>
         <index>0x0</index>
         <name>__TI_decompress_rle24</name>
      </handler>
      <handler>
         <index>0x1</index>
         <name>__TI_decompress_none</name>
      </handler>
   </handler_table>
   <symbol_table>
      <symbol id="sm-1">
         <name>__TI_CINIT_Base</name>
         <value>0x80cc10</value>
      </symbol>
      <symbol id="sm-2">
         <name>__TI_CINIT_Limit</name>
         <value>0x80cc20</value>
      </symbol>
      <symbol id="sm-3">
         <name>__TI_Handler_Table_Base</name>
         <value>0x80cc08</value>
      </symbol>
      <symbol id="sm-4">
         <name>__TI_Handler_Table_Limit</name>
         <value>0x80cc10</value>
      </symbol>
      <symbol id="sm-5">
         <name>binit</name>
         <value>0xffffffff</value>
      </symbol>
      <symbol id="sm-6">
         <name>__binit__</name>
         <value>0xffffffff</value>
      </symbol>
      <symbol id="sm-7">
         <name>__TI_STACK_SIZE</name>
         <value>0x800</value>
      </symbol>
      <symbol id="sm-8">
         <name>__TI_STACK_END</name>
         <value>0x80bac0</value>
      </symbol>
      <symbol id="sm-9">
         <name>__TI_SYSMEM_SIZE</name>
         <value>0x800</value>
      </symbol>
      <symbol id="sm-a">
         <name>__c_args__</name>
         <value>0xffffffff</value>
      </symbol>
      <symbol id="sm-b">
         <name>__TI_pprof_out_hndl</name>
         <value>0xffffffff</value>
      </symbol>
      <symbol id="sm-c">
         <name>__TI_prof_data_start</name>
         <value>0xffffffff</value>
      </symbol>
      <symbol id="sm-d">
         <name>__TI_prof_data_size</name>
         <value>0xffffffff</value>
      </symbol>
      <symbol id="sm-62">
         <name>main</name>
         <value>0x8099b4</value>
         <object_component_ref idref="oc-90"/>
      </symbol>
      <symbol id="sm-63">
         <name>exit_handler</name>
         <value>0x8099a0</value>
         <object_component_ref idref="oc-90"/>
      </symbol>
      <symbol id="sm-8b">
         <name>printf</name>
         <value>0x809c40</value>
         <object_component_ref idref="oc-fe"/>
      </symbol>
      <symbol id="sm-2a1">
         <name>__TI_printfi</name>
         <value>0x800000</value>
         <object_component_ref idref="oc-162"/>
      </symbol>
      <symbol id="sm-2d8">
         <name>scanf</name>
         <value>0x809d20</value>
         <object_component_ref idref="oc-104"/>
      </symbol>
      <symbol id="sm-2ed">
         <name>getc</name>
         <value>0x808c20</value>
         <object_component_ref idref="oc-25b"/>
      </symbol>
      <symbol id="sm-2ee">
         <name>fgetc</name>
         <value>0x808c20</value>
         <object_component_ref idref="oc-25b"/>
      </symbol>
      <symbol id="sm-30d">
         <name>putc</name>
         <value>0x807b40</value>
         <object_component_ref idref="oc-1ee"/>
      </symbol>
      <symbol id="sm-30e">
         <name>fputc</name>
         <value>0x807b40</value>
         <object_component_ref idref="oc-1ee"/>
      </symbol>
      <symbol id="sm-350">
         <name>puts</name>
         <value>0x80b020</value>
         <object_component_ref idref="oc-f2"/>
      </symbol>
      <symbol id="sm-351">
         <name>fputs</name>
         <value>0x8069c0</value>
         <object_component_ref idref="oc-13f"/>
      </symbol>
      <symbol id="sm-369">
         <name>__TI_buff_read</name>
         <value>0x808720</value>
         <object_component_ref idref="oc-35e"/>
      </symbol>
      <symbol id="sm-389">
         <name>__TI_wrt_ok</name>
         <value>0x809700</value>
         <object_component_ref idref="oc-1a3"/>
      </symbol>
      <symbol id="sm-38a">
         <name>__TI_rd_ok</name>
         <value>0x80a600</value>
         <object_component_ref idref="oc-358"/>
      </symbol>
      <symbol id="sm-3a6">
         <name>setvbuf</name>
         <value>0x808240</value>
         <object_component_ref idref="oc-2c3"/>
      </symbol>
      <symbol id="sm-3b8">
         <name>ungetc</name>
         <value>0x809360</value>
         <object_component_ref idref="oc-261"/>
      </symbol>
      <symbol id="sm-3d2">
         <name>wcslen</name>
         <value>0x80b060</value>
         <object_component_ref idref="oc-232"/>
      </symbol>
      <symbol id="sm-414">
         <name>__cxa_atexit</name>
         <value>0x80a040</value>
         <object_component_ref idref="oc-147"/>
      </symbol>
      <symbol id="sm-415">
         <name>_Z23__finalize_destructionsPP20a_needed_destructionPv</name>
         <value>0x809f80</value>
         <object_component_ref idref="oc-2d5"/>
      </symbol>
      <symbol id="sm-416">
         <name>atexit</name>
         <value>0x80b240</value>
         <object_component_ref idref="oc-f8"/>
      </symbol>
      <symbol id="sm-417">
         <name>__cxa_ia64_exit</name>
         <value>0x80b0c0</value>
         <object_component_ref idref="oc-1c5"/>
      </symbol>
      <symbol id="sm-437">
         <name>scalbn</name>
         <value>0x808080</value>
         <object_component_ref idref="oc-32f"/>
      </symbol>
      <symbol id="sm-438">
         <name>scalbnl</name>
         <value>0x808080</value>
         <object_component_ref idref="oc-32f"/>
      </symbol>
      <symbol id="sm-439">
         <name>ldexpl</name>
         <value>0x808080</value>
         <object_component_ref idref="oc-32f"/>
      </symbol>
      <symbol id="sm-43a">
         <name>ldexp</name>
         <value>0x808080</value>
         <object_component_ref idref="oc-32f"/>
      </symbol>
      <symbol id="sm-448">
         <name>__c6xabi_push_rts</name>
         <value>0x80b100</value>
         <object_component_ref idref="oc-19e"/>
      </symbol>
      <symbol id="sm-449">
         <name>__pop_rts</name>
         <value>0x80b0e0</value>
         <object_component_ref idref="oc-1b5"/>
      </symbol>
      <symbol id="sm-44a">
         <name>__c6xabi_pop_rts</name>
         <value>0x80b0e0</value>
         <object_component_ref idref="oc-1b5"/>
      </symbol>
      <symbol id="sm-44b">
         <name>__push_rts</name>
         <value>0x80b100</value>
         <object_component_ref idref="oc-19e"/>
      </symbol>
      <symbol id="sm-454">
         <name>__c6xabi_divu</name>
         <value>0x80a280</value>
         <object_component_ref idref="oc-2ff"/>
      </symbol>
      <symbol id="sm-455">
         <name>__divu</name>
         <value>0x80a280</value>
         <object_component_ref idref="oc-2ff"/>
      </symbol>
      <symbol id="sm-45e">
         <name>memcpy</name>
         <value>0x80a880</value>
         <object_component_ref idref="oc-31"/>
      </symbol>
      <symbol id="sm-474">
         <name>_c_int00</name>
         <value>0x80aac0</value>
         <object_component_ref idref="oc-25"/>
      </symbol>
      <symbol id="sm-475">
         <name>_stack</name>
         <value>0x80b2c0</value>
         <object_component_ref idref="oc-2b"/>
      </symbol>
      <symbol id="sm-486">
         <name>__c6xabi_divul</name>
         <value>0x807980</value>
         <object_component_ref idref="oc-2f9"/>
      </symbol>
      <symbol id="sm-4aa">
         <name>__c6xabi_remull</name>
         <value>0x80ac80</value>
         <object_component_ref idref="oc-37d"/>
      </symbol>
      <symbol id="sm-4ab">
         <name>_subcull</name>
         <value>0x80ace0</value>
         <object_component_ref idref="oc-3cd"/>
      </symbol>
      <symbol id="sm-4ac">
         <name>__c6xabi_divull</name>
         <value>0x807520</value>
         <object_component_ref idref="oc-2f3"/>
      </symbol>
      <symbol id="sm-4cc">
         <name>__c6xabi_llshru</name>
         <value>0x80ac20</value>
         <object_component_ref idref="oc-3d3"/>
      </symbol>
      <symbol id="sm-4cd">
         <name>__c6xabi_llshl</name>
         <value>0x80aa40</value>
         <object_component_ref idref="oc-3c7"/>
      </symbol>
      <symbol id="sm-4dd">
         <name>memset</name>
         <value>0x809b60</value>
         <object_component_ref idref="oc-7c"/>
      </symbol>
      <symbol id="sm-502">
         <name>__TI_auto_init_nobinit_nopinit</name>
         <value>0x80a100</value>
         <object_component_ref idref="oc-a4"/>
      </symbol>
      <symbol id="sm-50b">
         <name>_system_pre_init</name>
         <value>0x80b1e0</value>
         <object_component_ref idref="oc-61"/>
      </symbol>
      <symbol id="sm-514">
         <name>_system_post_cinit</name>
         <value>0x80b1c0</value>
         <object_component_ref idref="oc-117"/>
      </symbol>
      <symbol id="sm-52d">
         <name>__TI_decompress_none</name>
         <value>0x80b280</value>
         <object_component_ref idref="oc-18"/>
      </symbol>
      <symbol id="sm-558">
         <name>__TI_decompress_rle24</name>
         <value>0x80b2a0</value>
         <object_component_ref idref="oc-1e"/>
      </symbol>
      <symbol id="sm-56c">
         <name>frexpl</name>
         <value>0x807d00</value>
         <object_component_ref idref="oc-329"/>
      </symbol>
      <symbol id="sm-56d">
         <name>frexp</name>
         <value>0x807d00</value>
         <object_component_ref idref="oc-329"/>
      </symbol>
      <symbol id="sm-58a">
         <name>__c6xabi_isinf</name>
         <value>0x80af60</value>
         <object_component_ref idref="oc-208"/>
      </symbol>
      <symbol id="sm-593">
         <name>_signbit</name>
         <value>0x80b1a0</value>
         <object_component_ref idref="oc-20e"/>
      </symbol>
      <symbol id="sm-5b2">
         <name>__c6xabi_divd</name>
         <value>0x804f80</value>
         <object_component_ref idref="oc-308"/>
      </symbol>
      <symbol id="sm-5c5">
         <name>__TI_frcmpyd_div</name>
         <value>0x80af20</value>
         <object_component_ref idref="oc-3de"/>
      </symbol>
      <symbol id="sm-5de">
         <name>__TI_tls_init</name>
         <value>0x80a400</value>
         <object_component_ref idref="oc-11d"/>
      </symbol>
      <symbol id="sm-5ff">
         <name>C$$EXIT</name>
         <value>0x80b220</value>
         <object_component_ref idref="oc-9b"/>
      </symbol>
      <symbol id="sm-600">
         <name>abort</name>
         <value>0x80b220</value>
         <object_component_ref idref="oc-9b"/>
      </symbol>
      <symbol id="sm-601">
         <name>exit</name>
         <value>0x8098c0</value>
         <object_component_ref idref="oc-5b"/>
      </symbol>
      <symbol id="sm-602">
         <name>__TI_dtors_ptr</name>
         <value>0x80c5bc</value>
         <object_component_ref idref="oc-98"/>
      </symbol>
      <symbol id="sm-603">
         <name>__TI_cleanup_ptr</name>
         <value>0x80c5b8</value>
         <object_component_ref idref="oc-98"/>
      </symbol>
      <symbol id="sm-604">
         <name>__TI_enable_exit_profile_output</name>
         <value>0x80c5c0</value>
         <object_component_ref idref="oc-98"/>
      </symbol>
      <symbol id="sm-66f">
         <name>_sys_memory</name>
         <value>0x80bac0</value>
         <object_component_ref idref="oc-2e"/>
      </symbol>
      <symbol id="sm-670">
         <name>free</name>
         <value>0x806260</value>
         <object_component_ref idref="oc-396"/>
      </symbol>
      <symbol id="sm-671">
         <name>malloc</name>
         <value>0x807ec0</value>
         <object_component_ref idref="oc-1cb"/>
      </symbol>
      <symbol id="sm-687">
         <name>_nop</name>
         <value>0x80b140</value>
         <object_component_ref idref="oc-1e3"/>
      </symbol>
      <symbol id="sm-688">
         <name>_lock</name>
         <value>0x80c5cc</value>
         <object_component_ref idref="oc-150"/>
      </symbol>
      <symbol id="sm-689">
         <name>_unlock</name>
         <value>0x80c5d0</value>
         <object_component_ref idref="oc-153"/>
      </symbol>
      <symbol id="sm-69b">
         <name>_args_main</name>
         <value>0x80afe0</value>
         <object_component_ref idref="oc-55"/>
      </symbol>
      <symbol id="sm-6af">
         <name>atoi</name>
         <value>0x809160</value>
         <object_component_ref idref="oc-1f6"/>
      </symbol>
      <symbol id="sm-6b9">
         <name>_ctypes_</name>
         <value>0x80c5e0</value>
         <object_component_ref idref="oc-258"/>
      </symbol>
      <symbol id="sm-6c9">
         <name>__TI_tmpnams</name>
         <value>0x80c890</value>
      </symbol>
      <symbol id="sm-6ca">
         <name>_ftable</name>
         <value>0x80c2c0</value>
         <object_component_ref idref="oc-13b"/>
      </symbol>
      <symbol id="sm-6cb">
         <name>__TI_ft_end</name>
         <value>0x80c5d4</value>
         <object_component_ref idref="oc-419"/>
      </symbol>
      <symbol id="sm-6db">
         <name>ltoa</name>
         <value>0x809a80</value>
         <object_component_ref idref="oc-30e"/>
      </symbol>
      <symbol id="sm-6ec">
         <name>memccpy</name>
         <value>0x80ada0</value>
         <object_component_ref idref="oc-22c"/>
      </symbol>
      <symbol id="sm-705">
         <name>read</name>
         <value>0x80ae00</value>
         <object_component_ref idref="oc-364"/>
      </symbol>
      <symbol id="sm-71e">
         <name>_stream</name>
         <value>0x80c4a0</value>
         <object_component_ref idref="oc-2cd"/>
      </symbol>
      <symbol id="sm-71f">
         <name>_device</name>
         <value>0x80c540</value>
         <object_component_ref idref="oc-3ad"/>
      </symbol>
      <symbol id="sm-720">
         <name>write</name>
         <value>0x80aec0</value>
         <object_component_ref idref="oc-1af"/>
      </symbol>
      <symbol id="sm-732">
         <name>__errno</name>
         <value>0x80c5dc</value>
         <object_component_ref idref="oc-33f"/>
      </symbol>
      <symbol id="sm-733">
         <name>errno</name>
         <value>0x80c5dc</value>
         <object_component_ref idref="oc-33f"/>
      </symbol>
      <symbol id="sm-734">
         <name>__c6xabi_errno_addr</name>
         <value>0x80b0a0</value>
         <object_component_ref idref="oc-238"/>
      </symbol>
      <symbol id="sm-73d">
         <name>copysign</name>
         <value>0x80b260</value>
         <object_component_ref idref="oc-3f6"/>
      </symbol>
      <symbol id="sm-73e">
         <name>copysignl</name>
         <value>0x80b260</value>
         <object_component_ref idref="oc-3f6"/>
      </symbol>
      <symbol id="sm-87f">
         <name>__TI_scanfi</name>
         <value>0x802040</value>
         <object_component_ref idref="oc-17c"/>
      </symbol>
      <symbol id="sm-88e">
         <name>__TI_doflush</name>
         <value>0x80a1c0</value>
         <object_component_ref idref="oc-1a9"/>
      </symbol>
      <symbol id="sm-89c">
         <name>__TI_cleanup</name>
         <value>0x80a560</value>
         <object_component_ref idref="oc-39c"/>
      </symbol>
      <symbol id="sm-8b4">
         <name>fseek</name>
         <value>0x809260</value>
         <object_component_ref idref="oc-2bd"/>
      </symbol>
      <symbol id="sm-8c4">
         <name>lseek</name>
         <value>0x80ad40</value>
         <object_component_ref idref="oc-38e"/>
      </symbol>
      <symbol id="sm-90b">
         <name>strtold</name>
         <value>0x804000</value>
         <object_component_ref idref="oc-288"/>
      </symbol>
      <symbol id="sm-90c">
         <name>strtod</name>
         <value>0x804000</value>
         <object_component_ref idref="oc-288"/>
      </symbol>
      <symbol id="sm-92a">
         <name>strtol</name>
         <value>0x806620</value>
         <object_component_ref idref="oc-294"/>
      </symbol>
      <symbol id="sm-949">
         <name>strtoll</name>
         <value>0x805560</value>
         <object_component_ref idref="oc-28e"/>
      </symbol>
      <symbol id="sm-967">
         <name>strtoul</name>
         <value>0x806ce0</value>
         <object_component_ref idref="oc-27c"/>
      </symbol>
      <symbol id="sm-986">
         <name>strtoull</name>
         <value>0x805a20</value>
         <object_component_ref idref="oc-282"/>
      </symbol>
      <symbol id="sm-996">
         <name>HOSTclose</name>
         <value>0x80a4c0</value>
         <object_component_ref idref="oc-448"/>
      </symbol>
      <symbol id="sm-9a6">
         <name>HOSTlseek</name>
         <value>0x809460</value>
         <object_component_ref idref="oc-45a"/>
      </symbol>
      <symbol id="sm-9ba">
         <name>parmbuf</name>
         <value>0x80c9d0</value>
      </symbol>
      <symbol id="sm-9bb">
         <name>HOSTopen</name>
         <value>0x809540</value>
         <object_component_ref idref="oc-442"/>
      </symbol>
      <symbol id="sm-9cb">
         <name>HOSTread</name>
         <value>0x809e00</value>
         <object_component_ref idref="oc-44e"/>
      </symbol>
      <symbol id="sm-9e9">
         <name>HOSTrename</name>
         <value>0x808400</value>
         <object_component_ref idref="oc-466"/>
      </symbol>
      <symbol id="sm-9fc">
         <name>HOSTunlink</name>
         <value>0x809ec0</value>
         <object_component_ref idref="oc-460"/>
      </symbol>
      <symbol id="sm-a0c">
         <name>HOSTwrite</name>
         <value>0x809620</value>
         <object_component_ref idref="oc-454"/>
      </symbol>
      <symbol id="sm-a32">
         <name>__TI_readmsg</name>
         <value>0x80a9c0</value>
         <object_component_ref idref="oc-4c8"/>
      </symbol>
      <symbol id="sm-a33">
         <name>C$$IO$$</name>
         <value>0x80ac18</value>
         <object_component_ref idref="oc-4c2"/>
      </symbol>
      <symbol id="sm-a34">
         <name>__CIOBUF_</name>
         <value>0x80c9d8</value>
         <object_component_ref idref="oc-4fa"/>
      </symbol>
      <symbol id="sm-a35">
         <name>__TI_writemsg</name>
         <value>0x80abc0</value>
         <object_component_ref idref="oc-4c2"/>
      </symbol>
      <symbol id="sm-a4e">
         <name>__TI_closefile</name>
         <value>0x808e60</value>
         <object_component_ref idref="oc-439"/>
      </symbol>
      <symbol id="sm-a78">
         <name>finddevice</name>
         <value>0x80a7e0</value>
         <object_component_ref idref="oc-50e"/>
      </symbol>
      <symbol id="sm-a79">
         <name>getdevice</name>
         <value>0x808d40</value>
         <object_component_ref idref="oc-4ee"/>
      </symbol>
      <symbol id="sm-a82">
         <name>__remu</name>
         <value>0x80a6a0</value>
         <object_component_ref idref="oc-385"/>
      </symbol>
      <symbol id="sm-a83">
         <name>__c6xabi_remu</name>
         <value>0x80a6a0</value>
         <object_component_ref idref="oc-385"/>
      </symbol>
      <symbol id="sm-a95">
         <name>close</name>
         <value>0x8097e0</value>
         <object_component_ref idref="oc-4b0"/>
      </symbol>
      <symbol id="sm-aa6">
         <name>unlink</name>
         <value>0x80ab40</value>
         <object_component_ref idref="oc-4b6"/>
      </symbol>
      <symbol id="sm-aa7">
         <name>__TI_STATIC_BASE</name>
         <value>0x0</value>
      </symbol>
      <symbol id="sm-aa9">
         <name>__TI_TLS_INIT_Base</name>
         <value>0x0</value>
      </symbol>
      <symbol id="sm-aaa">
         <name>__TI_TLS_INIT_Limit</name>
         <value>0x0</value>
      </symbol>
      <symbol id="sm-aab">
         <name>remove</name>
         <value>0x80ab40</value>
      </symbol>
   </symbol_table>
   <title>Link successful</title>
</link_info>
