******************************************************************************
               TMS320C6x Linker PC v8.3.2                      
******************************************************************************
>> Linked Wed Nov 20 09:51:01 2019

OUTPUT FILE NAME:   <LAB7_D.out>
ENTRY POINT SYMBOL: "_c_int00"  address: 1180c5c0


MEMORY CONFIGURATION

         name            origin    length      used     unused   attr    fill
----------------------  --------  ---------  --------  --------  ----  --------
  IROM                  11700000   00100000  00000000  00100000  R  X
  IRAM                  11800000   00040000  00017b9b  00028465  RW X
  L3_CBA_RAM            80000000   00020000  00000000  00020000  RW X
  DDR                   c0000000   08000000  00000000  08000000  RW X


SEGMENT ALLOCATION MAP

run origin  load origin   length   init length attrs members
----------  ----------- ---------- ----------- ----- -------
11800000    11800000    0000f7e0   0000f7e0    r-x
  11800000    11800000    0000f7e0   0000f7e0    r-x .text
1180f7e0    1180f7e0    00002d00   00000000    rw-
  1180f7e0    1180f7e0    00002d00   00000000    rw- .far
118124e0    118124e0    000025db   000025db    r--
  118124e0    118124e0    000025db   000025db    r-- .const
11814ac0    11814ac0    000028c4   00000000    rw-
  11814ac0    11814ac0    00002000   00000000    rw- .stack
  11816ac0    11816ac0    000008c4   00000000    rw- .fardata
11817384    11817384    00000030   00000030    r--
  11817384    11817384    00000030   00000030    r-- .switch
118173b4    118173b4    0000001c   00000000    rw-
  118173b4    118173b4    0000001c   00000000    rw- .neardata
118173d0    118173d0    00000010   00000000    r--
  118173d0    118173d0    00000010   00000000    r-- .rodata
11817400    11817400    00000200   00000200    r-x
  11817400    11817400    00000200   00000200    r-x .vecs
11817600    11817600    00000120   00000000    rw-
  11817600    11817600    00000120   00000000    rw- .cio
11817720    11817720    000004a0   000004a0    r--
  11817720    11817720    000004a0   000004a0    r-- .cinit


SECTION ALLOCATION MAP

 output                                  attributes/
section   page    origin      length       input sections
--------  ----  ----------  ----------   ----------------
.stack     0    11814ac0    00002000     UNINITIALIZED
                  11814ac0    00000008     boot.ae674 : boot.oe674 (.stack)
                  11814ac8    00001ff8     --HOLE--

.bss       0    118173b4    00000000     UNINITIALIZED

.neardata 
*          0    118173b4    0000001c     UNINITIALIZED
                  118173b4    00000008     HWI.obj (.neardata)
                  118173bc    00000008     SWI.obj (.neardata)
                  118173c4    00000004     EDMA_McASP.obj (.neardata)
                  118173c8    00000004     GPIO.obj (.neardata)
                  118173cc    00000004     McASP.obj (.neardata)

.rodata    0    118173d0    00000010     UNINITIALIZED
                  118173d0    00000010     app_pe674.oe674 (.rodata)

.cinit     0    11817720    000004a0     
                  11817720    0000043a     (.cinit..fardata.load) [load image, compression = rle]
                  11817b5a    00000017     (.cinit..neardata.load) [load image, compression = rle]
                  11817b71    00000016     (.cinit..rodata.load) [load image, compression = rle]
                  11817b87    0000000b     (.cinit..far.load) [load image, compression = rle]
                  11817b92    00000002     --HOLE-- [fill = 0]
                  11817b94    00000008     (__TI_handler_table)
                  11817b9c    00000004     --HOLE-- [fill = 0]
                  11817ba0    00000020     (__TI_cinit_table)

.init_array 
*          0    11800000    00000000     UNINITIALIZED

.vecs      0    11817400    00000200     
                  11817400    00000200     app_pe674.oe674 (.vecs)

xdc.meta   0    11800000    000000d0     COPY SECTION
                  11800000    000000d0     app_pe674.oe674 (xdc.meta)

.text      0    11800000    0000f7e0     
                  11800000    000008a0     ti.targets.rts6000.ae674 : System.oe674 (.text:xdc_runtime_System_doPrint__I)
                  118008a0    000007e0     Codec.obj (.text)
                  11801080    00000780     sysbios.ae674 : BIOS.obj (.text:ti_sysbios_family_c64p_Exception_handler__I)
                  11801800    00000740                   : BIOS.obj (.text:ti_sysbios_knl_Semaphore_pend__E)
                  11801f40    00000720     McASP.obj (.text)
                  11802660    000006c0     sysbios.ae674 : BIOS.obj (.text:ti_sysbios_timers_timer64_Timer_Module_startup__E)
                  11802d20    00000620                   : BIOS.obj (.text:ti_sysbios_heaps_HeapMem_allocUnprotected__E)
                  11803340    000005c0                   : BIOS.obj (.text:ti_sysbios_heaps_HeapMem_freeUnprotected__E)
                  11803900    00000500                   : BIOS.obj (.text:ti_sysbios_family_c64p_Cache_Module_startup__E)
                  11803e00    00000460     SWI.obj (.text)
                  11804260    00000360     LED_DIPSW.obj (.text)
                  118045c0    00000340     sysbios.ae674 : BIOS.obj (.text:ti_sysbios_timers_timer64_Timer_deviceConfig__I)
                  11804900    00000320     rts6740_elf.lib : fputs.c.obj (.text:fputs)
                  11804c20    00000300     sysbios.ae674 : BIOS.obj (.text:ti_sysbios_knl_Task_Module_startup__E)
                  11804f20    000002e0                   : BIOS.obj (.text:ti_sysbios_heaps_HeapMem_Instance_init__E)
                  11805200    000002c0                   : BIOS.obj (.text:ti_sysbios_knl_Clock_workFunc__E)
                  118054c0    000002c0     ti.targets.rts6000.ae674 : LoggerBuf.oe674 (.text:xdc_runtime_LoggerBuf_write8__E)
                  11805780    00000280     rts6740_elf.lib : divf.c.obj (.text:__c6xabi_divf)
                  11805a00    00000260                     : imath64.c.obj (.text:__c6xabi_divull)
                  11805c60    00000260                     : sinf.c.obj (.text:sinf)
                  11805ec0    00000260     sysbios.ae674 : BIOS.obj (.text:ti_sysbios_family_c64p_Hwi_dispatchCore__I)
                  11806120    00000260                   : BIOS.obj (.text:ti_sysbios_knl_Semaphore_post__E)
                  11806380    00000260     ti.targets.rts6000.ae674 : Startup.oe674 (.text:xdc_runtime_Startup_startMods__I)
                  118065e0    00000240     I2C.obj (.text)
                  11806820    00000240     Init.obj (.text)
                  11806a60    00000240     sysbios.ae674 : BIOS.obj (.text:ti_sysbios_family_c64p_Exception_internalHandler__I)
                  11806ca0    00000240     ti.targets.rts6000.ae674 : Core-mem.oe674 (.text:xdc_runtime_Core_createObject__I)
                  11806ee0    00000240     app_pe674.oe674 (.text:xdc_runtime_System_printfExtend__I)
                  11807120    00000220     sysbios.ae674 : BIOS.obj (.text:ti_sysbios_knl_Swi_run__I)
                  11807340    00000220                   : BIOS.obj (.text:ti_sysbios_timers_timer64_Timer_setPeriodMicroSecs__E)
                  11807560    00000220     ti.targets.rts6000.ae674 : Error.oe674 (.text:xdc_runtime_Error_policyDefault__E)
                  11807780    00000200     sysbios.ae674 : c64p_Hwi_disp_always.obj (.text:_ti_sysbios_family_c64p_Hwi_dispatchAlways)
                  11807980    000001e0                   : BIOS.obj (.text:ti_sysbios_gates_GateMutex_enter__E)
                  11807b60    000001e0     ti.targets.rts6000.ae674 : Text.oe674 (.text:xdc_runtime_Text_putSite__E)
                  11807d40    000001c0     main.obj (.text)
                  11807f00    000001c0     rts6740_elf.lib : setvbuf.c.obj (.text:setvbuf)
                  118080c0    000001c0     sysbios.ae674 : BIOS.obj (.text:ti_sysbios_knl_Task_checkStacks__E)
                  11808280    000001c0                   : BIOS.obj (.text:ti_sysbios_timers_timer64_Timer_getFreq__E)
                  11808440    000001c0     ti.targets.rts6000.ae674 : LoggerBuf.oe674 (.text:xdc_runtime_LoggerBuf_write4__E)
                  11808600    000001a0     GPIO.obj (.text)
                  118087a0    000001a0     rts6740_elf.lib : hostrename.c.obj (.text:HOSTrename)
                  11808940    000001a0     sysbios.ae674 : BIOS.obj (.text:ti_sysbios_family_c64p_Cache_getL2InitSize__I)
                  11808ae0    000001a0                   : BIOS.obj (.text:ti_sysbios_knl_Task_schedule__I)
                  11808c80    000001a0                   : BIOS.obj (.text:ti_sysbios_timers_timer64_Timer_start__E)
                  11808e20    000001a0     ti.targets.rts6000.ae674 : Core-smem.oe674 (.text:xdc_runtime_Core_constructObject__I)
                  11808fc0    00000180     boot.ae674 : autoinit.oe674 (.text:__TI_auto_init:_auto_init_elf)
                  11809140    00000180     sysbios.ae674 : c64p_Exception_asm.obj (.text)
                  118092c0    00000180                   : BIOS.obj (.text:ti_sysbios_knl_Task_exit__E)
                  11809440    00000180                   : BIOS.obj (.text:ti_sysbios_knl_Task_startCore__E)
                  118095c0    00000160                   : BIOS.obj (.text:ti_sysbios_knl_Swi_post__E)
                  11809720    00000160     ti.targets.rts6000.ae674 : Text.oe674 (.text:xdc_runtime_Text_putMod__E)
                  11809880    00000140     EDMA_McASP.obj (.text)
                  118099c0    00000140     sysbios.ae674 : BIOS.obj (.text:ti_sysbios_family_c64p_Hwi_Module_startup__E)
                  11809b00    00000140                   : BIOS.obj (.text:ti_sysbios_knl_Semaphore_Instance_init__E)
                  11809c40    00000140                   : BIOS.obj (.text:ti_sysbios_knl_Task_blockI__E)
                  11809d80    00000140     ti.targets.rts6000.ae674 : Core-mem.oe674 (.text:xdc_runtime_Core_deleteObject__I)
                  11809ec0    00000140                              : LoggerBuf.oe674 (.text:xdc_runtime_LoggerBuf_setFilterLevel__E)
                  1180a000    00000140                              : Text.oe674 (.text:xdc_runtime_Text_putLab__E)
                  1180a140    00000120     HWI.obj (.text)
                  1180a260    00000120     rts6740_elf.lib : getdevice.c.obj (.text:getdevice)
                  1180a380    00000120     sysbios.ae674 : BIOS.obj (.text:ti_sysbios_knl_Swi_restoreHwi__E)
                  1180a4a0    00000120                   : BIOS.obj (.text:ti_sysbios_knl_Task_unblockI__E)
                  1180a5c0    00000120     ti.targets.rts6000.ae674 : LoggerBuf.oe674 (.text:xdc_runtime_LoggerBuf_getFilterLevel__E)
                  1180a6e0    00000100     rts6740_elf.lib : fclose.c.obj (.text:__TI_closefile)
                  1180a7e0    00000100                     : copy_decompress_rle.c.obj (.text:__TI_decompress_rle_core)
                  1180a8e0    00000100                     : cpy_tbl.c.obj (.text:copy_in)
                  1180a9e0    00000100                     : fseek.c.obj (.text:fseek)
                  1180aae0    00000100     sysbios.ae674 : BIOS.obj (.text:ti_sysbios_timers_timer64_Timer_initDevice__I)
                  1180abe0    00000100     ti.targets.rts6000.ae674 : Error.oe674 (.text:xdc_runtime_Error_print__E)
                  1180ace0    00000100                              : Memory.oe674 (.text:xdc_runtime_Memory_alloc__E)
                  1180ade0    00000100                              : Startup.oe674 (.text:xdc_runtime_Startup_exec__E)
                  1180aee0    000000e0     rts6740_elf.lib : hostlseek.c.obj (.text:HOSTlseek)
                  1180afc0    000000e0                     : hostopen.c.obj (.text:HOSTopen)
                  1180b0a0    000000e0                     : hostwrite.c.obj (.text:HOSTwrite)
                  1180b180    000000e0                     : _io_perm.c.obj (.text:__TI_wrt_ok)
                  1180b260    000000e0                     : divi.asm.obj (.text:__divi)
                  1180b340    000000e0                     : close.c.obj (.text:close)
                  1180b420    000000e0                     : exit.c.obj (.text:exit)
                  1180b500    000000e0                     : memset.c.obj (.text:memset)
                  1180b5e0    000000e0     sysbios.ae674 : BIOS.obj (.text:ti_sysbios_heaps_HeapMem_alloc__E)
                  1180b6c0    000000e0                   : BIOS.obj (.text:ti_sysbios_knl_Swi_runLoop__I)
                  1180b7a0    000000e0                   : BIOS.obj (.text:ti_sysbios_timers_timer64_Timer_startup__E)
                  1180b880    000000e0     ti.targets.rts6000.ae674 : Text.oe674 (.text:xdc_runtime_Text_visitRope2__I)
                  1180b960    000000c0     rts6740_elf.lib : hostread.c.obj (.text:HOSTread)
                  1180ba20    000000c0                     : hostunlink.c.obj (.text:HOSTunlink)
                  1180bae0    000000c0                     : fflush.c.obj (.text:__TI_doflush)
                  1180bba0    000000c0                     : divu.asm.obj (.text:__divu)
                  1180bc60    000000c0     sysbios.ae674 : BIOS.obj (.text:ti_sysbios_heaps_HeapMem_getStats__E)
                  1180bd20    000000c0                   : BIOS.obj (.text:ti_sysbios_knl_Clock_logTick__E)
                  1180bde0    000000c0                   : BIOS.obj (.text:ti_sysbios_knl_Swi_schedule__I)
                  1180bea0    000000c0                   : BIOS.obj (.text:ti_sysbios_knl_Task_allBlockedFunction__I)
                  1180bf60    000000c0     rts6740_elf.lib : tls.c.obj (.text:tls:init:__TI_tls_init)
                  1180c020    000000c0     ti.targets.rts6000.ae674 : Assert.oe674 (.text:xdc_runtime_Assert_raise__I)
                  1180c0e0    000000c0                              : Error.oe674 (.text:xdc_runtime_Error_setX__E)
                  1180c1a0    000000c0     app_pe674.oe674 (.text:xdc_runtime_LoggerBuf_Object__create__S)
                  1180c260    000000c0     ti.targets.rts6000.ae674 : SysMin.oe674 (.text:xdc_runtime_SysMin_abort__E)
                  1180c320    000000c0                              : SysMin.oe674 (.text:xdc_runtime_SysMin_flush__E)
                  1180c3e0    000000a0     rts6740_elf.lib : hostclose.c.obj (.text:HOSTclose)
                  1180c480    000000a0                     : fopen.c.obj (.text:__TI_cleanup)
                  1180c520    000000a0                     : remu.asm.obj (.text:__remu)
                  1180c5c0    000000a0     boot.ae674 : boot.oe674 (.text:_c_int00)
                  1180c660    000000a0     rts6740_elf.lib : getdevice.c.obj (.text:finddevice)
                  1180c700    000000a0                     : memcpy64.asm.obj (.text:memcpy)
                  1180c7a0    000000a0     sine.obj (.text)
                  1180c840    000000a0     sysbios.ae674 : BIOS.obj (.text:ti_sysbios_family_c64p_Exception_Module_startup__E)
                  1180c8e0    000000a0                   : BIOS.obj (.text:ti_sysbios_family_c64p_Hwi_dispatchC__I)
                  1180c980    000000a0                   : BIOS.obj (.text:ti_sysbios_family_c64p_Hwi_getStackInfo__E)
                  1180ca20    000000a0                   : BIOS.obj (.text:ti_sysbios_timers_timer64_Timer_stop__E)
                  1180cac0    000000a0     ti.targets.rts6000.ae674 : Core-params.oe674 (.text:xdc_runtime_Core_assignParams__I)
                  1180cb60    000000a0                              : SysMin.oe674 (.text:xdc_runtime_SysMin_putch__E)
                  1180cc00    000000a0                              : System.oe674 (.text:xdc_runtime_System_formatNum__I)
                  1180cca0    000000a0                              : System.oe674 (.text:xdc_runtime_System_putchar__I)
                  1180cd40    000000a0                              : Text.oe674 (.text:xdc_runtime_Text_printVisFxn__I)
                  1180cde0    000000a0                              : Text.oe674 (.text:xdc_runtime_Text_xprintf__I)
                  1180ce80    00000080     rts6740_elf.lib : trgmsg.c.obj (.text:__TI_readmsg)
                  1180cf00    00000080                     : llshift.c.obj (.text:__c6xabi_llshl)
                  1180cf80    00000080                     : roundf.c.obj (.text:__c6xabi_roundf)
                  1180d000    00000080     sysbios.ae674 : c62_TaskSupport_asm.obj (.text:_ti_sysbios_family_c62_TaskSupport_swap__E)
                  1180d080    00000080     app_pe674.oe674 (.text:ti_sysbios_BIOS_atExitFunc__I)
                  1180d100    00000080     app_pe674.oe674 (.text:ti_sysbios_BIOS_registerRTSLock__I)
                  1180d180    00000080     app_pe674.oe674 (.text:ti_sysbios_gates_GateHwi_Object__create__S)
                  1180d200    00000080     app_pe674.oe674 (.text:ti_sysbios_gates_GateMutex_Object__create__S)
                  1180d280    00000080     sysbios.ae674 : BIOS.obj (.text:ti_sysbios_hal_Hwi_checkStack)
                  1180d300    00000080                   : BIOS.obj (.text:ti_sysbios_hal_Hwi_initStack)
                  1180d380    00000080     app_pe674.oe674 (.text:ti_sysbios_heaps_HeapMem_Object__create__S)
                  1180d400    00000080     sysbios.ae674 : BIOS.obj (.text:ti_sysbios_heaps_HeapMem_init__I)
                  1180d480    00000080     app_pe674.oe674 (.text:ti_sysbios_knl_Clock_doTick__I)
                  1180d500    00000080     sysbios.ae674 : BIOS.obj (.text:ti_sysbios_knl_Idle_run__E)
                  1180d580    00000080                   : BIOS.obj (.text:ti_sysbios_knl_Semaphore_pendTimeout__I)
                  1180d600    00000080                   : BIOS.obj (.text:ti_sysbios_knl_Swi_startup__E)
                  1180d680    00000080                   : BIOS.obj (.text:ti_sysbios_knl_Task_restore__E)
                  1180d700    00000080     app_pe674.oe674 (.text:ti_sysbios_rts_MemAlloc_alloc)
                  1180d780    00000080     rts6740_elf.lib : unlink.c.obj (.text:unlink)
                  1180d800    00000080     ti.targets.rts6000.ae674 : Core-label.oe674 (.text:xdc_runtime_Core_assignLabel__I)
                  1180d880    00000080                              : LoggerBuf.oe674 (.text:xdc_runtime_LoggerBuf_Instance_init__E)
                  1180d900    00000080                              : LoggerBuf.oe674 (.text:xdc_runtime_LoggerBuf_Module_startup__E)
                  1180d980    00000080                              : LoggerBuf.oe674 (.text:xdc_runtime_LoggerBuf_filterOutEvent__I)
                  1180da00    00000080     app_pe674.oe674 (.text:xdc_runtime_SysMin_output__I)
                  1180da80    00000080     ti.targets.rts6000.ae674 : System.oe674 (.text:xdc_runtime_System_atexit__E)
                  1180db00    00000080                              : System.oe674 (.text:xdc_runtime_System_avprintf__E)
                  1180db80    00000080                              : System.oe674 (.text:xdc_runtime_System_processAtExit__E)
                  1180dc00    00000080                              : System.oe674 (.text:xdc_runtime_System_vprintf__E)
                  1180dc80    00000060     rts6740_elf.lib : trgmsg.c.obj (.text:__TI_writemsg)
                  1180dce0    00000060                     : llshift.c.obj (.text:__c6xabi_llshru)
                  1180dd40    00000060                     : imath64.c.obj (.text:_subcull)
                  1180dda0    00000060     sysbios.ae674 : c64p_Hwi_asm_switch.obj (.text:_ti_sysbios_family_c64p_Hwi_switchAndDispatch__I)
                  1180de00    00000060                   : c64p_Hwi_asm_switch.obj (.text:_ti_sysbios_family_xxx_Hwi_switchAndRunFunc)
                  1180de60    00000060     rts6740_elf.lib : lseek.c.obj (.text:lseek)
                  1180dec0    00000060                     : modff.c.obj (.text:modff)
                  1180df20    00000060     app_pe674.oe674 (.text:ti_sysbios_BIOS_errorRaiseHook__I)
                  1180df80    00000060     app_pe674.oe674 (.text:ti_sysbios_BIOS_removeRTSLock__I)
                  1180dfe0    00000060     app_pe674.oe674 (.text:ti_sysbios_BIOS_startFunc__I)
                  1180e040    00000060     sysbios.ae674 : BIOS.obj (.text:ti_sysbios_family_c62_TaskSupport_start__E)
                  1180e0a0    00000060                   : BIOS.obj (.text:ti_sysbios_family_c64p_Cache_setMar__E)
                  1180e100    00000060     app_pe674.oe674 (.text:ti_sysbios_gates_GateMutex_Object__delete__S)
                  1180e160    00000060     sysbios.ae674 : BIOS.obj (.text:ti_sysbios_heaps_HeapMem_free__E)
                  1180e1c0    00000060                   : BIOS.obj (.text:ti_sysbios_knl_Clock_Module_startup__E)
                  1180e220    00000060     app_pe674.oe674 (.text:ti_sysbios_knl_Queue_construct)
                  1180e280    00000060     app_pe674.oe674 (.text:ti_sysbios_knl_Semaphore_construct)
                  1180e2e0    00000060     sysbios.ae674 : BIOS.obj (.text:ti_sysbios_knl_Swi_Module_startup__E)
                  1180e340    00000060                   : BIOS.obj (.text:ti_sysbios_knl_Task_enter__I)
                  1180e3a0    00000060     rts6740_elf.lib : write.c.obj (.text:write)
                  1180e400    00000060     app_pe674.oe674 (.text:xdc_runtime_LoggerBuf_Object__delete__S)
                  1180e460    00000060     ti.targets.rts6000.ae674 : LoggerBuf.oe674 (.text:xdc_runtime_LoggerBuf_reset__E)
                  1180e4c0    00000060                              : Memory.oe674 (.text:xdc_runtime_Memory_valloc__E)
                  1180e520    00000060                              : Text.oe674 (.text:xdc_runtime_Text_cordText__E)
                  1180e580    00000040     rts6740_elf.lib : args_main.c.obj (.text:_args_main)
                  1180e5c0    00000040     sysbios.ae674 : c62_TaskSupport_asm.obj (.text:_ti_sysbios_family_c62_TaskSupport_buildTaskStack)
                  1180e600    00000040     app_pe674.oe674 (.text:free)
                  1180e640    00000040     rts6740_elf.lib : fputs.c.obj (.text:puts)
                  1180e680    00000040     app_pe674.oe674 (.text:ti_sysbios_BIOS_exitFunc__I)
                  1180e6c0    00000040     app_pe674.oe674 (.text:ti_sysbios_BIOS_rtsLock__I)
                  1180e700    00000040     app_pe674.oe674 (.text:ti_sysbios_BIOS_rtsUnlock__I)
                  1180e740    00000040     sysbios.ae674 : BIOS.obj (.text:ti_sysbios_family_c64p_Hwi_disableInterrupt__E)
                  1180e780    00000040                   : BIOS.obj (.text:ti_sysbios_family_c64p_Hwi_enableInterrupt__E)
                  1180e7c0    00000040                   : BIOS.obj (.text:ti_sysbios_family_c64p_primus_TimerSupport_enable__E)
                  1180e800    00000040     app_pe674.oe674 (.text:ti_sysbios_gates_GateHwi_Handle__label__S)
                  1180e840    00000040     app_pe674.oe674 (.text:ti_sysbios_gates_GateHwi_Object__delete__S)
                  1180e880    00000040     app_pe674.oe674 (.text:ti_sysbios_gates_GateMutex_Handle__label__S)
                  1180e8c0    00000040     sysbios.ae674 : BIOS.obj (.text:ti_sysbios_gates_GateMutex_Instance_init__E)
                  1180e900    00000040                   : BIOS.obj (.text:ti_sysbios_gates_GateMutex_leave__E)
                  1180e940    00000040     app_pe674.oe674 (.text:ti_sysbios_heaps_HeapMem_Handle__label__S)
                  1180e980    00000040     app_pe674.oe674 (.text:ti_sysbios_heaps_HeapMem_Object__delete__S)
                  1180e9c0    00000040     app_pe674.oe674 (.text:ti_sysbios_heaps_HeapMem_Object__get__S)
                  1180ea00    00000040     sysbios.ae674 : BIOS.obj (.text:ti_sysbios_knl_Queue_get__E)
                  1180ea40    00000040     app_pe674.oe674 (.text:ti_sysbios_knl_Semaphore_destruct)
                  1180ea80    00000040     app_pe674.oe674 (.text:ti_sysbios_knl_Swi_Object__get__S)
                  1180eac0    00000040     sysbios.ae674 : BIOS.obj (.text:ti_sysbios_knl_Swi_or__E)
                  1180eb00    00000040     app_pe674.oe674 (.text:ti_sysbios_knl_Task_Object__get__S)
                  1180eb40    00000040     ti.targets.rts6000.ae674 : Error.oe674 (.text:xdc_runtime_Error_check__E)
                  1180eb80    00000040                              : Error.oe674 (.text:xdc_runtime_Error_init__E)
                  1180ebc0    00000040     app_pe674.oe674 (.text:xdc_runtime_LoggerBuf_Handle__label__S)
                  1180ec00    00000040     ti.targets.rts6000.ae674 : LoggerBuf.oe674 (.text:xdc_runtime_LoggerBuf_Instance_finalize__E)
                  1180ec40    00000040     app_pe674.oe674 (.text:xdc_runtime_LoggerBuf_Object__get__S)
                  1180ec80    00000040     ti.targets.rts6000.ae674 : LoggerBuf.oe674 (.text:xdc_runtime_LoggerBuf_write0__E)
                  1180ecc0    00000040                              : LoggerBuf.oe674 (.text:xdc_runtime_LoggerBuf_write1__E)
                  1180ed00    00000040                              : LoggerBuf.oe674 (.text:xdc_runtime_LoggerBuf_write2__E)
                  1180ed40    00000040                              : Registry.oe674 (.text:xdc_runtime_Registry_findById__E)
                  1180ed80    00000040                              : SysMin.oe674 (.text:xdc_runtime_SysMin_Module_startup__E)
                  1180edc0    00000040                              : SysMin.oe674 (.text:xdc_runtime_SysMin_exit__E)
                  1180ee00    00000040                              : System.oe674 (.text:xdc_runtime_System_abort__E)
                  1180ee40    00000040     app_pe674.oe674 (.text:xdc_runtime_System_aprintf__E)
                  1180ee80    00000040     ti.targets.rts6000.ae674 : System.oe674 (.text:xdc_runtime_System_exit__E)
                  1180eec0    00000040     app_pe674.oe674 (.text:xdc_runtime_System_printf__E)
                  1180ef00    00000020     rts6740_elf.lib : truncf.c.obj (.text:__c6xabi_truncf)
                  1180ef20    00000020                     : push.asm.obj (.text:__pop_rts)
                  1180ef40    00000020                     : push.asm.obj (.text:__push_rts)
                  1180ef60    00000020                     : _lock.c.obj (.text:_nop)
                  1180ef80    00000020                     : _lock.c.obj (.text:_register_lock)
                  1180efa0    00000020                     : _lock.c.obj (.text:_register_unlock)
                  1180efc0    00000020                     : startup.c.obj (.text:_system_post_cinit)
                  1180efe0    00000020     sysbios.ae674 : c62_TaskSupport_asm.obj (.text:_ti_sysbios_family_c62_TaskSupport_glue)
                  1180f000    00000020     rts6740_elf.lib : exit.c.obj (.text:abort)
                  1180f020    00000020                     : copy_decompress_none.c.obj (.text:decompress:none:__TI_decompress_none)
                  1180f040    00000020                     : copy_decompress_rle.c.obj (.text:decompress:rle24:__TI_decompress_rle24)
                  1180f060    00000020     app_pe674.oe674 (.text:ti_sysbios_BIOS_RtsGateProxy_enter__E)
                  1180f080    00000020     app_pe674.oe674 (.text:ti_sysbios_BIOS_RtsGateProxy_leave__E)
                  1180f0a0    00000020     sysbios.ae674 : BIOS.obj (.text:ti_sysbios_BIOS_linkedWithIncorrectBootLibrary__E)
                  1180f0c0    00000020     app_pe674.oe674 (.text:ti_sysbios_BIOS_nullFunc__I)
                  1180f0e0    00000020     sysbios.ae674 : BIOS.obj (.text:ti_sysbios_BIOS_setThreadType__E)
                  1180f100    00000020                   : BIOS.obj (.text:ti_sysbios_BIOS_start__E)
                  1180f120    00000020     app_pe674.oe674 (.text:ti_sysbios_family_c62_TaskSupport_Module__startupDone__S)
                  1180f140    00000020     sysbios.ae674 : BIOS.obj (.text:ti_sysbios_family_c62_TaskSupport_checkStack__E)
                  1180f160    00000020     app_pe674.oe674 (.text:ti_sysbios_family_c64p_Hwi_Module__startupDone__F)
                  1180f180    00000020     sysbios.ae674 : BIOS.obj (.text:ti_sysbios_family_c64p_Hwi_clearInterrupt__E)
                  1180f1a0    00000020                   : BIOS.obj (.text:ti_sysbios_family_c64p_Hwi_startup__E)
                  1180f1c0    00000020                   : BIOS.obj (.text:ti_sysbios_family_c64p_Hwi_switchFromBootStack__E)
                  1180f1e0    00000020                   : BIOS.obj (.text:ti_sysbios_family_c64p_TimestampProvider_Module_startup__E)
                  1180f200    00000020                   : BIOS.obj (.text:ti_sysbios_family_c64p_TimestampProvider_get64__E)
                  1180f220    00000020                   : BIOS.obj (.text:ti_sysbios_gates_GateHwi_Instance_init__E)
                  1180f240    00000020                   : BIOS.obj (.text:ti_sysbios_gates_GateHwi_enter__E)
                  1180f260    00000020                   : BIOS.obj (.text:ti_sysbios_gates_GateHwi_leave__E)
                  1180f280    00000020                   : BIOS.obj (.text:ti_sysbios_gates_GateHwi_query__E)
                  1180f2a0    00000020                   : BIOS.obj (.text:ti_sysbios_gates_GateMutex_Instance_finalize__E)
                  1180f2c0    00000020                   : BIOS.obj (.text:ti_sysbios_gates_GateMutex_query__E)
                  1180f2e0    00000020                   : BIOS.obj (.text:ti_sysbios_hal_Hwi_Module_startup__E)
                  1180f300    00000020     app_pe674.oe674 (.text:ti_sysbios_heaps_HeapMem_Module_GateProxy_enter__E)
                  1180f320    00000020     app_pe674.oe674 (.text:ti_sysbios_heaps_HeapMem_Module_GateProxy_leave__E)
                  1180f340    00000020     sysbios.ae674 : BIOS.obj (.text:ti_sysbios_heaps_HeapMem_isBlocking__E)
                  1180f360    00000020     app_pe674.oe674 (.text:ti_sysbios_knl_Clock_TimerProxy_getMaxTicks__E)
                  1180f380    00000020     sysbios.ae674 : BIOS.obj (.text:ti_sysbios_knl_Idle_loop__E)
                  1180f3a0    00000020                   : BIOS.obj (.text:ti_sysbios_knl_Queue_Instance_init__E)
                  1180f3c0    00000020     app_pe674.oe674 (.text:ti_sysbios_knl_Queue_Object__get__S)
                  1180f3e0    00000020     app_pe674.oe674 (.text:ti_sysbios_knl_Queue_destruct)
                  1180f400    00000020     sysbios.ae674 : BIOS.obj (.text:ti_sysbios_knl_Queue_empty__E)
                  1180f420    00000020                   : BIOS.obj (.text:ti_sysbios_knl_Queue_put__E)
                  1180f440    00000020                   : BIOS.obj (.text:ti_sysbios_knl_Semaphore_Instance_finalize__E)
                  1180f460    00000020                   : BIOS.obj (.text:ti_sysbios_knl_Swi_disable__E)
                  1180f480    00000020                   : BIOS.obj (.text:ti_sysbios_knl_Task_disable__E)
                  1180f4a0    00000020                   : BIOS.obj (.text:ti_sysbios_knl_Task_startup__E)
                  1180f4c0    00000020     app_pe674.oe674 (.text:ti_sysbios_timers_timer64_Timer_Module__startupDone__F)
                  1180f4e0    00000020     sysbios.ae674 : BIOS.obj (.text:ti_sysbios_timers_timer64_Timer_getMaxTicks__E)
                  1180f500    00000020     ti.targets.rts6000.ae674 : Error.oe674 (.text:xdc_runtime_Error_getSite__E)
                  1180f520    00000020                              : Error.oe674 (.text:xdc_runtime_Error_raiseX__E)
                  1180f540    00000020                              : Gate.oe674 (.text:xdc_runtime_Gate_enterSystem__E)
                  1180f560    00000020                              : Gate.oe674 (.text:xdc_runtime_Gate_leaveSystem__E)
                  1180f580    00000020     app_pe674.oe674 (.text:xdc_runtime_IHeap_alloc)
                  1180f5a0    00000020     app_pe674.oe674 (.text:xdc_runtime_IHeap_free)
                  1180f5c0    00000020     app_pe674.oe674 (.text:xdc_runtime_LoggerBuf_Module_GateProxy_enter__E)
                  1180f5e0    00000020     app_pe674.oe674 (.text:xdc_runtime_LoggerBuf_Module_GateProxy_leave__E)
                  1180f600    00000020     ti.targets.rts6000.ae674 : LoggerBuf.oe674 (.text:xdc_runtime_LoggerBuf_disable__E)
                  1180f620    00000020                              : LoggerBuf.oe674 (.text:xdc_runtime_LoggerBuf_enable__E)
                  1180f640    00000020                              : Memory.oe674 (.text:xdc_runtime_Memory_calloc__E)
                  1180f660    00000020                              : Memory.oe674 (.text:xdc_runtime_Memory_free__E)
                  1180f680    00000020                              : Memory.oe674 (.text:xdc_runtime_Memory_getMaxDefaultTypeAlign__E)
                  1180f6a0    00000020     app_pe674.oe674 (.text:xdc_runtime_Startup_exec__I)
                  1180f6c0    00000020     app_pe674.oe674 (.text:xdc_runtime_Startup_reset__I)
                  1180f6e0    00000020     ti.targets.rts6000.ae674 : Startup.oe674 (.text:xdc_runtime_Startup_rtsDone__E)
                  1180f700    00000020                              : SysMin.oe674 (.text:xdc_runtime_SysMin_ready__E)
                  1180f720    00000020     app_pe674.oe674 (.text:xdc_runtime_System_Module_GateProxy_enter__E)
                  1180f740    00000020     app_pe674.oe674 (.text:xdc_runtime_System_Module_GateProxy_leave__E)
                  1180f760    00000020     ti.targets.rts6000.ae674 : System.oe674 (.text:xdc_runtime_System_Module_startup__E)
                  1180f780    00000020                              : System.oe674 (.text:xdc_runtime_System_vsnprintf__E)
                  1180f7a0    00000020                              : Text.oe674 (.text:xdc_runtime_Text_ropeText__E)
                  1180f7c0    00000020     app_pe674.oe674 (.text:xdc_runtime_Text_visitRope__I)

.far       0    1180f7e0    00002d00     UNINITIALIZED
                  1180f7e0    00001000     (.common:ti_sysbios_heaps_HeapMem_Instance_State_0_buf__A)
                  118107e0    00000800     app_pe674.oe674 (.far:taskStackSection)
                  11810fe0    00000640     SWI.obj (.far:ping$2)
                  11811620    00000640     SWI.obj (.far:pong$3)
                  11811c60    00000320     SWI.obj (.far:sine)
                  11811f80    00000200     (.common:xdc_runtime_LoggerBuf_Instance_State_0_entryArr__A)
                  11812180    00000200     (.common:xdc_runtime_SysMin_Module_State_0_outbuf__A)
                  11812380    00000140     (.common:__TI_tmpnams)
                  118124c0    00000018     main.obj (.far:que$1)
                  118124d8    00000008     (.common:parmbuf)

.const     0    118124e0    000025db     
                  118124e0    0000194a     app_pe674.oe674 (.const:xdc_runtime_Text_charTab__A)
                  11813e2a    00000002     app_pe674.oe674 (.const:ti_sysbios_family_c64p_Cache_Module__id__C)
                  11813e2c    00000518     sysbios.ae674 : BIOS.obj (.const:.string)
                  11814344    00000004     rts6740_elf.lib : fputs.c.obj (.const:.string)
                  11814348    000000cc     app_pe674.oe674 (.const:xdc_runtime_Text_nodeTab__A)
                  11814414    00000074     app_pe674.oe674 (.const:.string)
                  11814488    00000058     ti.targets.rts6000.ae674 : Error.oe674 (.const:.string)
                  118144e0    0000004c     main.obj (.const:.string)
                  1181452c    00000040     ti.targets.rts6000.ae674 : Text.oe674 (.const:.string)
                  1181456c    0000003c     app_pe674.oe674 (.const:xdc_runtime_LoggerBuf_Module__FXNS__C)
                  118145a8    00000030     app_pe674.oe674 (.const:xdc_runtime_Startup_sfxnTab__A)
                  118145d8    0000002c     ti.targets.rts6000.ae674 : Startup.oe674 (.const:.string)
                  11814604    00000028     app_pe674.oe674 (.const:ti_sysbios_heaps_HeapMem_Module__FXNS__C)
                  1181462c    00000028     app_pe674.oe674 (.const:xdc_runtime_LoggerBuf_Object__PARAMS__C)
                  11814654    00000024     app_pe674.oe674 (.const:ti_sysbios_gates_GateHwi_Module__FXNS__C)
                  11814678    00000024     app_pe674.oe674 (.const:ti_sysbios_gates_GateMutex_Module__FXNS__C)
                  1181469c    00000024     app_pe674.oe674 (.const:ti_sysbios_heaps_HeapMem_Object__PARAMS__C)
                  118146c0    00000024     app_pe674.oe674 (.const:ti_sysbios_knl_Semaphore_Object__PARAMS__C)
                  118146e4    00000020     app_pe674.oe674 (.const:ti_sysbios_gates_GateHwi_Object__DESC__C)
                  11814704    00000020     app_pe674.oe674 (.const:ti_sysbios_gates_GateMutex_Object__DESC__C)
                  11814724    00000020     app_pe674.oe674 (.const:ti_sysbios_heaps_HeapMem_Object__DESC__C)
                  11814744    00000020     app_pe674.oe674 (.const:ti_sysbios_knl_Queue_Object__DESC__C)
                  11814764    00000020     app_pe674.oe674 (.const:ti_sysbios_knl_Semaphore_Object__DESC__C)
                  11814784    00000020     app_pe674.oe674 (.const:xdc_runtime_LoggerBuf_Object__DESC__C)
                  118147a4    00000018     ti.targets.rts6000.ae674 : System.oe674 (.const:.string)
                  118147bc    00000018     app_pe674.oe674 (.const:ti_sysbios_gates_GateHwi_Object__PARAMS__C)
                  118147d4    00000018     app_pe674.oe674 (.const:ti_sysbios_gates_GateMutex_Object__PARAMS__C)
                  118147ec    00000018     app_pe674.oe674 (.const:ti_sysbios_knl_Queue_Object__PARAMS__C)
                  11814804    00000004     ti.targets.rts6000.ae674 : Assert.oe674 (.const:.string)
                  11814808    00000018     app_pe674.oe674 (.const:xdc_runtime_Startup_sfxnRts__A)
                  11814820    0000000c     app_pe674.oe674 (.const:ti_sysbios_knl_Idle_funcList__A)
                  1181482c    00000008     app_pe674.oe674 (.const:ti_sysbios_knl_Idle_funcList__C)
                  11814834    00000004     app_pe674.oe674 (.const:ti_sysbios_family_c64p_Cache_E_invalidL1CacheSize__C)
                  11814838    00000008     app_pe674.oe674 (.const:xdc_runtime_Startup_firstFxns__A)
                  11814840    00000008     app_pe674.oe674 (.const:xdc_runtime_Startup_firstFxns__C)
                  11814848    00000008     app_pe674.oe674 (.const:xdc_runtime_Startup_lastFxns__C)
                  11814850    00000004     app_pe674.oe674 (.const:ti_sysbios_family_c64p_Cache_E_invalidL2CacheSize__C)
                  11814854    00000004     app_pe674.oe674 (.const:ti_sysbios_family_c64p_Cache_MAR0_31__C)
                  11814858    00000004     app_pe674.oe674 (.const:ti_sysbios_family_c64p_Cache_MAR128_159__C)
                  1181485c    00000004     app_pe674.oe674 (.const:ti_sysbios_family_c64p_Cache_MAR160_191__C)
                  11814860    00000004     app_pe674.oe674 (.const:ti_sysbios_family_c64p_Cache_MAR192_223__C)
                  11814864    00000004     app_pe674.oe674 (.const:ti_sysbios_family_c64p_Cache_MAR224_255__C)
                  11814868    00000004     app_pe674.oe674 (.const:ti_sysbios_family_c64p_Cache_MAR32_63__C)
                  1181486c    00000004     app_pe674.oe674 (.const:ti_sysbios_family_c64p_Cache_MAR64_95__C)
                  11814870    00000004     app_pe674.oe674 (.const:ti_sysbios_family_c64p_Cache_MAR96_127__C)
                  11814874    00000004     app_pe674.oe674 (.const:ti_sysbios_family_c64p_Exception_E_exceptionMax__C)
                  11814878    00000004     app_pe674.oe674 (.const:ti_sysbios_family_c64p_Exception_exceptionHook__C)
                  1181487c    00000004     app_pe674.oe674 (.const:ti_sysbios_family_c64p_Exception_externalHook__C)
                  11814880    00000004     app_pe674.oe674 (.const:ti_sysbios_family_c64p_Exception_internalHook__C)
                  11814884    00000004     app_pe674.oe674 (.const:ti_sysbios_family_c64p_Exception_nmiHook__C)
                  11814888    00000004     app_pe674.oe674 (.const:ti_sysbios_family_c64p_Hwi_LD_end__C)
                  1181488c    00000004     app_pe674.oe674 (.const:ti_sysbios_family_c64p_Hwi_LM_begin__C)
                  11814890    00000004     app_pe674.oe674 (.const:ti_sysbios_family_c64p_Hwi_Module__diagsEnabled__C)
                  11814894    00000004     app_pe674.oe674 (.const:ti_sysbios_family_c64p_Hwi_Module__diagsIncluded__C)
                  11814898    00000004     app_pe674.oe674 (.const:ti_sysbios_family_c64p_Hwi_Module__diagsMask__C)
                  1181489c    00000004     app_pe674.oe674 (.const:ti_sysbios_family_c64p_Hwi_Module__loggerFxn1__C)
                  118148a0    00000004     app_pe674.oe674 (.const:ti_sysbios_family_c64p_Hwi_Module__loggerFxn8__C)
                  118148a4    00000004     app_pe674.oe674 (.const:ti_sysbios_family_c64p_Hwi_Module__loggerObj__C)
                  118148a8    00000004     app_pe674.oe674 (.const:ti_sysbios_gates_GateMutex_A_badContext__C)
                  118148ac    00000004     app_pe674.oe674 (.const:ti_sysbios_gates_GateMutex_Instance_State_sem__O)
                  118148b0    00000004     app_pe674.oe674 (.const:ti_sysbios_gates_GateMutex_Module__diagsEnabled__C)
                  118148b4    00000004     app_pe674.oe674 (.const:ti_sysbios_gates_GateMutex_Module__diagsIncluded__C)
                  118148b8    00000004     app_pe674.oe674 (.const:ti_sysbios_gates_GateMutex_Module__diagsMask__C)
                  118148bc    00000004     app_pe674.oe674 (.const:ti_sysbios_hal_Hwi_E_stackOverflow__C)
                  118148c0    00000004     app_pe674.oe674 (.const:ti_sysbios_heaps_HeapMem_A_align__C)
                  118148c4    00000004     app_pe674.oe674 (.const:ti_sysbios_heaps_HeapMem_A_heapSize__C)
                  118148c8    00000004     app_pe674.oe674 (.const:ti_sysbios_heaps_HeapMem_A_invalidFree__C)
                  118148cc    00000004     app_pe674.oe674 (.const:ti_sysbios_heaps_HeapMem_A_zeroBlock__C)
                  118148d0    00000004     app_pe674.oe674 (.const:ti_sysbios_heaps_HeapMem_E_memory__C)
                  118148d4    00000004     app_pe674.oe674 (.const:ti_sysbios_heaps_HeapMem_Module__diagsEnabled__C)
                  118148d8    00000004     app_pe674.oe674 (.const:ti_sysbios_heaps_HeapMem_Module__diagsIncluded__C)
                  118148dc    00000004     app_pe674.oe674 (.const:ti_sysbios_heaps_HeapMem_Module__diagsMask__C)
                  118148e0    00000004     app_pe674.oe674 (.const:ti_sysbios_heaps_HeapMem_Module__gateObj__C)
                  118148e4    00000004     app_pe674.oe674 (.const:ti_sysbios_heaps_HeapMem_Object__count__C)
                  118148e8    00000004     app_pe674.oe674 (.const:ti_sysbios_heaps_HeapMem_reqAlign__C)
                  118148ec    00000004     app_pe674.oe674 (.const:ti_sysbios_knl_Clock_LM_begin__C)
                  118148f0    00000004     app_pe674.oe674 (.const:ti_sysbios_knl_Clock_LM_tick__C)
                  118148f4    00000004     app_pe674.oe674 (.const:ti_sysbios_knl_Clock_LW_delayed__C)
                  118148f8    00000004     app_pe674.oe674 (.const:ti_sysbios_knl_Clock_Module_State_clockQ__O)
                  118148fc    00000004     app_pe674.oe674 (.const:ti_sysbios_knl_Clock_Module__diagsEnabled__C)
                  11814900    00000004     app_pe674.oe674 (.const:ti_sysbios_knl_Clock_Module__diagsIncluded__C)
                  11814904    00000004     app_pe674.oe674 (.const:ti_sysbios_knl_Clock_Module__diagsMask__C)
                  11814908    00000004     app_pe674.oe674 (.const:ti_sysbios_knl_Clock_Module__loggerFxn1__C)
                  1181490c    00000004     app_pe674.oe674 (.const:ti_sysbios_knl_Clock_Module__loggerFxn2__C)
                  11814910    00000004     app_pe674.oe674 (.const:ti_sysbios_knl_Clock_Module__loggerObj__C)
                  11814914    00000004     app_pe674.oe674 (.const:ti_sysbios_knl_Semaphore_A_badContext__C)
                  11814918    00000004     app_pe674.oe674 (.const:ti_sysbios_knl_Semaphore_A_noEvents__C)
                  1181491c    00000004     app_pe674.oe674 (.const:ti_sysbios_knl_Semaphore_A_overflow__C)
                  11814920    00000004     app_pe674.oe674 (.const:ti_sysbios_knl_Semaphore_A_pendTaskDisabled__C)
                  11814924    00000004     app_pe674.oe674 (.const:ti_sysbios_knl_Semaphore_Instance_State_pendQ__O)
                  11814928    00000004     app_pe674.oe674 (.const:ti_sysbios_knl_Semaphore_LM_pend__C)
                  1181492c    00000004     app_pe674.oe674 (.const:ti_sysbios_knl_Semaphore_LM_post__C)
                  11814930    00000004     app_pe674.oe674 (.const:ti_sysbios_knl_Semaphore_Module__diagsEnabled__C)
                  11814934    00000004     app_pe674.oe674 (.const:ti_sysbios_knl_Semaphore_Module__diagsIncluded__C)
                  11814938    00000004     app_pe674.oe674 (.const:ti_sysbios_knl_Semaphore_Module__diagsMask__C)
                  1181493c    00000004     app_pe674.oe674 (.const:ti_sysbios_knl_Semaphore_Module__loggerFxn2__C)
                  11814940    00000004     app_pe674.oe674 (.const:ti_sysbios_knl_Semaphore_Module__loggerFxn4__C)
                  11814944    00000004     app_pe674.oe674 (.const:ti_sysbios_knl_Semaphore_Module__loggerObj__C)
                  11814948    00000004     app_pe674.oe674 (.const:ti_sysbios_knl_Swi_LD_end__C)
                  1181494c    00000004     app_pe674.oe674 (.const:ti_sysbios_knl_Swi_LM_begin__C)
                  11814950    00000004     app_pe674.oe674 (.const:ti_sysbios_knl_Swi_LM_post__C)
                  11814954    00000004     app_pe674.oe674 (.const:ti_sysbios_knl_Swi_Module__diagsEnabled__C)
                  11814958    00000004     app_pe674.oe674 (.const:ti_sysbios_knl_Swi_Module__diagsIncluded__C)
                  1181495c    00000004     app_pe674.oe674 (.const:ti_sysbios_knl_Swi_Module__diagsMask__C)
                  11814960    00000004     app_pe674.oe674 (.const:ti_sysbios_knl_Swi_Module__loggerFxn1__C)
                  11814964    00000004     app_pe674.oe674 (.const:ti_sysbios_knl_Swi_Module__loggerFxn4__C)
                  11814968    00000004     app_pe674.oe674 (.const:ti_sysbios_knl_Swi_Module__loggerObj__C)
                  1181496c    00000004     app_pe674.oe674 (.const:ti_sysbios_knl_Swi_Object__count__C)
                  11814970    00000004     app_pe674.oe674 (.const:ti_sysbios_knl_Task_E_spOutOfBounds__C)
                  11814974    00000004     app_pe674.oe674 (.const:ti_sysbios_knl_Task_E_stackOverflow__C)
                  11814978    00000004     app_pe674.oe674 (.const:ti_sysbios_knl_Task_LD_block__C)
                  1181497c    00000004     app_pe674.oe674 (.const:ti_sysbios_knl_Task_LD_exit__C)
                  11814980    00000004     app_pe674.oe674 (.const:ti_sysbios_knl_Task_LD_ready__C)
                  11814984    00000004     app_pe674.oe674 (.const:ti_sysbios_knl_Task_LM_switch__C)
                  11814988    00000004     app_pe674.oe674 (.const:ti_sysbios_knl_Task_Module_State_inactiveQ__O)
                  1181498c    00000004     app_pe674.oe674 (.const:ti_sysbios_knl_Task_Module__diagsEnabled__C)
                  11814990    00000004     app_pe674.oe674 (.const:ti_sysbios_knl_Task_Module__diagsIncluded__C)
                  11814994    00000004     app_pe674.oe674 (.const:ti_sysbios_knl_Task_Module__diagsMask__C)
                  11814998    00000004     app_pe674.oe674 (.const:ti_sysbios_knl_Task_Module__loggerFxn2__C)
                  1181499c    00000004     app_pe674.oe674 (.const:ti_sysbios_knl_Task_Module__loggerFxn4__C)
                  118149a0    00000004     app_pe674.oe674 (.const:ti_sysbios_knl_Task_Module__loggerObj__C)
                  118149a4    00000004     app_pe674.oe674 (.const:ti_sysbios_knl_Task_Object__count__C)
                  118149a8    00000004     app_pe674.oe674 (.const:ti_sysbios_knl_Task_allBlockedFunc__C)
                  118149ac    00000004     app_pe674.oe674 (.const:ti_sysbios_knl_Task_numConstructedTasks__C)
                  118149b0    00000004     app_pe674.oe674 (.const:ti_sysbios_timers_timer64_Timer_A_notAvailable__C)
                  118149b4    00000004     app_pe674.oe674 (.const:ti_sysbios_timers_timer64_Timer_E_cannotSupport__C)
                  118149b8    00000004     app_pe674.oe674 (.const:ti_sysbios_timers_timer64_Timer_Module__diagsEnabled__C)
                  118149bc    00000004     app_pe674.oe674 (.const:ti_sysbios_timers_timer64_Timer_Module__diagsIncluded__C)
                  118149c0    00000004     app_pe674.oe674 (.const:ti_sysbios_timers_timer64_Timer_Module__diagsMask__C)
                  118149c4    00000004     app_pe674.oe674 (.const:ti_sysbios_timers_timer64_Timer_anyMaskHigh__C)
                  118149c8    00000004     app_pe674.oe674 (.const:ti_sysbios_timers_timer64_Timer_anyMask__C)
                  118149cc    00000004     app_pe674.oe674 (.const:ti_sysbios_timers_timer64_Timer_freqDivisor__C)
                  118149d0    00000004     app_pe674.oe674 (.const:ti_sysbios_timers_timer64_Timer_numLocalTimers__C)
                  118149d4    00000004     app_pe674.oe674 (.const:ti_sysbios_timers_timer64_Timer_numTimerDevices__C)
                  118149d8    00000004     app_pe674.oe674 (.const:xdc_runtime_Assert_E_assertFailed__C)
                  118149dc    00000004     app_pe674.oe674 (.const:xdc_runtime_Core_A_initializedParams__C)
                  118149e0    00000004     app_pe674.oe674 (.const:xdc_runtime_Core_Module__diagsEnabled__C)
                  118149e4    00000004     app_pe674.oe674 (.const:xdc_runtime_Core_Module__diagsIncluded__C)
                  118149e8    00000004     app_pe674.oe674 (.const:xdc_runtime_Core_Module__diagsMask__C)
                  118149ec    00000004     app_pe674.oe674 (.const:xdc_runtime_Error_E_memory__C)
                  118149f0    00000004     app_pe674.oe674 (.const:xdc_runtime_Error_Module__diagsEnabled__C)
                  118149f4    00000004     app_pe674.oe674 (.const:xdc_runtime_Error_Module__diagsIncluded__C)
                  118149f8    00000004     app_pe674.oe674 (.const:xdc_runtime_Error_Module__diagsMask__C)
                  118149fc    00000004     app_pe674.oe674 (.const:xdc_runtime_Error_Module__loggerFxn8__C)
                  11814a00    00000004     app_pe674.oe674 (.const:xdc_runtime_Error_Module__loggerObj__C)
                  11814a04    00000004     app_pe674.oe674 (.const:xdc_runtime_Error_policyFxn__C)
                  11814a08    00000004     app_pe674.oe674 (.const:xdc_runtime_Error_policy__C)
                  11814a0c    00000004     app_pe674.oe674 (.const:xdc_runtime_Error_raiseHook__C)
                  11814a10    00000004     app_pe674.oe674 (.const:xdc_runtime_IFilterLogger_Interface__BASE__C)
                  11814a14    00000004     app_pe674.oe674 (.const:xdc_runtime_IGateProvider_Interface__BASE__C)
                  11814a18    00000004     app_pe674.oe674 (.const:xdc_runtime_IHeap_Interface__BASE__C)
                  11814a1c    00000004     app_pe674.oe674 (.const:xdc_runtime_ILogger_Interface__BASE__C)
                  11814a20    00000004     app_pe674.oe674 (.const:xdc_runtime_IModule_Interface__BASE__C)
                  11814a24    00000004     app_pe674.oe674 (.const:xdc_runtime_Log_L_error__C)
                  11814a28    00000004     app_pe674.oe674 (.const:xdc_runtime_LoggerBuf_E_badLevel__C)
                  11814a2c    00000004     app_pe674.oe674 (.const:xdc_runtime_LoggerBuf_Module__gateObj__C)
                  11814a30    00000004     app_pe674.oe674 (.const:xdc_runtime_LoggerBuf_Object__count__C)
                  11814a34    00000004     app_pe674.oe674 (.const:xdc_runtime_LoggerBuf_statusLogger__C)
                  11814a38    00000004     app_pe674.oe674 (.const:xdc_runtime_Memory_defaultHeapInstance__C)
                  11814a3c    00000004     app_pe674.oe674 (.const:xdc_runtime_Startup_execImpl__C)
                  11814a40    00000004     app_pe674.oe674 (.const:xdc_runtime_Startup_maxPasses__C)
                  11814a44    00000004     app_pe674.oe674 (.const:xdc_runtime_Startup_sfxnRts__C)
                  11814a48    00000004     app_pe674.oe674 (.const:xdc_runtime_Startup_sfxnTab__C)
                  11814a4c    00000004     app_pe674.oe674 (.const:xdc_runtime_SysMin_bufSize__C)
                  11814a50    00000004     app_pe674.oe674 (.const:xdc_runtime_SysMin_outputFunc__C)
                  11814a54    00000004     app_pe674.oe674 (.const:xdc_runtime_System_Module__gateObj__C)
                  11814a58    00000004     app_pe674.oe674 (.const:xdc_runtime_System_abortFxn__C)
                  11814a5c    00000004     app_pe674.oe674 (.const:xdc_runtime_System_exitFxn__C)
                  11814a60    00000004     app_pe674.oe674 (.const:xdc_runtime_System_extendFxn__C)
                  11814a64    00000004     app_pe674.oe674 (.const:xdc_runtime_System_maxAtexitHandlers__C)
                  11814a68    00000004     app_pe674.oe674 (.const:xdc_runtime_Text_charTab__C)
                  11814a6c    00000004     app_pe674.oe674 (.const:xdc_runtime_Text_nameEmpty__C)
                  11814a70    00000004     app_pe674.oe674 (.const:xdc_runtime_Text_nameStatic__C)
                  11814a74    00000004     app_pe674.oe674 (.const:xdc_runtime_Text_nameUnknown__C)
                  11814a78    00000004     app_pe674.oe674 (.const:xdc_runtime_Text_nodeTab__C)
                  11814a7c    00000004     app_pe674.oe674 (.const:xdc_runtime_Text_visitRopeFxn__C)
                  11814a80    00000002     app_pe674.oe674 (.const:ti_sysbios_family_c64p_Exception_Module__id__C)
                  11814a82    00000002     app_pe674.oe674 (.const:ti_sysbios_family_c64p_Exception_useInternalBuffer__C)
                  11814a84    00000002     app_pe674.oe674 (.const:ti_sysbios_family_c64p_Hwi_Module__id__C)
                  11814a86    00000002     app_pe674.oe674 (.const:ti_sysbios_family_c64p_Hwi_Module__loggerDefined__C)
                  11814a88    00000002     app_pe674.oe674 (.const:ti_sysbios_gates_GateMutex_Module__id__C)
                  11814a8a    00000002     app_pe674.oe674 (.const:ti_sysbios_hal_Hwi_Module__id__C)
                  11814a8c    00000002     app_pe674.oe674 (.const:ti_sysbios_heaps_HeapMem_Module__id__C)
                  11814a8e    00000002     app_pe674.oe674 (.const:ti_sysbios_knl_Clock_Module__id__C)
                  11814a90    00000002     app_pe674.oe674 (.const:ti_sysbios_knl_Clock_Module__loggerDefined__C)
                  11814a92    00000002     app_pe674.oe674 (.const:ti_sysbios_knl_Semaphore_Module__id__C)
                  11814a94    00000002     app_pe674.oe674 (.const:ti_sysbios_knl_Semaphore_Module__loggerDefined__C)
                  11814a96    00000002     app_pe674.oe674 (.const:ti_sysbios_knl_Swi_Module__id__C)
                  11814a98    00000002     app_pe674.oe674 (.const:ti_sysbios_knl_Swi_Module__loggerDefined__C)
                  11814a9a    00000002     app_pe674.oe674 (.const:ti_sysbios_knl_Task_Module__id__C)
                  11814a9c    00000002     app_pe674.oe674 (.const:ti_sysbios_knl_Task_Module__loggerDefined__C)
                  11814a9e    00000002     app_pe674.oe674 (.const:ti_sysbios_timers_timer64_Timer_Module__id__C)
                  11814aa0    00000002     app_pe674.oe674 (.const:ti_sysbios_timers_timer64_Timer_startupNeeded__C)
                  11814aa2    00000002     app_pe674.oe674 (.const:ti_sysbios_timers_timer64_Timer_useTimer64pRegMap__C)
                  11814aa4    00000002     app_pe674.oe674 (.const:xdc_runtime_Core_Module__id__C)
                  11814aa6    00000002     app_pe674.oe674 (.const:xdc_runtime_Error_Module__loggerDefined__C)
                  11814aa8    00000002     app_pe674.oe674 (.const:xdc_runtime_Error_maxDepth__C)
                  11814aaa    00000002     app_pe674.oe674 (.const:xdc_runtime_LoggerBuf_Module__id__C)
                  11814aac    00000002     app_pe674.oe674 (.const:xdc_runtime_LoggerBuf_filterByLevel__C)
                  11814aae    00000002     app_pe674.oe674 (.const:xdc_runtime_Memory_Module__id__C)
                  11814ab0    00000002     app_pe674.oe674 (.const:xdc_runtime_SysMin_flushAtExit__C)
                  11814ab2    00000002     app_pe674.oe674 (.const:xdc_runtime_Text_charCnt__C)
                  11814ab4    00000002     app_pe674.oe674 (.const:xdc_runtime_Text_isLoaded__C)
                  11814ab6    00000002     app_pe674.oe674 (.const:xdc_runtime_Text_registryModsLastId__C)
                  11814ab8    00000002     app_pe674.oe674 (.const:xdc_runtime_Text_unnamedModsLastId__C)
                  11814aba    00000001     app_pe674.oe674 (.const:ti_sysbios_timers_timer64_Timer_localTimerBaseId__C)

.fardata   0    11816ac0    000008c4     UNINITIALIZED
                  11816ac0    000001e0     rts6740_elf.lib : defs.c.obj (.fardata:_ftable)
                  11816ca0    000000a0                     : write.c.obj (.fardata:_stream)
                  11816d40    00000080     app_pe674.oe674 (.fardata:ti_sysbios_knl_Swi_Module_State_0_readyQ__A)
                  11816dc0    00000080     app_pe674.oe674 (.fardata:ti_sysbios_knl_Task_Module_State_0_readyQ__A)
                  11816e40    00000078     rts6740_elf.lib : write.c.obj (.fardata:_device)
                  11816eb8    0000006c     app_pe674.oe674 (.fardata:ti_sysbios_family_c64p_Hwi_Module__state__V)
                  11816f24    00000004     rts6740_elf.lib : _lock.c.obj (.fardata:_lock)
                  11816f28    00000060     app_pe674.oe674 (.fardata:ti_sysbios_knl_Swi_Object__table__V)
                  11816f88    00000060     app_pe674.oe674 (.fardata:ti_sysbios_timers_timer64_Timer_Module_State_0_device__A)
                  11816fe8    0000005c     app_pe674.oe674 (.fardata:ti_sysbios_knl_Task_Object__table__V)
                  11817044    00000004     rts6740_elf.lib : _lock.c.obj (.fardata:_unlock)
                  11817048    00000050     app_pe674.oe674 (.fardata:ti_sysbios_timers_timer64_Timer_Object__table__V)
                  11817098    00000048     app_pe674.oe674 (.fardata:ti_sysbios_knl_Task_Module__state__V)
                  118170e0    00000040     app_pe674.oe674 (.fardata:ti_sysbios_gates_GateMutex_Object__table__V)
                  11817120    00000030     app_pe674.oe674 (.fardata:ti_sysbios_family_c64p_Exception_Module__state__V)
                  11817150    00000030     app_pe674.oe674 (.fardata:ti_sysbios_family_c64p_Hwi_Object__table__V)
                  11817180    0000002c     app_pe674.oe674 (.fardata:ti_sysbios_knl_Clock_Module__state__V)
                  118171ac    00000024     app_pe674.oe674 (.fardata:ti_sysbios_BIOS_Module__state__V)
                  118171d0    00000024     app_pe674.oe674 (.fardata:xdc_runtime_LoggerBuf_Object__table__V)
                  118171f4    00000004     rts6740_elf.lib : defs.c.obj (.fardata)
                  118171f8    00000020     app_pe674.oe674 (.fardata:ti_sysbios_timers_timer64_Timer_Module_State_0_gctrl__A)
                  11817218    00000020     app_pe674.oe674 (.fardata:ti_sysbios_timers_timer64_Timer_Module_State_0_handles__A)
                  11817238    00000020     app_pe674.oe674 (.fardata:ti_sysbios_timers_timer64_Timer_Module_State_0_intFreqs__A)
                  11817258    00000020     app_pe674.oe674 (.fardata:xdc_runtime_Error_IgnoreBlock)
                  11817278    0000001c     app_pe674.oe674 (.fardata:ti_sysbios_knl_Swi_Module__state__V)
                  11817294    00000004     app_pe674.oe674 (.fardata:ti_sysbios_family_c64p_Cache_Module__state__V)
                  11817298    00000018     app_pe674.oe674 (.fardata:ti_sysbios_heaps_HeapMem_Object__table__V)
                  118172b0    00000018     app_pe674.oe674 (.fardata:ti_sysbios_timers_timer64_Timer_Module__state__V)
                  118172c8    00000010     rts6740_elf.lib : sinf.c.obj (.fardata:R$1)
                  118172d8    00000010     app_pe674.oe674 (.fardata:ti_sysbios_hal_Hwi_Object__table__V)
                  118172e8    00000010     app_pe674.oe674 (.fardata:xdc_runtime_System_Module_State_0_atexitHandlers__A)
                  118172f8    0000000c     rts6740_elf.lib : exit.c.obj (.fardata)
                  11817304    0000000c     app_pe674.oe674 (.fardata:xdc_runtime_SysMin_Module__state__V)
                  11817310    00000008     app_pe674.oe674 (.fardata:ti_sysbios_family_c64p_primus_TimerSupport_Module_State_0_suspSrc__A)
                  11817318    00000008     app_pe674.oe674 (.fardata:ti_sysbios_gates_GateHwi_Module__root__V)
                  11817320    00000008     app_pe674.oe674 (.fardata:ti_sysbios_gates_GateMutex_Module__root__V)
                  11817328    00000008     app_pe674.oe674 (.fardata:ti_sysbios_heaps_HeapMem_Module__root__V)
                  11817330    00000008     app_pe674.oe674 (.fardata:ti_sysbios_knl_Queue_Module__root__V)
                  11817338    00000008     app_pe674.oe674 (.fardata:ti_sysbios_knl_Queue_Object__table__V)
                  11817340    00000008     app_pe674.oe674 (.fardata:ti_sysbios_knl_Semaphore_Module__root__V)
                  11817348    00000008     app_pe674.oe674 (.fardata:xdc_runtime_LoggerBuf_Module__root__V)
                  11817350    00000008     app_pe674.oe674 (.fardata:xdc_runtime_Registry_Module__state__V)
                  11817358    00000008     app_pe674.oe674 (.fardata:xdc_runtime_Startup_Module__state__V)
                  11817360    00000008     app_pe674.oe674 (.fardata:xdc_runtime_System_Module__state__V)
                  11817368    00000006     app_pe674.oe674 (.fardata:xdc_runtime_LoggerBuf_Module__state__V)
                  1181736e    00000002     app_pe674.oe674 (.fardata:xdc_runtime_Error_Module__state__V)
                  11817370    00000004     app_pe674.oe674 (.fardata:ti_sysbios_family_c64p_primus_TimerSupport_Module__state__V)
                  11817374    00000004     app_pe674.oe674 (.fardata:xdc_runtime_Memory_Module__state__V)
                  11817378    00000004     app_pe674.oe674 (.fardata:ti_sysbios_gates_GateHwi_Object__table__V)
                  1181737c    00000004     --HOLE--
                  11817380    00000004     app_pe674.oe674 (.fardata:ti_sysbios_knl_Task_Module_State_0_idleTask__A)

.switch    0    11817384    00000030     
                  11817384    00000010     LED_DIPSW.obj (.switch:LED_Off)
                  11817394    00000010     LED_DIPSW.obj (.switch:LED_On)
                  118173a4    00000010     LED_DIPSW.obj (.switch:LED_Toggle)

.cio       0    11817600    00000120     UNINITIALIZED
                  11817600    00000120     rts6740_elf.lib : trgmsg.c.obj (.cio)

MODULE SUMMARY

       Module                       code    ro data   rw data
       ------                       ----    -------   -------
    .\
       SWI.obj                      1120    0         4008   
       main.obj                     448     76        24     
       HWI.obj                      288     0         8      
    +--+----------------------------+-------+---------+---------+
       Total:                       1856    76        4040   
                                                             
    .\lib\
       Codec.obj                    2016    0         0      
       McASP.obj                    1824    0         4      
       LED_DIPSW.obj                864     48        0      
       I2C.obj                      576     0         0      
       Init.obj                     576     0         0      
       GPIO.obj                     416     0         4      
       EDMA_McASP.obj               320     0         4      
       sine.obj                     160     0         0      
    +--+----------------------------+-------+---------+---------+
       Total:                       6752    48        12     
                                                             
    D:\workspace_v9\LAB7_D\Debug\configPkg\package\cfg\
       app_pe674.oe674              4704    8099      8608   
    +--+----------------------------+-------+---------+---------+
       Total:                       4704    8099      8608   
                                                             
    C:\ti\bios_6_76_02_02\packages\ti\targets\rts6000\lib\boot.ae674
       autoinit.oe674               384     0         0      
       boot.oe674                   160     0         0      
    +--+----------------------------+-------+---------+---------+
       Total:                       544     0         0      
                                                             
    C:\ti\bios_6_76_02_02\packages\ti\targets\rts6000\lib\ti.targets.rts6000.ae674
       System.oe674                 3232    24        0      
       LoggerBuf.oe674              2560    0         0      
       Text.oe674                   1824    64        0      
       Error.oe674                  1184    88        0      
       Startup.oe674                896     44        0      
       Core-mem.oe674               896     0         0      
       SysMin.oe674                 704     0         0      
       Memory.oe674                 448     0         0      
       Core-smem.oe674              416     0         0      
       Assert.oe674                 192     4         0      
       Core-params.oe674            160     0         0      
       Core-label.oe674             128     0         0      
       Gate.oe674                   64      0         0      
       Registry.oe674               64      0         0      
    +--+----------------------------+-------+---------+---------+
       Total:                       12768   224       0      
                                                             
    C:\ti\ccs901\ccs\tools\compiler\ti-cgt-c6000_8.3.2\lib\rts6740_elf.lib
       fputs.c.obj                  864     4         0      
       defs.c.obj                   0       0         804    
       imath64.c.obj                704     0         0      
       divf.c.obj                   640     0         0      
       sinf.c.obj                   608     0         16     
       trgmsg.c.obj                 224     0         288    
       getdevice.c.obj              448     0         0      
       setvbuf.c.obj                448     0         0      
       hostrename.c.obj             416     0         0      
       write.c.obj                  96      0         280    
       copy_decompress_rle.c.obj    288     0         0      
       exit.c.obj                   256     0         12     
       cpy_tbl.c.obj                256     0         0      
       fclose.c.obj                 256     0         0      
       fseek.c.obj                  256     0         0      
       hostopen.c.obj               224     0         8      
       _io_perm.c.obj               224     0         0      
       close.c.obj                  224     0         0      
       divi.asm.obj                 224     0         0      
       hostlseek.c.obj              224     0         0      
       hostwrite.c.obj              224     0         0      
       llshift.c.obj                224     0         0      
       memset.c.obj                 224     0         0      
       divu.asm.obj                 192     0         0      
       fflush.c.obj                 192     0         0      
       hostread.c.obj               192     0         0      
       hostunlink.c.obj             192     0         0      
       tls.c.obj                    192     0         0      
       fopen.c.obj                  160     0         0      
       hostclose.c.obj              160     0         0      
       memcpy64.asm.obj             160     0         0      
       remu.asm.obj                 160     0         0      
       roundf.c.obj                 128     0         0      
       unlink.c.obj                 128     0         0      
       _lock.c.obj                  96      0         8      
       lseek.c.obj                  96      0         0      
       modff.c.obj                  96      0         0      
       args_main.c.obj              64      0         0      
       push.asm.obj                 64      0         0      
       copy_decompress_none.c.obj   32      0         0      
       startup.c.obj                32      0         0      
       truncf.c.obj                 32      0         0      
    +--+----------------------------+-------+---------+---------+
       Total:                       9920    4         1416   
                                                             
    D:\workspace_v9\LAB7_D\src\sysbios\sysbios.ae674
       BIOS.obj                     26112   1304      0      
       c64p_Hwi_disp_always.obj     512     0         0      
       c64p_Exception_asm.obj       384     0         0      
       c62_TaskSupport_asm.obj      224     0         0      
       c64p_Hwi_asm_switch.obj      192     0         0      
    +--+----------------------------+-------+---------+---------+
       Total:                       27424   1304      0      
                                                             
       Stack:                       0       0         8192   
       Linker Generated:            0       1178      0      
    +--+----------------------------+-------+---------+---------+
       Grand Total:                 63968   10933     22268  


LINKER GENERATED COPY TABLES

__TI_cinit_table @ 11817ba0 records: 4, size/record: 8, table size: 32
	.fardata: load addr=11817720, load size=0000043a bytes, run addr=11816ac0, run size=000008c4 bytes, compression=rle
	.neardata: load addr=11817b5a, load size=00000017 bytes, run addr=118173b4, run size=0000001c bytes, compression=rle
	.rodata: load addr=11817b71, load size=00000016 bytes, run addr=118173d0, run size=00000010 bytes, compression=rle
	.far: load addr=11817b87, load size=0000000b bytes, run addr=1180f7e0, run size=00002d00 bytes, compression=rle


LINKER GENERATED HANDLER TABLE

__TI_handler_table @ 11817b94 records: 2, size/record: 4, table size: 8
	index: 0, handler: __TI_decompress_rle24
	index: 1, handler: __TI_decompress_none


GLOBAL SYMBOLS: SORTED ALPHABETICALLY BY Name 

address   name                                                                
-------   ----                                                                
1180f000  C$$EXIT                                                             
1180dcd8  C$$IO$$                                                             
11800d2c  CodecInit                                                           
11800d04  CodecInputGain                                                      
11800bc0  CodecInputSelect                                                    
11800b8c  CodecOutputAttenuation                                              
11800a84  CodecSampleRate44100                                                
11800964  CodecSampleRate48000                                                
11800954  CodecSetHPFilter                                                    
11809940  ConfigEDMAForR                                                      
118098c4  ConfigEDMAForX                                                      
118022b4  ConfigMcASP                                                         
1180a198  EDMA3_CC_ISR                                                        
11809880  EDMAReset                                                           
11808778  GPIO_ClearInterruptState                                            
11808748  GPIO_EnableInterrupt                                                
11808718  GPIO_GetInput                                                       
118086a8  GPIO_InterruptEdge                                                  
11808670  GPIO_InterruptState                                                 
11808628  GPIO_SetDirection                                                   
11808600  GPIO_SetOutput                                                      
1180c7a0  GenSine                                                             
11804548  GetDIP_AllStatus                                                    
11804534  GetDIP_Status                                                       
11804524  GetPushButton_Status                                                
11802278  GlobalResetMcASP                                                    
118173c8  GpioRegs                                                            
1180c3e0  HOSTclose                                                           
1180aee0  HOSTlseek                                                           
1180afc0  HOSTopen                                                            
1180b960  HOSTread                                                            
118087a0  HOSTrename                                                          
1180ba20  HOSTunlink                                                          
1180b0a0  HOSTwrite                                                           
118173d4  HWI_INT5                                                            
118067cc  I2C_Init                                                            
118066c0  I2C_Read                                                            
118065e0  I2C_Write                                                           
1180a140  IdleLED                                                             
11804240  IdlePButton                                                         
11801fcc  InitMcASP                                                           
118041a8  InitQue                                                             
11804420  LED_DIPSW_Init                                                      
118043ac  LED_Off                                                             
11804340  LED_On                                                              
11804260  LED_Toggle                                                          
11803e00  ProcessSWI                                                          
11801f8c  RResetMcASP                                                         
118173dc  RT_Que                                                              
118008c0  ResetCodec                                                          
11806820  SysConfigForPinMux                                                  
11801f40  XResetMcASP                                                         
11800000  __ASM__                                                             
11817600  __CIOBUF_                                                           
11800050  __ISA__                                                             
11800068  __PLAT__                                                            
11800080  __TARG__                                                            
11817ba0  __TI_CINIT_Base                                                     
11817bc0  __TI_CINIT_Limit                                                    
11817b94  __TI_Handler_Table_Base                                             
11817b9c  __TI_Handler_Table_Limit                                            
UNDEFED   __TI_INITARRAY_Base                                                 
UNDEFED   __TI_INITARRAY_Limit                                                
11816ac0  __TI_STACK_END                                                      
00002000  __TI_STACK_SIZE                                                     
118173b4  __TI_STATIC_BASE                                                    
UNDEFED   __TI_TLS_INIT_Base                                                  
UNDEFED   __TI_TLS_INIT_Limit                                                 
1180c480  __TI_cleanup                                                        
118172f8  __TI_cleanup_ptr                                                    
1180a6e0  __TI_closefile                                                      
1180f020  __TI_decompress_none                                                
1180f040  __TI_decompress_rle24                                               
1180bae0  __TI_doflush                                                        
118172fc  __TI_dtors_ptr                                                      
11817300  __TI_enable_exit_profile_output                                     
118171f4  __TI_ft_end                                                         
ffffffff  __TI_pprof_out_hndl                                                 
ffffffff  __TI_prof_data_size                                                 
ffffffff  __TI_prof_data_start                                                
1180ce80  __TI_readmsg                                                        
1180bf60  __TI_tls_init                                                       
11812380  __TI_tmpnams                                                        
1180dc80  __TI_writemsg                                                       
1180b180  __TI_wrt_ok                                                         
118000a8  __TRDR__                                                            
ffffffff  __binit__                                                           
11805780  __c6xabi_divf                                                       
1180b260  __c6xabi_divi                                                       
1180bba0  __c6xabi_divu                                                       
11805a00  __c6xabi_divull                                                     
1180cf00  __c6xabi_llshl                                                      
1180dce0  __c6xabi_llshru                                                     
1180ef20  __c6xabi_pop_rts                                                    
1180ef40  __c6xabi_push_rts                                                   
1180c520  __c6xabi_remu                                                       
1180cf80  __c6xabi_roundf                                                     
1180ef00  __c6xabi_truncf                                                     
ffffffff  __c_args__                                                          
1180b260  __divi                                                              
1180bba0  __divu                                                              
1180ef20  __pop_rts                                                           
1180ef40  __push_rts                                                          
1180c520  __remu                                                              
1180e580  _args_main                                                          
00000000  _argsize                                                            
11808fc0  _auto_init_elf                                                      
1180c5c0  _c_int00                                                            
11816e40  _device                                                             
11816ac0  _ftable                                                             
11816f24  _lock                                                               
1180ef60  _nop                                                                
1180ef80  _register_lock                                                      
1180efa0  _register_unlock                                                    
11814ac0  _stack                                                              
11816ca0  _stream                                                             
1180dd40  _subcull                                                            
[...]
1181487c  ti_sysbios_family_c64p_Exception_externalHook__C                    
11814880  ti_sysbios_family_c64p_Exception_internalHook__C                    
11814884  ti_sysbios_family_c64p_Exception_nmiHook__C                         
11814888  ti_sysbios_family_c64p_Hwi_LD_end__C                                
1181488c  ti_sysbios_family_c64p_Hwi_LM_begin__C                              
11814890  ti_sysbios_family_c64p_Hwi_Module__diagsEnabled__C                  
11814894  ti_sysbios_family_c64p_Hwi_Module__diagsIncluded__C                 
11814898  ti_sysbios_family_c64p_Hwi_Module__diagsMask__C                     
1181489c  ti_sysbios_family_c64p_Hwi_Module__loggerFxn1__C                    
118148a0  ti_sysbios_family_c64p_Hwi_Module__loggerFxn8__C                    
118148a4  ti_sysbios_family_c64p_Hwi_Module__loggerObj__C                     
118148a8  ti_sysbios_gates_GateMutex_A_badContext__C                          
118148ac  ti_sysbios_gates_GateMutex_Instance_State_sem__O                    
118148b0  ti_sysbios_gates_GateMutex_Module__diagsEnabled__C                  
118148b4  ti_sysbios_gates_GateMutex_Module__diagsIncluded__C                 
118148b8  ti_sysbios_gates_GateMutex_Module__diagsMask__C                     
118148bc  ti_sysbios_hal_Hwi_E_stackOverflow__C                               
118148c0  ti_sysbios_heaps_HeapMem_A_align__C                                 
118148c4  ti_sysbios_heaps_HeapMem_A_heapSize__C                              
118148c8  ti_sysbios_heaps_HeapMem_A_invalidFree__C                           
118148cc  ti_sysbios_heaps_HeapMem_A_zeroBlock__C                             
118148d0  ti_sysbios_heaps_HeapMem_E_memory__C                                
118148d4  ti_sysbios_heaps_HeapMem_Module__diagsEnabled__C                    
118148d8  ti_sysbios_heaps_HeapMem_Module__diagsIncluded__C                   
118148dc  ti_sysbios_heaps_HeapMem_Module__diagsMask__C                       
118148e0  ti_sysbios_heaps_HeapMem_Module__gateObj__C                         
118148e4  ti_sysbios_heaps_HeapMem_Object__count__C                           
118148e8  ti_sysbios_heaps_HeapMem_reqAlign__C                                
118148ec  ti_sysbios_knl_Clock_LM_begin__C                                    
118148f0  ti_sysbios_knl_Clock_LM_tick__C                                     
118148f4  ti_sysbios_knl_Clock_LW_delayed__C                                  
118148f8  ti_sysbios_knl_Clock_Module_State_clockQ__O                         
118148fc  ti_sysbios_knl_Clock_Module__diagsEnabled__C                        
11814900  ti_sysbios_knl_Clock_Module__diagsIncluded__C                       
11814904  ti_sysbios_knl_Clock_Module__diagsMask__C                           
11814908  ti_sysbios_knl_Clock_Module__loggerFxn1__C                          
1181490c  ti_sysbios_knl_Clock_Module__loggerFxn2__C                          
11814910  ti_sysbios_knl_Clock_Module__loggerObj__C                           
11814914  ti_sysbios_knl_Semaphore_A_badContext__C                            
11814918  ti_sysbios_knl_Semaphore_A_noEvents__C                              
1181491c  ti_sysbios_knl_Semaphore_A_overflow__C                              
11814920  ti_sysbios_knl_Semaphore_A_pendTaskDisabled__C                      
11814924  ti_sysbios_knl_Semaphore_Instance_State_pendQ__O                    
11814928  ti_sysbios_knl_Semaphore_LM_pend__C                                 
1181492c  ti_sysbios_knl_Semaphore_LM_post__C                                 
11814930  ti_sysbios_knl_Semaphore_Module__diagsEnabled__C                    
11814934  ti_sysbios_knl_Semaphore_Module__diagsIncluded__C                   
11814938  ti_sysbios_knl_Semaphore_Module__diagsMask__C                       
1181493c  ti_sysbios_knl_Semaphore_Module__loggerFxn2__C                      
11814940  ti_sysbios_knl_Semaphore_Module__loggerFxn4__C                      
11814944  ti_sysbios_knl_Semaphore_Module__loggerObj__C                       
11814948  ti_sysbios_knl_Swi_LD_end__C                                        
1181494c  ti_sysbios_knl_Swi_LM_begin__C                                      
11814950  ti_sysbios_knl_Swi_LM_post__C                                       
11814954  ti_sysbios_knl_Swi_Module__diagsEnabled__C                          
11814958  ti_sysbios_knl_Swi_Module__diagsIncluded__C                         
1181495c  ti_sysbios_knl_Swi_Module__diagsMask__C                             
11814960  ti_sysbios_knl_Swi_Module__loggerFxn1__C                            
11814964  ti_sysbios_knl_Swi_Module__loggerFxn4__C                            
11814968  ti_sysbios_knl_Swi_Module__loggerObj__C                             
1181496c  ti_sysbios_knl_Swi_Object__count__C                                 
11814970  ti_sysbios_knl_Task_E_spOutOfBounds__C                              
11814974  ti_sysbios_knl_Task_E_stackOverflow__C                              
11814978  ti_sysbios_knl_Task_LD_block__C                                     
1181497c  ti_sysbios_knl_Task_LD_exit__C                                      
11814980  ti_sysbios_knl_Task_LD_ready__C                                     
11814984  ti_sysbios_knl_Task_LM_switch__C                                    
11814988  ti_sysbios_knl_Task_Module_State_inactiveQ__O                       
1181498c  ti_sysbios_knl_Task_Module__diagsEnabled__C                         
11814990  ti_sysbios_knl_Task_Module__diagsIncluded__C                        
11814994  ti_sysbios_knl_Task_Module__diagsMask__C                            
11814998  ti_sysbios_knl_Task_Module__loggerFxn2__C                           
1181499c  ti_sysbios_knl_Task_Module__loggerFxn4__C                           
118149a0  ti_sysbios_knl_Task_Module__loggerObj__C                            
118149a4  ti_sysbios_knl_Task_Object__count__C                                
118149a8  ti_sysbios_knl_Task_allBlockedFunc__C                               
118149ac  ti_sysbios_knl_Task_numConstructedTasks__C                          
118149b0  ti_sysbios_timers_timer64_Timer_A_notAvailable__C                   
118149b4  ti_sysbios_timers_timer64_Timer_E_cannotSupport__C                  
118149b8  ti_sysbios_timers_timer64_Timer_Module__diagsEnabled__C             
118149bc  ti_sysbios_timers_timer64_Timer_Module__diagsIncluded__C            
118149c0  ti_sysbios_timers_timer64_Timer_Module__diagsMask__C                
118149c4  ti_sysbios_timers_timer64_Timer_anyMaskHigh__C                      
118149c8  ti_sysbios_timers_timer64_Timer_anyMask__C                          
118149cc  ti_sysbios_timers_timer64_Timer_freqDivisor__C                      
118149d0  ti_sysbios_timers_timer64_Timer_numLocalTimers__C                   
118149d4  ti_sysbios_timers_timer64_Timer_numTimerDevices__C                  
118149d8  xdc_runtime_Assert_E_assertFailed__C                                
118149dc  xdc_runtime_Core_A_initializedParams__C                             
118149e0  xdc_runtime_Core_Module__diagsEnabled__C                            
118149e4  xdc_runtime_Core_Module__diagsIncluded__C                           
118149e8  xdc_runtime_Core_Module__diagsMask__C                               
118149ec  xdc_runtime_Error_E_memory__C                                       
118149f0  xdc_runtime_Error_Module__diagsEnabled__C                           
118149f4  xdc_runtime_Error_Module__diagsIncluded__C                          
118149f8  xdc_runtime_Error_Module__diagsMask__C                              
118149fc  xdc_runtime_Error_Module__loggerFxn8__C                             
11814a00  xdc_runtime_Error_Module__loggerObj__C                              
11814a04  xdc_runtime_Error_policyFxn__C                                      
11814a08  xdc_runtime_Error_policy__C                                         
11814a0c  xdc_runtime_Error_raiseHook__C                                      
11814a10  xdc_runtime_IFilterLogger_Interface__BASE__C                        
11814a14  xdc_runtime_IGateProvider_Interface__BASE__C                        
11814a18  xdc_runtime_IHeap_Interface__BASE__C                                
11814a1c  xdc_runtime_ILogger_Interface__BASE__C                              
11814a20  xdc_runtime_IModule_Interface__BASE__C                              
11814a24  xdc_runtime_Log_L_error__C                                          
11814a28  xdc_runtime_LoggerBuf_E_badLevel__C                                 
11814a2c  xdc_runtime_LoggerBuf_Module__gateObj__C                            
11814a30  xdc_runtime_LoggerBuf_Object__count__C                              
11814a34  xdc_runtime_LoggerBuf_statusLogger__C                               
11814a38  xdc_runtime_Memory_defaultHeapInstance__C                           
11814a3c  xdc_runtime_Startup_execImpl__C                                     
11814a40  xdc_runtime_Startup_maxPasses__C                                    
11814a44  xdc_runtime_Startup_sfxnRts__C                                      
11814a48  xdc_runtime_Startup_sfxnTab__C                                      
11814a4c  xdc_runtime_SysMin_bufSize__C                                       
11814a50  xdc_runtime_SysMin_outputFunc__C                                    
11814a54  xdc_runtime_System_Module__gateObj__C                               
11814a58  xdc_runtime_System_abortFxn__C                                      
11814a5c  xdc_runtime_System_exitFxn__C                                       
11814a60  xdc_runtime_System_extendFxn__C                                     
11814a64  xdc_runtime_System_maxAtexitHandlers__C                             
11814a68  xdc_runtime_Text_charTab__C                                         
11814a6c  xdc_runtime_Text_nameEmpty__C                                       
11814a70  xdc_runtime_Text_nameStatic__C                                      
11814a74  xdc_runtime_Text_nameUnknown__C                                     
11814a78  xdc_runtime_Text_nodeTab__C                                         
11814a7c  xdc_runtime_Text_visitRopeFxn__C                                    
11814a80  ti_sysbios_family_c64p_Exception_Module__id__C                      
11814a82  ti_sysbios_family_c64p_Exception_useInternalBuffer__C               
11814a84  ti_sysbios_family_c64p_Hwi_Module__id__C                            
11814a86  ti_sysbios_family_c64p_Hwi_Module__loggerDefined__C                 
11814a88  ti_sysbios_gates_GateMutex_Module__id__C                            
11814a8a  ti_sysbios_hal_Hwi_Module__id__C                                    
11814a8c  ti_sysbios_heaps_HeapMem_Module__id__C                              
11814a8e  ti_sysbios_knl_Clock_Module__id__C                                  
11814a90  ti_sysbios_knl_Clock_Module__loggerDefined__C                       
11814a92  ti_sysbios_knl_Semaphore_Module__id__C                              
11814a94  ti_sysbios_knl_Semaphore_Module__loggerDefined__C                   
11814a96  ti_sysbios_knl_Swi_Module__id__C                                    
11814a98  ti_sysbios_knl_Swi_Module__loggerDefined__C                         
11814a9a  ti_sysbios_knl_Task_Module__id__C                                   
11814a9c  ti_sysbios_knl_Task_Module__loggerDefined__C                        
11814a9e  ti_sysbios_timers_timer64_Timer_Module__id__C                       
11814aa0  ti_sysbios_timers_timer64_Timer_startupNeeded__C                    
11814aa2  ti_sysbios_timers_timer64_Timer_useTimer64pRegMap__C                
11814aa4  xdc_runtime_Core_Module__id__C                                      
11814aa6  xdc_runtime_Error_Module__loggerDefined__C                          
11814aa8  xdc_runtime_Error_maxDepth__C                                       
11814aaa  xdc_runtime_LoggerBuf_Module__id__C                                 
11814aac  xdc_runtime_LoggerBuf_filterByLevel__C                              
11814aae  xdc_runtime_Memory_Module__id__C                                    
11814ab0  xdc_runtime_SysMin_flushAtExit__C                                   
11814ab2  xdc_runtime_Text_charCnt__C                                         
11814ab4  xdc_runtime_Text_isLoaded__C                                        
11814ab6  xdc_runtime_Text_registryModsLastId__C                              
11814ab8  xdc_runtime_Text_unnamedModsLastId__C                               
11814aba  ti_sysbios_timers_timer64_Timer_localTimerBaseId__C                 
11814ac0  _stack                                                              
11816ac0  __TI_STACK_END                                                      
11816ac0  _ftable                                                             
11816ca0  _stream                                                             
11816d40  ti_sysbios_knl_Swi_Module_State_0_readyQ__A                         
11816dc0  ti_sysbios_knl_Task_Module_State_0_readyQ__A                        
11816e40  _device                                                             
11816eb8  ti_sysbios_family_c64p_Hwi_Module__state__V                         
11816f24  _lock                                                               
11816f28  ti_sysbios_knl_Swi_Object__table__V                                 
11816f88  ti_sysbios_timers_timer64_Timer_Module_State_0_device__A            
11816fe8  ti_sysbios_knl_Task_Object__table__V                                
11817044  _unlock                                                             
11817048  ti_sysbios_timers_timer64_Timer_Object__table__V                    
11817098  ti_sysbios_knl_Task_Module__state__V                                
118170e0  ti_sysbios_gates_GateMutex_Object__table__V                         
11817120  ti_sysbios_family_c64p_Exception_Module__state__V                   
11817150  ti_sysbios_family_c64p_Hwi_Object__table__V                         
11817180  ti_sysbios_knl_Clock_Module__state__V                               
118171ac  ti_sysbios_BIOS_Module__state__V                                    
118171d0  xdc_runtime_LoggerBuf_Object__table__V                              
118171f4  __TI_ft_end                                                         
118171f8  ti_sysbios_timers_timer64_Timer_Module_State_0_gctrl__A             
11817218  ti_sysbios_timers_timer64_Timer_Module_State_0_handles__A           
11817238  ti_sysbios_timers_timer64_Timer_Module_State_0_intFreqs__A          
11817258  xdc_runtime_Error_IgnoreBlock                                       
11817278  ti_sysbios_knl_Swi_Module__state__V                                 
11817294  ti_sysbios_family_c64p_Cache_Module__state__V                       
11817298  ti_sysbios_heaps_HeapMem_Object__table__V                           
118172b0  ti_sysbios_timers_timer64_Timer_Module__state__V                    
118172d8  ti_sysbios_hal_Hwi_Object__table__V                                 
118172e8  xdc_runtime_System_Module_State_0_atexitHandlers__A                 
118172f8  __TI_cleanup_ptr                                                    
118172fc  __TI_dtors_ptr                                                      
11817300  __TI_enable_exit_profile_output                                     
11817304  xdc_runtime_SysMin_Module__state__V                                 
11817310  ti_sysbios_family_c64p_primus_TimerSupport_Module_State_0_suspSrc__A
11817318  ti_sysbios_gates_GateHwi_Module__root__V                            
11817320  ti_sysbios_gates_GateMutex_Module__root__V                          
11817328  ti_sysbios_heaps_HeapMem_Module__root__V                            
11817330  ti_sysbios_knl_Queue_Module__root__V                                
11817338  ti_sysbios_knl_Queue_Object__table__V                               
11817340  ti_sysbios_knl_Semaphore_Module__root__V                            
11817348  xdc_runtime_LoggerBuf_Module__root__V                               
11817350  xdc_runtime_Registry_Module__state__V                               
11817358  xdc_runtime_Startup_Module__state__V                                
11817360  xdc_runtime_System_Module__state__V                                 
11817368  xdc_runtime_LoggerBuf_Module__state__V                              
1181736e  xdc_runtime_Error_Module__state__V                                  
11817370  ti_sysbios_family_c64p_primus_TimerSupport_Module__state__V         
11817374  xdc_runtime_Memory_Module__state__V                                 
11817378  ti_sysbios_gates_GateHwi_Object__table__V                           
11817380  ti_sysbios_knl_Task_Module_State_0_idleTask__A                      
118173b4  __TI_STATIC_BASE                                                    
118173c4  edma3ccRegs                                                         
118173c8  GpioRegs                                                            
118173cc  mcaspRegs                                                           
118173d0  logger0                                                             
118173d4  HWI_INT5                                                            
118173d8  swi0                                                                
118173dc  RT_Que                                                              
11817400  ti_sysbios_family_c64p_Hwi0                                         
11817400  ti_sysbios_family_c64p_Hwi_int0                                     
11817420  ti_sysbios_family_c64p_Hwi_int1                                     
11817440  ti_sysbios_family_c64p_Hwi_int2                                     
11817460  ti_sysbios_family_c64p_Hwi_int3                                     
11817480  ti_sysbios_family_c64p_Hwi_int4                                     
118174a0  ti_sysbios_family_c64p_Hwi_int5                                     
118174c0  ti_sysbios_family_c64p_Hwi_int6                                     
118174e0  ti_sysbios_family_c64p_Hwi_int7                                     
11817500  ti_sysbios_family_c64p_Hwi_int8                                     
11817520  ti_sysbios_family_c64p_Hwi_int9                                     
11817540  ti_sysbios_family_c64p_Hwi_int10                                    
11817560  ti_sysbios_family_c64p_Hwi_int11                                    
11817580  ti_sysbios_family_c64p_Hwi_int12                                    
118175a0  ti_sysbios_family_c64p_Hwi_int13                                    
118175c0  ti_sysbios_family_c64p_Hwi_int14                                    
118175e0  ti_sysbios_family_c64p_Hwi_int15                                    
11817600  __CIOBUF_                                                           
11817b94  __TI_Handler_Table_Base                                             
11817b9c  __TI_Handler_Table_Limit                                            
11817ba0  __TI_CINIT_Base                                                     
11817bc0  __TI_CINIT_Limit                                                    
ffffffff  __TI_pprof_out_hndl                                                 
ffffffff  __TI_prof_data_size                                                 
ffffffff  __TI_prof_data_start                                                
ffffffff  __binit__                                                           
ffffffff  __c_args__                                                          
ffffffff  binit                                                               
UNDEFED   __TI_INITARRAY_Base                                                 
UNDEFED   __TI_INITARRAY_Limit                                                
UNDEFED   __TI_TLS_INIT_Base                                                  
UNDEFED   __TI_TLS_INIT_Limit                                                 

[668 symbols]
