******************************************************************************
               TMS320C6x Linker PC v8.3.2                      
******************************************************************************
>> Linked Wed Sep 18 09:27:07 2019

OUTPUT FILE NAME:   <LAB2.out>
ENTRY POINT SYMBOL: "_c_int00"  address: 00802ce0


MEMORY CONFIGURATION

         name            origin    length      used     unused   attr    fill
----------------------  --------  ---------  --------  --------  ----  --------
  DSPL2ROM              00700000   00100000  00000000  00100000  RWIX
  DSPL2RAM              00800000   00040000  00004948  0003b6b8  RWIX
  DSPL1PRAM             00e00000   00008000  00000000  00008000  RWIX
  DSPL1DRAM             00f00000   00008000  00000000  00008000  RWIX
  SHDSPL2ROM            11700000   00100000  00000000  00100000  RWIX
  SHDSPL2RAM            11800000   00040000  00000000  00040000  RWIX
  SHDSPL1PRAM           11e00000   00008000  00000000  00008000  RWIX
  SHDSPL1DRAM           11f00000   00008000  00000000  00008000  RWIX
  EMIFACS0              40000000   20000000  00000000  20000000  RWIX
  EMIFACS2              60000000   02000000  00000000  02000000  RWIX
  EMIFACS3              62000000   02000000  00000000  02000000  RWIX
  EMIFACS4              64000000   02000000  00000000  02000000  RWIX
  EMIFACS5              66000000   02000000  00000000  02000000  RWIX
  SHRAM                 80000000   00020000  00000000  00020000  RWIX
  DDR2                  c0000000   20000000  00000000  20000000  RWIX


SEGMENT ALLOCATION MAP

run origin  load origin   length   init length attrs members
----------  ----------- ---------- ----------- ----- -------
00800000    00800000    00003080   00003080    r-x
  00800000    00800000    00003080   00003080    r-x .text
00803080    00803080    00001318   00000000    rw-
  00803080    00803080    00000800   00000000    rw- .stack
  00803880    00803880    00000800   00000000    rw- .sysmem
  00804080    00804080    00000318   00000000    rw- .fardata
00804398    00804398    00000064   00000064    r--
  00804398    00804398    00000064   00000064    r-- .const
00804400    00804400    00000200   00000000    r--
  00804400    00804400    00000200   00000000    r-- .vector
00804600    00804600    00000268   00000000    rw-
  00804600    00804600    00000148   00000000    rw- .far
  00804748    00804748    00000120   00000000    rw- .cio
00804868    00804868    00000030   00000030    r--
  00804868    00804868    00000030   00000030    r-- .switch
00804898    00804898    0000000c   00000000    rw-
  00804898    00804898    0000000c   00000000    rw- .neardata
008048a8    008048a8    000000a8   000000a8    r--
  008048a8    008048a8    000000a8   000000a8    r-- .cinit


SECTION ALLOCATION MAP

 output                                  attributes/
section   page    origin      length       input sections
--------  ----  ----------  ----------   ----------------
.text      0    00800000    00003080     
                  00800000    000003c0     rts6740_elf.lib : memory.c.obj (.text:free)
                  008003c0    00000380     LED_DIPSW.obj (.text)
                  00800740    00000360     GPIO.obj (.text)
                  00800aa0    00000320     rts6740_elf.lib : fputs.c.obj (.text:fputs)
                  00800dc0    000002e0     Init.obj (.text)
                  008010a0    000001e0     ISR.obj (.text:retain)
                  00801280    000001c0     Interrupt.obj (.text)
                  00801440    000001c0     rts6740_elf.lib : memory.c.obj (.text:malloc)
                  00801600    000001c0                     : setvbuf.c.obj (.text:setvbuf)
                  008017c0    000001a0                     : hostrename.c.obj (.text:HOSTrename)
                  00801960    00000120                     : getdevice.c.obj (.text:getdevice)
                  00801a80    00000120     main.obj (.text)
                  00801ba0    00000100     rts6740_elf.lib : fclose.c.obj (.text:__TI_closefile)
                  00801ca0    00000100                     : copy_decompress_rle.c.obj (.text:__TI_decompress_rle_core)
                  00801da0    00000100                     : fseek.c.obj (.text:fseek)
                  00801ea0    000000e0                     : hostlseek.c.obj (.text:HOSTlseek)
                  00801f80    000000e0                     : hostopen.c.obj (.text:HOSTopen)
                  00802060    000000e0                     : hostwrite.c.obj (.text:HOSTwrite)
                  00802140    000000e0                     : _io_perm.c.obj (.text:__TI_wrt_ok)
                  00802220    000000e0                     : close.c.obj (.text:close)
                  00802300    000000e0                     : exit.c.obj (.text:exit)
                  008023e0    000000e0                     : memset.c.obj (.text:memset)
                  008024c0    000000c0                     : hostread.c.obj (.text:HOSTread)
                  00802580    000000c0                     : hostunlink.c.obj (.text:HOSTunlink)
                  00802640    000000c0                     : autoinit.c.obj (.text:__TI_auto_init_nobinit_nopinit:__TI_auto_init_nobinit_nopinit)
                  00802700    000000c0                     : fflush.c.obj (.text:__TI_doflush)
                  008027c0    000000c0                     : memory.c.obj (.text:mremove)
                  00802880    000000c0                     : tls.c.obj (.text:tls:init:__TI_tls_init)
                  00802940    000000a0                     : hostclose.c.obj (.text:HOSTclose)
                  008029e0    000000a0                     : fopen.c.obj (.text:__TI_cleanup)
                  00802a80    000000a0                     : getdevice.c.obj (.text:finddevice)
                  00802b20    000000a0                     : memcpy64.asm.obj (.text:memcpy)
                  00802bc0    000000a0                     : memory.c.obj (.text:minsert)
                  00802c60    00000080                     : trgmsg.c.obj (.text:__TI_readmsg)
                  00802ce0    00000080                     : boot.c.obj (.text:_c_int00)
                  00802d60    00000080                     : unlink.c.obj (.text:unlink)
                  00802de0    00000060                     : trgmsg.c.obj (.text:__TI_writemsg)
                  00802e40    00000060                     : lseek.c.obj (.text:lseek)
                  00802ea0    00000060                     : write.c.obj (.text:write)
                  00802f00    00000040                     : args_main.c.obj (.text:_args_main)
                  00802f40    00000040                     : fputs.c.obj (.text:puts)
                  00802f80    00000020                     : push.asm.obj (.text:__pop_rts)
                  00802fa0    00000020                     : push.asm.obj (.text:__push_rts)
                  00802fc0    00000020                     : _lock.c.obj (.text:_nop)
                  00802fe0    00000020                     : startup.c.obj (.text:_system_post_cinit)
                  00803000    00000020                     : pre_init.c.obj (.text:_system_pre_init)
                  00803020    00000020                     : exit.c.obj (.text:abort)
                  00803040    00000020                     : copy_decompress_none.c.obj (.text:decompress:none:__TI_decompress_none)
                  00803060    00000020                     : copy_decompress_rle.c.obj (.text:decompress:rle24:__TI_decompress_rle24)

.stack     0    00803080    00000800     UNINITIALIZED
                  00803080    00000008     rts6740_elf.lib : boot.c.obj (.stack)
                  00803088    000007f8     --HOLE--

.sysmem    0    00803880    00000800     UNINITIALIZED
                  00803880    00000008     rts6740_elf.lib : memory.c.obj (.sysmem)
                  00803888    000007f8     --HOLE--

.fardata   0    00804080    00000318     UNINITIALIZED
                  00804080    000001e0     rts6740_elf.lib : defs.c.obj (.fardata:_ftable)
                  00804260    000000a0                     : write.c.obj (.fardata:_stream)
                  00804300    00000078                     : write.c.obj (.fardata:_device)
                  00804378    0000000c                     : exit.c.obj (.fardata)
                  00804384    00000008                     : memory.c.obj (.fardata)
                  0080438c    00000004                     : _lock.c.obj (.fardata:_lock)
                  00804390    00000004                     : _lock.c.obj (.fardata:_unlock)
                  00804394    00000004                     : defs.c.obj (.fardata)

.const     0    00804398    00000064     
                  00804398    00000060     main.obj (.const:.string)
                  008043f8    00000004     rts6740_elf.lib : fputs.c.obj (.const:.string)

.cio       0    00804748    00000120     UNINITIALIZED
                  00804748    00000120     rts6740_elf.lib : trgmsg.c.obj (.cio)

.far       0    00804600    00000148     UNINITIALIZED
                  00804600    00000140     (.common:__TI_tmpnams)
                  00804740    00000008     (.common:parmbuf)

.switch    0    00804868    00000030     
                  00804868    00000010     LED_DIPSW.obj (.switch:LED_Off)
                  00804878    00000010     LED_DIPSW.obj (.switch:LED_On)
                  00804888    00000010     LED_DIPSW.obj (.switch:LED_Toggle)

.cinit     0    008048a8    000000a8     
                  008048a8    0000006a     (.cinit..fardata.load) [load image, compression = rle]
                  00804912    00000012     (.cinit..neardata.load) [load image, compression = rle]
                  00804924    0000000b     (.cinit..far.load) [load image, compression = rle]
                  0080492f    00000001     --HOLE-- [fill = 0]
                  00804930    00000008     (__TI_handler_table)
                  00804938    00000018     (__TI_cinit_table)

.init_array 
*          0    00800000    00000000     UNINITIALIZED

.neardata 
*          0    00804898    0000000c     UNINITIALIZED
                  00804898    00000004     GPIO.obj (.neardata)
                  0080489c    00000004     ISR.obj (.neardata)
                  008048a0    00000004     main.obj (.neardata)

.vector    0    00804400    00000200     UNINITIALIZED
                  00804400    00000200     --HOLE--

MODULE SUMMARY

       Module                       code    ro data   rw data
       ------                       ----    -------   -------
    .\
       LED_DIPSW.obj                896     48        0      
       GPIO.obj                     864     0         4      
       Init.obj                     736     0         0      
       ISR.obj                      480     0         4      
       Interrupt.obj                448     0         0      
       main.obj                     288     96        4      
    +--+----------------------------+-------+---------+---------+
       Total:                       3712    144       12     
                                                             
    C:\ti\ccs901\ccs\tools\compiler\ti-cgt-c6000_8.3.2\lib\rts6740_elf.lib
       memory.c.obj                 1760    0         8      
       fputs.c.obj                  864     4         0      
       defs.c.obj                   0       0         804    
       trgmsg.c.obj                 224     0         288    
       getdevice.c.obj              448     0         0      
       setvbuf.c.obj                448     0         0      
       hostrename.c.obj             416     0         0      
       write.c.obj                  96      0         280    
       copy_decompress_rle.c.obj    288     0         0      
       exit.c.obj                   256     0         12     
       fclose.c.obj                 256     0         0      
       fseek.c.obj                  256     0         0      
       hostopen.c.obj               224     0         8      
       _io_perm.c.obj               224     0         0      
       close.c.obj                  224     0         0      
       hostlseek.c.obj              224     0         0      
       hostwrite.c.obj              224     0         0      
       memset.c.obj                 224     0         0      
       autoinit.c.obj               192     0         0      
       fflush.c.obj                 192     0         0      
       hostread.c.obj               192     0         0      
       hostunlink.c.obj             192     0         0      
       tls.c.obj                    192     0         0      
       fopen.c.obj                  160     0         0      
       hostclose.c.obj              160     0         0      
       memcpy64.asm.obj             160     0         0      
       boot.c.obj                   128     0         0      
       unlink.c.obj                 128     0         0      
       lseek.c.obj                  96      0         0      
       args_main.c.obj              64      0         0      
       push.asm.obj                 64      0         0      
       _lock.c.obj                  32      0         8      
       copy_decompress_none.c.obj   32      0         0      
       pre_init.c.obj               32      0         0      
       startup.c.obj                32      0         0      
    +--+----------------------------+-------+---------+---------+
       Total:                       8704    4         1408   
                                                             
       Heap:                        0       0         2048   
       Stack:                       0       0         2048   
       Linker Generated:            0       167       0      
    +--+----------------------------+-------+---------+---------+
       Grand Total:                 12416   315       5516   


LINKER GENERATED COPY TABLES

__TI_cinit_table @ 00804938 records: 3, size/record: 8, table size: 24
	.fardata: load addr=008048a8, load size=0000006a bytes, run addr=00804080, run size=00000318 bytes, compression=rle
	.neardata: load addr=00804912, load size=00000012 bytes, run addr=00804898, run size=0000000c bytes, compression=rle
	.far: load addr=00804924, load size=0000000b bytes, run addr=00804600, run size=00000148 bytes, compression=rle


LINKER GENERATED HANDLER TABLE

__TI_handler_table @ 00804930 records: 2, size/record: 4, table size: 8
	index: 0, handler: __TI_decompress_rle24
	index: 1, handler: __TI_decompress_none


GLOBAL SYMBOLS: SORTED ALPHABETICALLY BY Name 

address   name                           
-------   ----                           
00803020  C$$EXIT                        
00802e38  C$$IO$$                        
00801280  ConfigInterrupt                
00800a54  GPIO_ClearInterruptState       
0080086c  GPIO_EnableInterrupt           
00800828  GPIO_GetInput                  
008008d8  GPIO_InterruptEdge             
008009e0  GPIO_InterruptState            
008010a0  GPIO_PUSHBUTTON_ISR            
00800740  GPIO_SetDirection              
008007c8  GPIO_SetOutput                 
0080040c  GetDIP_AllStatus               
008003c0  GetDIP_Status                  
008003e8  GetPushButton_Status           
00804898  GpioRegs                       
00802940  HOSTclose                      
00801ea0  HOSTlseek                      
00801f80  HOSTopen                       
008024c0  HOSTread                       
008017c0  HOSTrename                     
00802580  HOSTunlink                     
00802060  HOSTwrite                      
00801364  InstallISR                     
0080066c  LED_DIPSW_Init                 
008004e4  LED_Off                        
0080046c  LED_On                         
00800558  LED_Toggle                     
00801aac  MicroSecDelay                  
00800dc0  SysConfigForPinMux             
00804748  __CIOBUF_                      
00804938  __TI_CINIT_Base                
00804950  __TI_CINIT_Limit               
00804930  __TI_Handler_Table_Base        
00804938  __TI_Handler_Table_Limit       
00803880  __TI_STACK_END                 
00000800  __TI_STACK_SIZE                
00804898  __TI_STATIC_BASE               
00000800  __TI_SYSMEM_SIZE               
UNDEFED   __TI_TLS_INIT_Base             
UNDEFED   __TI_TLS_INIT_Limit            
00802640  __TI_auto_init_nobinit_nopinit 
008029e0  __TI_cleanup                   
00804378  __TI_cleanup_ptr               
00801ba0  __TI_closefile                 
00803040  __TI_decompress_none           
00803060  __TI_decompress_rle24          
00802700  __TI_doflush                   
0080437c  __TI_dtors_ptr                 
00804380  __TI_enable_exit_profile_output
00804394  __TI_ft_end                    
ffffffff  __TI_pprof_out_hndl            
ffffffff  __TI_prof_data_size            
ffffffff  __TI_prof_data_start           
00802c60  __TI_readmsg                   
00802880  __TI_tls_init                  
00804600  __TI_tmpnams                   
00802de0  __TI_writemsg                  
00802140  __TI_wrt_ok                    
ffffffff  __binit__                      
00802f80  __c6xabi_pop_rts               
00802fa0  __c6xabi_push_rts              
ffffffff  __c_args__                     
00802f80  __pop_rts                      
00802fa0  __push_rts                     
00802f00  _args_main                     
00802ce0  _c_int00                       
00804300  _device                        
00804080  _ftable                        
0080438c  _lock                          
00802fc0  _nop                           
00803080  _stack                         
00804260  _stream                        
00803880  _sys_memory                    
00802fe0  _system_post_cinit             
00803000  _system_pre_init               
00804390  _unlock                        
00803020  abort                          
ffffffff  binit                          
00802220  close                          
00802300  exit                           
00802a80  finddevice                     
00800aa0  fputs                          
00800000  free                           
00801da0  fseek                          
00801960  getdevice                      
00804400  intvecTable                    
008048a0  led_flag                       
00802e40  lseek                          
00801b00  main                           
00801440  malloc                         
00802b20  memcpy                         
008023e0  memset                         
00804740  parmbuf                        
00802f40  puts                           
00802d60  remove                         
00801600  setvbuf                        
00802d60  unlink                         
00802ea0  write                          


GLOBAL SYMBOLS: SORTED BY Symbol Address 

address   name                           
-------   ----                           
00000800  __TI_STACK_SIZE                
00000800  __TI_SYSMEM_SIZE               
00800000  free                           
008003c0  GetDIP_Status                  
008003e8  GetPushButton_Status           
0080040c  GetDIP_AllStatus               
0080046c  LED_On                         
008004e4  LED_Off                        
00800558  LED_Toggle                     
0080066c  LED_DIPSW_Init                 
00800740  GPIO_SetDirection              
008007c8  GPIO_SetOutput                 
00800828  GPIO_GetInput                  
0080086c  GPIO_EnableInterrupt           
008008d8  GPIO_InterruptEdge             
008009e0  GPIO_InterruptState            
00800a54  GPIO_ClearInterruptState       
00800aa0  fputs                          
00800dc0  SysConfigForPinMux             
008010a0  GPIO_PUSHBUTTON_ISR            
00801280  ConfigInterrupt                
00801364  InstallISR                     
00801440  malloc                         
00801600  setvbuf                        
008017c0  HOSTrename                     
00801960  getdevice                      
00801aac  MicroSecDelay                  
00801b00  main                           
00801ba0  __TI_closefile                 
00801da0  fseek                          
00801ea0  HOSTlseek                      
00801f80  HOSTopen                       
00802060  HOSTwrite                      
00802140  __TI_wrt_ok                    
00802220  close                          
00802300  exit                           
008023e0  memset                         
008024c0  HOSTread                       
00802580  HOSTunlink                     
00802640  __TI_auto_init_nobinit_nopinit 
00802700  __TI_doflush                   
00802880  __TI_tls_init                  
00802940  HOSTclose                      
008029e0  __TI_cleanup                   
00802a80  finddevice                     
00802b20  memcpy                         
00802c60  __TI_readmsg                   
00802ce0  _c_int00                       
00802d60  remove                         
00802d60  unlink                         
00802de0  __TI_writemsg                  
00802e38  C$$IO$$                        
00802e40  lseek                          
00802ea0  write                          
00802f00  _args_main                     
00802f40  puts                           
00802f80  __c6xabi_pop_rts               
00802f80  __pop_rts                      
00802fa0  __c6xabi_push_rts              
00802fa0  __push_rts                     
00802fc0  _nop                           
00802fe0  _system_post_cinit             
00803000  _system_pre_init               
00803020  C$$EXIT                        
00803020  abort                          
00803040  __TI_decompress_none           
00803060  __TI_decompress_rle24          
00803080  _stack                         
00803880  __TI_STACK_END                 
00803880  _sys_memory                    
00804080  _ftable                        
00804260  _stream                        
00804300  _device                        
00804378  __TI_cleanup_ptr               
0080437c  __TI_dtors_ptr                 
00804380  __TI_enable_exit_profile_output
0080438c  _lock                          
00804390  _unlock                        
00804394  __TI_ft_end                    
00804400  intvecTable                    
00804600  __TI_tmpnams                   
00804740  parmbuf                        
00804748  __CIOBUF_                      
00804898  GpioRegs                       
00804898  __TI_STATIC_BASE               
008048a0  led_flag                       
00804930  __TI_Handler_Table_Base        
00804938  __TI_CINIT_Base                
00804938  __TI_Handler_Table_Limit       
00804950  __TI_CINIT_Limit               
ffffffff  __TI_pprof_out_hndl            
ffffffff  __TI_prof_data_size            
ffffffff  __TI_prof_data_start           
ffffffff  __binit__                      
ffffffff  __c_args__                     
ffffffff  binit                          
UNDEFED   __TI_TLS_INIT_Base             
UNDEFED   __TI_TLS_INIT_Limit            

[98 symbols]
