******************************************************************************
               TMS320C6x Linker PC v8.3.2                      
******************************************************************************
>> Linked Tue Oct 29 11:15:19 2019

OUTPUT FILE NAME:   <LAB6_A1.out>
ENTRY POINT SYMBOL: "_c_int00"  address: c000ae40


MEMORY CONFIGURATION

         name            origin    length      used     unused   attr    fill
----------------------  --------  ---------  --------  --------  ----  --------
  IROM                  11700000   00100000  00000000  00100000  R  X
  IRAM                  11800000   00040000  00000000  00040000  RW X
  L3_CBA_RAM            80000000   00020000  00000000  00020000  RW X
  DDR                   c0000000   08000000  00015c05  07fea3fb  RWIX


SEGMENT ALLOCATION MAP

run origin  load origin   length   init length attrs members
----------  ----------- ---------- ----------- ----- -------
c0000000    c0000000    00010495   00010495    r-x
  c0000000    c0000000    0000de40   0000de40    r-x .text
  c000de40    c000de40    00002655   00002655    r-- .const
c0010498    c0010498    000050d0   00000000    rw-
  c0010498    c0010498    000026d8   00000000    rw- .far
  c0012b70    c0012b70    00002000   00000000    rw- .stack
  c0014b70    c0014b70    000008d4   00000000    rw- .fardata
  c0015448    c0015448    00000120   00000000    rw- .cio
c0015568    c0015568    00000030   00000030    r--
  c0015568    c0015568    00000030   00000030    r-- .switch
c0015598    c0015598    0000000c   00000000    rw-
  c0015598    c0015598    0000000c   00000000    rw- .neardata
c0015800    c0015800    00000668   00000668    r-x
  c0015800    c0015800    00000200   00000200    r-x .vecs
  c0015a00    c0015a00    00000468   00000468    r-- .cinit


SECTION ALLOCATION MAP

 output                                  attributes/
section   page    origin      length       input sections
--------  ----  ----------  ----------   ----------------
.stack     0    c0012b70    00002000     UNINITIALIZED
                  c0012b70    00000008     boot.ae674 : boot.oe674 (.stack)
                  c0012b78    00001ff8     --HOLE--

.bss       0    c0015598    00000000     UNINITIALIZED

.neardata 
*          0    c0015598    0000000c     UNINITIALIZED
                  c0015598    00000004     GPIO.obj (.neardata)
                  c001559c    00000004     Timer.obj (.neardata)
                  c00155a0    00000004     main.obj (.neardata)

.rodata    0    c00155a4    00000000     UNINITIALIZED

.cinit     0    c0015a00    00000468     
                  c0015a00    0000042b     (.cinit..fardata.load) [load image, compression = rle]
                  c0015e2b    00000012     (.cinit..neardata.load) [load image, compression = rle]
                  c0015e3d    0000000b     (.cinit..far.load) [load image, compression = rle]
                  c0015e48    00000008     (__TI_handler_table)
                  c0015e50    00000018     (__TI_cinit_table)

.init_array 
*          0    c0000000    00000000     UNINITIALIZED

.vecs      0    c0015800    00000200     
                  c0015800    00000200     app_pe674.oe674 (.vecs)

xdc.meta   0    c0000000    000000e0     COPY SECTION
                  c0000000    000000e0     app_pe674.oe674 (xdc.meta)

.text      0    c0000000    0000de40     
                  c0000000    000008a0     ti.targets.rts6000.ae674 : System.oe674 (.text:xdc_runtime_System_doPrint__I)
                  c00008a0    00000780     sysbios.ae674 : BIOS.obj (.text:ti_sysbios_family_c64p_Exception_handler__I)
                  c0001020    00000740                   : BIOS.obj (.text:ti_sysbios_knl_Semaphore_pend__E)
                  c0001760    000006c0                   : BIOS.obj (.text:ti_sysbios_timers_timer64_Timer_Module_startup__E)
                  c0001e20    00000620                   : BIOS.obj (.text:ti_sysbios_heaps_HeapMem_allocUnprotected__E)
                  c0002440    000005c0                   : BIOS.obj (.text:ti_sysbios_heaps_HeapMem_freeUnprotected__E)
                  c0002a00    00000500                   : BIOS.obj (.text:ti_sysbios_family_c64p_Cache_Module_startup__E)
                  c0002f00    000003c0     main.obj (.text)
                  c00032c0    00000380     LED_DIPSW.obj (.text)
                  c0003640    00000360     GPIO.obj (.text)
                  c00039a0    00000340     sysbios.ae674 : BIOS.obj (.text:ti_sysbios_timers_timer64_Timer_deviceConfig__I)
                  c0003ce0    00000320     rts6740_elf.lib : fputs.c.obj (.text:fputs)
                  c0004000    00000300     sysbios.ae674 : BIOS.obj (.text:ti_sysbios_knl_Task_Module_startup__E)
                  c0004300    000002e0     Init.obj (.text)
                  c00045e0    000002e0     sysbios.ae674 : BIOS.obj (.text:ti_sysbios_heaps_HeapMem_Instance_init__E)
                  c00048c0    000002c0                   : BIOS.obj (.text:ti_sysbios_knl_Clock_workFunc__E)
                  c0004b80    000002c0     ti.targets.rts6000.ae674 : LoggerBuf.oe674 (.text:xdc_runtime_LoggerBuf_write8__E)
                  c0004e40    00000260     rts6740_elf.lib : imath64.c.obj (.text:__c6xabi_divull)
                  c00050a0    00000260     sysbios.ae674 : BIOS.obj (.text:ti_sysbios_family_c64p_Hwi_dispatchCore__I)
                  c0005300    00000260                   : BIOS.obj (.text:ti_sysbios_knl_Semaphore_post__E)
                  c0005560    00000260     ti.targets.rts6000.ae674 : Startup.oe674 (.text:xdc_runtime_Startup_startMods__I)
                  c00057c0    00000240     sysbios.ae674 : BIOS.obj (.text:ti_sysbios_family_c64p_Exception_internalHandler__I)
                  c0005a00    00000240     ti.targets.rts6000.ae674 : Core-mem.oe674 (.text:xdc_runtime_Core_createObject__I)
                  c0005c40    00000240     app_pe674.oe674 (.text:xdc_runtime_System_printfExtend__I)
                  c0005e80    00000220     sysbios.ae674 : BIOS.obj (.text:ti_sysbios_knl_Swi_run__I)
                  c00060a0    00000220                   : BIOS.obj (.text:ti_sysbios_timers_timer64_Timer_setPeriodMicroSecs__E)
                  c00062c0    00000220     ti.targets.rts6000.ae674 : Error.oe674 (.text:xdc_runtime_Error_policyDefault__E)
                  c00064e0    00000200     sysbios.ae674 : c64p_Hwi_disp_always.obj (.text:_ti_sysbios_family_c64p_Hwi_dispatchAlways)
                  c00066e0    000001e0                   : BIOS.obj (.text:ti_sysbios_gates_GateMutex_enter__E)
                  c00068c0    000001e0     ti.targets.rts6000.ae674 : Text.oe674 (.text:xdc_runtime_Text_putSite__E)
                  c0006aa0    000001c0     Timer.obj (.text)
                  c0006c60    000001c0     rts6740_elf.lib : setvbuf.c.obj (.text:setvbuf)
                  c0006e20    000001c0     sysbios.ae674 : BIOS.obj (.text:ti_sysbios_knl_Task_checkStacks__E)
                  c0006fe0    000001c0                   : BIOS.obj (.text:ti_sysbios_timers_timer64_Timer_getFreq__E)
                  c00071a0    000001c0     ti.targets.rts6000.ae674 : LoggerBuf.oe674 (.text:xdc_runtime_LoggerBuf_write4__E)
                  c0007360    000001a0     rts6740_elf.lib : hostrename.c.obj (.text:HOSTrename)
                  c0007500    000001a0     sysbios.ae674 : BIOS.obj (.text:ti_sysbios_family_c64p_Cache_getL2InitSize__I)
                  c00076a0    000001a0                   : BIOS.obj (.text:ti_sysbios_knl_Task_schedule__I)
                  c0007840    000001a0                   : BIOS.obj (.text:ti_sysbios_timers_timer64_Timer_start__E)
                  c00079e0    000001a0     ti.targets.rts6000.ae674 : Core-smem.oe674 (.text:xdc_runtime_Core_constructObject__I)
                  c0007b80    00000180     boot.ae674 : autoinit.oe674 (.text:__TI_auto_init:_auto_init_elf)
                  c0007d00    00000180     sysbios.ae674 : c64p_Exception_asm.obj (.text)
                  c0007e80    00000180                   : BIOS.obj (.text:ti_sysbios_knl_Task_exit__E)
                  c0008000    00000180                   : BIOS.obj (.text:ti_sysbios_knl_Task_startCore__E)
                  c0008180    00000160                   : BIOS.obj (.text:ti_sysbios_knl_Swi_post__E)
                  c00082e0    00000160     ti.targets.rts6000.ae674 : Text.oe674 (.text:xdc_runtime_Text_putMod__E)
                  c0008440    00000140     sysbios.ae674 : BIOS.obj (.text:ti_sysbios_family_c64p_Hwi_Module_startup__E)
                  c0008580    00000140                   : BIOS.obj (.text:ti_sysbios_knl_Semaphore_Instance_init__E)
                  c00086c0    00000140                   : BIOS.obj (.text:ti_sysbios_knl_Task_blockI__E)
                  c0008800    00000140     ti.targets.rts6000.ae674 : Core-mem.oe674 (.text:xdc_runtime_Core_deleteObject__I)
                  c0008940    00000140                              : LoggerBuf.oe674 (.text:xdc_runtime_LoggerBuf_setFilterLevel__E)
                  c0008a80    00000140                              : Text.oe674 (.text:xdc_runtime_Text_putLab__E)
                  c0008bc0    00000120     rts6740_elf.lib : getdevice.c.obj (.text:getdevice)
                  c0008ce0    00000120     sysbios.ae674 : BIOS.obj (.text:ti_sysbios_knl_Swi_restoreHwi__E)
                  c0008e00    00000120                   : BIOS.obj (.text:ti_sysbios_knl_Task_unblockI__E)
                  c0008f20    00000120     ti.targets.rts6000.ae674 : LoggerBuf.oe674 (.text:xdc_runtime_LoggerBuf_getFilterLevel__E)
                  c0009040    00000100     rts6740_elf.lib : fclose.c.obj (.text:__TI_closefile)
                  c0009140    00000100                     : copy_decompress_rle.c.obj (.text:__TI_decompress_rle_core)
                  c0009240    00000100                     : cpy_tbl.c.obj (.text:copy_in)
                  c0009340    00000100                     : fseek.c.obj (.text:fseek)
                  c0009440    00000100     sysbios.ae674 : BIOS.obj (.text:ti_sysbios_timers_timer64_Timer_initDevice__I)
                  c0009540    00000100     ti.targets.rts6000.ae674 : Error.oe674 (.text:xdc_runtime_Error_print__E)
                  c0009640    00000100                              : Memory.oe674 (.text:xdc_runtime_Memory_alloc__E)
                  c0009740    00000100                              : Startup.oe674 (.text:xdc_runtime_Startup_exec__E)
                  c0009840    000000e0     rts6740_elf.lib : hostlseek.c.obj (.text:HOSTlseek)
                  c0009920    000000e0                     : hostopen.c.obj (.text:HOSTopen)
                  c0009a00    000000e0                     : hostwrite.c.obj (.text:HOSTwrite)
                  c0009ae0    000000e0                     : _io_perm.c.obj (.text:__TI_wrt_ok)
                  c0009bc0    000000e0                     : close.c.obj (.text:close)
                  c0009ca0    000000e0                     : exit.c.obj (.text:exit)
                  c0009d80    000000e0                     : memset.c.obj (.text:memset)
                  c0009e60    000000e0     sysbios.ae674 : BIOS.obj (.text:ti_sysbios_heaps_HeapMem_alloc__E)
                  c0009f40    000000e0                   : BIOS.obj (.text:ti_sysbios_knl_Swi_runLoop__I)
                  c000a020    000000e0                   : BIOS.obj (.text:ti_sysbios_timers_timer64_Timer_startup__E)
                  c000a100    000000e0     ti.targets.rts6000.ae674 : Text.oe674 (.text:xdc_runtime_Text_visitRope2__I)
                  c000a1e0    000000c0     rts6740_elf.lib : hostread.c.obj (.text:HOSTread)
                  c000a2a0    000000c0                     : hostunlink.c.obj (.text:HOSTunlink)
                  c000a360    000000c0                     : fflush.c.obj (.text:__TI_doflush)
                  c000a420    000000c0                     : divu.asm.obj (.text:__divu)
                  c000a4e0    000000c0     sysbios.ae674 : BIOS.obj (.text:ti_sysbios_heaps_HeapMem_getStats__E)
                  c000a5a0    000000c0                   : BIOS.obj (.text:ti_sysbios_knl_Clock_logTick__E)
                  c000a660    000000c0                   : BIOS.obj (.text:ti_sysbios_knl_Swi_schedule__I)
                  c000a720    000000c0                   : BIOS.obj (.text:ti_sysbios_knl_Task_allBlockedFunction__I)
                  c000a7e0    000000c0     rts6740_elf.lib : tls.c.obj (.text:tls:init:__TI_tls_init)
                  c000a8a0    000000c0     ti.targets.rts6000.ae674 : Assert.oe674 (.text:xdc_runtime_Assert_raise__I)
                  c000a960    000000c0                              : Error.oe674 (.text:xdc_runtime_Error_setX__E)
                  c000aa20    000000c0     app_pe674.oe674 (.text:xdc_runtime_LoggerBuf_Object__create__S)
                  c000aae0    000000c0     ti.targets.rts6000.ae674 : SysMin.oe674 (.text:xdc_runtime_SysMin_abort__E)
                  c000aba0    000000c0                              : SysMin.oe674 (.text:xdc_runtime_SysMin_flush__E)
                  c000ac60    000000a0     rts6740_elf.lib : hostclose.c.obj (.text:HOSTclose)
                  c000ad00    000000a0                     : fopen.c.obj (.text:__TI_cleanup)
                  c000ada0    000000a0                     : remu.asm.obj (.text:__remu)
                  c000ae40    000000a0     boot.ae674 : boot.oe674 (.text:_c_int00)
                  c000aee0    000000a0     rts6740_elf.lib : getdevice.c.obj (.text:finddevice)
                  c000af80    000000a0                     : memcpy64.asm.obj (.text:memcpy)
                  c000b020    000000a0     sysbios.ae674 : BIOS.obj (.text:ti_sysbios_family_c64p_Exception_Module_startup__E)
                  c000b0c0    000000a0                   : BIOS.obj (.text:ti_sysbios_family_c64p_Hwi_dispatchC__I)
                  c000b160    000000a0                   : BIOS.obj (.text:ti_sysbios_family_c64p_Hwi_getStackInfo__E)
                  c000b200    000000a0                   : BIOS.obj (.text:ti_sysbios_timers_timer64_Timer_stop__E)
                  c000b2a0    000000a0     ti.targets.rts6000.ae674 : Core-params.oe674 (.text:xdc_runtime_Core_assignParams__I)
                  c000b340    000000a0                              : SysMin.oe674 (.text:xdc_runtime_SysMin_putch__E)
                  c000b3e0    000000a0                              : System.oe674 (.text:xdc_runtime_System_formatNum__I)
                  c000b480    000000a0                              : System.oe674 (.text:xdc_runtime_System_putchar__I)
                  c000b520    000000a0                              : Text.oe674 (.text:xdc_runtime_Text_printVisFxn__I)
                  c000b5c0    000000a0                              : Text.oe674 (.text:xdc_runtime_Text_xprintf__I)
                  c000b660    00000080     rts6740_elf.lib : trgmsg.c.obj (.text:__TI_readmsg)
                  c000b6e0    00000080                     : llshift.c.obj (.text:__c6xabi_llshl)
                  c000b760    00000080     sysbios.ae674 : c62_TaskSupport_asm.obj (.text:_ti_sysbios_family_c62_TaskSupport_swap__E)
                  c000b7e0    00000080     app_pe674.oe674 (.text:ti_sysbios_BIOS_atExitFunc__I)
                  c000b860    00000080     app_pe674.oe674 (.text:ti_sysbios_BIOS_registerRTSLock__I)
                  c000b8e0    00000080     app_pe674.oe674 (.text:ti_sysbios_gates_GateHwi_Object__create__S)
                  c000b960    00000080     app_pe674.oe674 (.text:ti_sysbios_gates_GateMutex_Object__create__S)
                  c000b9e0    00000080     sysbios.ae674 : BIOS.obj (.text:ti_sysbios_hal_Hwi_checkStack)
                  c000ba60    00000080                   : BIOS.obj (.text:ti_sysbios_hal_Hwi_initStack)
                  c000bae0    00000080     app_pe674.oe674 (.text:ti_sysbios_heaps_HeapMem_Object__create__S)
                  c000bb60    00000080     sysbios.ae674 : BIOS.obj (.text:ti_sysbios_heaps_HeapMem_init__I)
                  c000bbe0    00000080     app_pe674.oe674 (.text:ti_sysbios_knl_Clock_doTick__I)
                  c000bc60    00000080     sysbios.ae674 : BIOS.obj (.text:ti_sysbios_knl_Idle_run__E)
                  c000bce0    00000080                   : BIOS.obj (.text:ti_sysbios_knl_Semaphore_pendTimeout__I)
                  c000bd60    00000080                   : BIOS.obj (.text:ti_sysbios_knl_Swi_startup__E)
                  c000bde0    00000080                   : BIOS.obj (.text:ti_sysbios_knl_Task_restore__E)
                  c000be60    00000080     app_pe674.oe674 (.text:ti_sysbios_rts_MemAlloc_alloc)
                  c000bee0    00000080     rts6740_elf.lib : unlink.c.obj (.text:unlink)
                  c000bf60    00000080     ti.targets.rts6000.ae674 : Core-label.oe674 (.text:xdc_runtime_Core_assignLabel__I)
                  c000bfe0    00000080                              : LoggerBuf.oe674 (.text:xdc_runtime_LoggerBuf_Instance_init__E)
                  c000c060    00000080                              : LoggerBuf.oe674 (.text:xdc_runtime_LoggerBuf_Module_startup__E)
                  c000c0e0    00000080                              : LoggerBuf.oe674 (.text:xdc_runtime_LoggerBuf_filterOutEvent__I)
                  c000c160    00000080     app_pe674.oe674 (.text:xdc_runtime_SysMin_output__I)
                  c000c1e0    00000080     ti.targets.rts6000.ae674 : System.oe674 (.text:xdc_runtime_System_atexit__E)
                  c000c260    00000080                              : System.oe674 (.text:xdc_runtime_System_avprintf__E)
                  c000c2e0    00000080                              : System.oe674 (.text:xdc_runtime_System_processAtExit__E)
                  c000c360    00000080                              : System.oe674 (.text:xdc_runtime_System_vprintf__E)
                  c000c3e0    00000060     rts6740_elf.lib : trgmsg.c.obj (.text:__TI_writemsg)
                  c000c440    00000060                     : llshift.c.obj (.text:__c6xabi_llshru)
                  c000c4a0    00000060                     : imath64.c.obj (.text:_subcull)
                  c000c500    00000060     sysbios.ae674 : c64p_Hwi_asm_switch.obj (.text:_ti_sysbios_family_c64p_Hwi_switchAndDispatch__I)
                  c000c560    00000060                   : c64p_Hwi_asm_switch.obj (.text:_ti_sysbios_family_xxx_Hwi_switchAndRunFunc)
                  c000c5c0    00000060     rts6740_elf.lib : lseek.c.obj (.text:lseek)
                  c000c620    00000060     app_pe674.oe674 (.text:ti_sysbios_BIOS_errorRaiseHook__I)
                  c000c680    00000060     app_pe674.oe674 (.text:ti_sysbios_BIOS_removeRTSLock__I)
                  c000c6e0    00000060     app_pe674.oe674 (.text:ti_sysbios_BIOS_startFunc__I)
                  c000c740    00000060     sysbios.ae674 : BIOS.obj (.text:ti_sysbios_family_c62_TaskSupport_start__E)
                  c000c7a0    00000060                   : BIOS.obj (.text:ti_sysbios_family_c64p_Cache_setMar__E)
                  c000c800    00000060     app_pe674.oe674 (.text:ti_sysbios_gates_GateMutex_Object__delete__S)
                  c000c860    00000060     sysbios.ae674 : BIOS.obj (.text:ti_sysbios_heaps_HeapMem_free__E)
                  c000c8c0    00000060                   : BIOS.obj (.text:ti_sysbios_knl_Clock_Module_startup__E)
                  c000c920    00000060     app_pe674.oe674 (.text:ti_sysbios_knl_Queue_construct)
                  c000c980    00000060     app_pe674.oe674 (.text:ti_sysbios_knl_Semaphore_construct)
                  c000c9e0    00000060     sysbios.ae674 : BIOS.obj (.text:ti_sysbios_knl_Swi_Module_startup__E)
                  c000ca40    00000060                   : BIOS.obj (.text:ti_sysbios_knl_Task_enter__I)
                  c000caa0    00000060     rts6740_elf.lib : write.c.obj (.text:write)
                  c000cb00    00000060     app_pe674.oe674 (.text:xdc_runtime_LoggerBuf_Object__delete__S)
                  c000cb60    00000060     ti.targets.rts6000.ae674 : LoggerBuf.oe674 (.text:xdc_runtime_LoggerBuf_reset__E)
                  c000cbc0    00000060                              : Memory.oe674 (.text:xdc_runtime_Memory_valloc__E)
                  c000cc20    00000060                              : Text.oe674 (.text:xdc_runtime_Text_cordText__E)
                  c000cc80    00000040     rts6740_elf.lib : args_main.c.obj (.text:_args_main)
                  c000ccc0    00000040     sysbios.ae674 : c62_TaskSupport_asm.obj (.text:_ti_sysbios_family_c62_TaskSupport_buildTaskStack)
                  c000cd00    00000040     app_pe674.oe674 (.text:free)
                  c000cd40    00000040     rts6740_elf.lib : fputs.c.obj (.text:puts)
                  c000cd80    00000040     app_pe674.oe674 (.text:ti_sysbios_BIOS_exitFunc__I)
                  c000cdc0    00000040     app_pe674.oe674 (.text:ti_sysbios_BIOS_rtsLock__I)
                  c000ce00    00000040     app_pe674.oe674 (.text:ti_sysbios_BIOS_rtsUnlock__I)
                  c000ce40    00000040     sysbios.ae674 : BIOS.obj (.text:ti_sysbios_family_c64p_Hwi_disableInterrupt__E)
                  c000ce80    00000040                   : BIOS.obj (.text:ti_sysbios_family_c64p_Hwi_enableInterrupt__E)
                  c000cec0    00000040                   : BIOS.obj (.text:ti_sysbios_family_c64p_primus_TimerSupport_enable__E)
                  c000cf00    00000040     app_pe674.oe674 (.text:ti_sysbios_gates_GateHwi_Handle__label__S)
                  c000cf40    00000040     app_pe674.oe674 (.text:ti_sysbios_gates_GateHwi_Object__delete__S)
                  c000cf80    00000040     app_pe674.oe674 (.text:ti_sysbios_gates_GateMutex_Handle__label__S)
                  c000cfc0    00000040     sysbios.ae674 : BIOS.obj (.text:ti_sysbios_gates_GateMutex_Instance_init__E)
                  c000d000    00000040                   : BIOS.obj (.text:ti_sysbios_gates_GateMutex_leave__E)
                  c000d040    00000040     app_pe674.oe674 (.text:ti_sysbios_heaps_HeapMem_Handle__label__S)
                  c000d080    00000040     app_pe674.oe674 (.text:ti_sysbios_heaps_HeapMem_Object__delete__S)
                  c000d0c0    00000040     app_pe674.oe674 (.text:ti_sysbios_heaps_HeapMem_Object__get__S)
                  c000d100    00000040     app_pe674.oe674 (.text:ti_sysbios_knl_Semaphore_destruct)
                  c000d140    00000040     app_pe674.oe674 (.text:ti_sysbios_knl_Swi_Object__get__S)
                  c000d180    00000040     app_pe674.oe674 (.text:ti_sysbios_knl_Task_Object__get__S)
                  c000d1c0    00000040     ti.targets.rts6000.ae674 : Error.oe674 (.text:xdc_runtime_Error_check__E)
                  c000d200    00000040                              : Error.oe674 (.text:xdc_runtime_Error_init__E)
                  c000d240    00000040     app_pe674.oe674 (.text:xdc_runtime_LoggerBuf_Handle__label__S)
                  c000d280    00000040     ti.targets.rts6000.ae674 : LoggerBuf.oe674 (.text:xdc_runtime_LoggerBuf_Instance_finalize__E)
                  c000d2c0    00000040     app_pe674.oe674 (.text:xdc_runtime_LoggerBuf_Object__get__S)
                  c000d300    00000040     ti.targets.rts6000.ae674 : LoggerBuf.oe674 (.text:xdc_runtime_LoggerBuf_write0__E)
                  c000d340    00000040                              : LoggerBuf.oe674 (.text:xdc_runtime_LoggerBuf_write1__E)
                  c000d380    00000040                              : LoggerBuf.oe674 (.text:xdc_runtime_LoggerBuf_write2__E)
                  c000d3c0    00000040                              : Registry.oe674 (.text:xdc_runtime_Registry_findById__E)
                  c000d400    00000040                              : SysMin.oe674 (.text:xdc_runtime_SysMin_Module_startup__E)
                  c000d440    00000040                              : SysMin.oe674 (.text:xdc_runtime_SysMin_exit__E)
                  c000d480    00000040                              : System.oe674 (.text:xdc_runtime_System_abort__E)
                  c000d4c0    00000040     app_pe674.oe674 (.text:xdc_runtime_System_aprintf__E)
                  c000d500    00000040     ti.targets.rts6000.ae674 : System.oe674 (.text:xdc_runtime_System_exit__E)
                  c000d540    00000040     app_pe674.oe674 (.text:xdc_runtime_System_printf__E)
                  c000d580    00000020     rts6740_elf.lib : push.asm.obj (.text:__pop_rts)
                  c000d5a0    00000020                     : push.asm.obj (.text:__push_rts)
                  c000d5c0    00000020                     : _lock.c.obj (.text:_nop)
                  c000d5e0    00000020                     : _lock.c.obj (.text:_register_lock)
                  c000d600    00000020                     : _lock.c.obj (.text:_register_unlock)
                  c000d620    00000020                     : startup.c.obj (.text:_system_post_cinit)
                  c000d640    00000020     sysbios.ae674 : c62_TaskSupport_asm.obj (.text:_ti_sysbios_family_c62_TaskSupport_glue)
                  c000d660    00000020     rts6740_elf.lib : exit.c.obj (.text:abort)
                  c000d680    00000020                     : copy_decompress_none.c.obj (.text:decompress:none:__TI_decompress_none)
                  c000d6a0    00000020                     : copy_decompress_rle.c.obj (.text:decompress:rle24:__TI_decompress_rle24)
                  c000d6c0    00000020     app_pe674.oe674 (.text:ti_sysbios_BIOS_RtsGateProxy_enter__E)
                  c000d6e0    00000020     app_pe674.oe674 (.text:ti_sysbios_BIOS_RtsGateProxy_leave__E)
                  c000d700    00000020     sysbios.ae674 : BIOS.obj (.text:ti_sysbios_BIOS_exit__E)
                  c000d720    00000020                   : BIOS.obj (.text:ti_sysbios_BIOS_linkedWithIncorrectBootLibrary__E)
                  c000d740    00000020     app_pe674.oe674 (.text:ti_sysbios_BIOS_nullFunc__I)
                  c000d760    00000020     sysbios.ae674 : BIOS.obj (.text:ti_sysbios_BIOS_setThreadType__E)
                  c000d780    00000020                   : BIOS.obj (.text:ti_sysbios_BIOS_start__E)
                  c000d7a0    00000020     app_pe674.oe674 (.text:ti_sysbios_family_c62_TaskSupport_Module__startupDone__S)
                  c000d7c0    00000020     sysbios.ae674 : BIOS.obj (.text:ti_sysbios_family_c62_TaskSupport_checkStack__E)
                  c000d7e0    00000020     app_pe674.oe674 (.text:ti_sysbios_family_c64p_Hwi_Module__startupDone__F)
                  c000d800    00000020     sysbios.ae674 : BIOS.obj (.text:ti_sysbios_family_c64p_Hwi_clearInterrupt__E)
                  c000d820    00000020                   : BIOS.obj (.text:ti_sysbios_family_c64p_Hwi_startup__E)
                  c000d840    00000020                   : BIOS.obj (.text:ti_sysbios_family_c64p_Hwi_switchFromBootStack__E)
                  c000d860    00000020                   : BIOS.obj (.text:ti_sysbios_family_c64p_TimestampProvider_Module_startup__E)
                  c000d880    00000020                   : BIOS.obj (.text:ti_sysbios_family_c64p_TimestampProvider_get64__E)
                  c000d8a0    00000020                   : BIOS.obj (.text:ti_sysbios_gates_GateHwi_Instance_init__E)
                  c000d8c0    00000020                   : BIOS.obj (.text:ti_sysbios_gates_GateHwi_enter__E)
                  c000d8e0    00000020                   : BIOS.obj (.text:ti_sysbios_gates_GateHwi_leave__E)
                  c000d900    00000020                   : BIOS.obj (.text:ti_sysbios_gates_GateHwi_query__E)
                  c000d920    00000020                   : BIOS.obj (.text:ti_sysbios_gates_GateMutex_Instance_finalize__E)
                  c000d940    00000020                   : BIOS.obj (.text:ti_sysbios_gates_GateMutex_query__E)
                  c000d960    00000020                   : BIOS.obj (.text:ti_sysbios_hal_Hwi_Module_startup__E)
                  c000d980    00000020     app_pe674.oe674 (.text:ti_sysbios_heaps_HeapMem_Module_GateProxy_enter__E)
                  c000d9a0    00000020     app_pe674.oe674 (.text:ti_sysbios_heaps_HeapMem_Module_GateProxy_leave__E)
                  c000d9c0    00000020     sysbios.ae674 : BIOS.obj (.text:ti_sysbios_heaps_HeapMem_isBlocking__E)
                  c000d9e0    00000020     app_pe674.oe674 (.text:ti_sysbios_knl_Clock_TimerProxy_getMaxTicks__E)
                  c000da00    00000020     sysbios.ae674 : BIOS.obj (.text:ti_sysbios_knl_Idle_loop__E)
                  c000da20    00000020                   : BIOS.obj (.text:ti_sysbios_knl_Queue_Instance_init__E)
                  c000da40    00000020     app_pe674.oe674 (.text:ti_sysbios_knl_Queue_Object__get__S)
                  c000da60    00000020     app_pe674.oe674 (.text:ti_sysbios_knl_Queue_destruct)
                  c000da80    00000020     sysbios.ae674 : BIOS.obj (.text:ti_sysbios_knl_Queue_empty__E)
                  c000daa0    00000020                   : BIOS.obj (.text:ti_sysbios_knl_Semaphore_Instance_finalize__E)
                  c000dac0    00000020                   : BIOS.obj (.text:ti_sysbios_knl_Swi_disable__E)
                  c000dae0    00000020                   : BIOS.obj (.text:ti_sysbios_knl_Task_disable__E)
                  c000db00    00000020                   : BIOS.obj (.text:ti_sysbios_knl_Task_startup__E)
                  c000db20    00000020     app_pe674.oe674 (.text:ti_sysbios_timers_timer64_Timer_Module__startupDone__F)
                  c000db40    00000020     sysbios.ae674 : BIOS.obj (.text:ti_sysbios_timers_timer64_Timer_getMaxTicks__E)
                  c000db60    00000020     ti.targets.rts6000.ae674 : Error.oe674 (.text:xdc_runtime_Error_getSite__E)
                  c000db80    00000020                              : Error.oe674 (.text:xdc_runtime_Error_raiseX__E)
                  c000dba0    00000020                              : Gate.oe674 (.text:xdc_runtime_Gate_enterSystem__E)
                  c000dbc0    00000020                              : Gate.oe674 (.text:xdc_runtime_Gate_leaveSystem__E)
                  c000dbe0    00000020     app_pe674.oe674 (.text:xdc_runtime_IHeap_alloc)
                  c000dc00    00000020     app_pe674.oe674 (.text:xdc_runtime_IHeap_free)
                  c000dc20    00000020     app_pe674.oe674 (.text:xdc_runtime_LoggerBuf_Module_GateProxy_enter__E)
                  c000dc40    00000020     app_pe674.oe674 (.text:xdc_runtime_LoggerBuf_Module_GateProxy_leave__E)
                  c000dc60    00000020     ti.targets.rts6000.ae674 : LoggerBuf.oe674 (.text:xdc_runtime_LoggerBuf_disable__E)
                  c000dc80    00000020                              : LoggerBuf.oe674 (.text:xdc_runtime_LoggerBuf_enable__E)
                  c000dca0    00000020                              : Memory.oe674 (.text:xdc_runtime_Memory_calloc__E)
                  c000dcc0    00000020                              : Memory.oe674 (.text:xdc_runtime_Memory_free__E)
                  c000dce0    00000020                              : Memory.oe674 (.text:xdc_runtime_Memory_getMaxDefaultTypeAlign__E)
                  c000dd00    00000020     app_pe674.oe674 (.text:xdc_runtime_Startup_exec__I)
                  c000dd20    00000020     app_pe674.oe674 (.text:xdc_runtime_Startup_reset__I)
                  c000dd40    00000020     ti.targets.rts6000.ae674 : Startup.oe674 (.text:xdc_runtime_Startup_rtsDone__E)
                  c000dd60    00000020                              : SysMin.oe674 (.text:xdc_runtime_SysMin_ready__E)
                  c000dd80    00000020     app_pe674.oe674 (.text:xdc_runtime_System_Module_GateProxy_enter__E)
                  c000dda0    00000020     app_pe674.oe674 (.text:xdc_runtime_System_Module_GateProxy_leave__E)
                  c000ddc0    00000020     ti.targets.rts6000.ae674 : System.oe674 (.text:xdc_runtime_System_Module_startup__E)
                  c000dde0    00000020                              : System.oe674 (.text:xdc_runtime_System_vsnprintf__E)
                  c000de00    00000020                              : Text.oe674 (.text:xdc_runtime_Text_ropeText__E)
                  c000de20    00000020     app_pe674.oe674 (.text:xdc_runtime_Text_visitRope__I)

.const     0    c000de40    00002655     
                  c000de40    00001940     app_pe674.oe674 (.const:xdc_runtime_Text_charTab__A)
                  c000f780    00000518     sysbios.ae674 : BIOS.obj (.const:.string)
                  c000fc98    000000d8     main.obj (.const:.string)
                  c000fd70    000000cc     app_pe674.oe674 (.const:xdc_runtime_Text_nodeTab__A)
                  c000fe3c    00000074     app_pe674.oe674 (.const:.string)
                  c000feb0    00000058     ti.targets.rts6000.ae674 : Error.oe674 (.const:.string)
                  c000ff08    00000040                              : Text.oe674 (.const:.string)
                  c000ff48    0000003c     app_pe674.oe674 (.const:xdc_runtime_LoggerBuf_Module__FXNS__C)
                  c000ff84    00000004     rts6740_elf.lib : fputs.c.obj (.const:.string)
                  c000ff88    00000030     app_pe674.oe674 (.const:xdc_runtime_Startup_sfxnTab__A)
                  c000ffb8    0000002c     ti.targets.rts6000.ae674 : Startup.oe674 (.const:.string)
                  c000ffe4    00000028     app_pe674.oe674 (.const:ti_sysbios_heaps_HeapMem_Module__FXNS__C)
                  c001000c    00000028     app_pe674.oe674 (.const:xdc_runtime_LoggerBuf_Object__PARAMS__C)
                  c0010034    00000024     app_pe674.oe674 (.const:ti_sysbios_gates_GateHwi_Module__FXNS__C)
                  c0010058    00000024     app_pe674.oe674 (.const:ti_sysbios_gates_GateMutex_Module__FXNS__C)
                  c001007c    00000024     app_pe674.oe674 (.const:ti_sysbios_heaps_HeapMem_Object__PARAMS__C)
                  c00100a0    00000024     app_pe674.oe674 (.const:ti_sysbios_knl_Semaphore_Object__PARAMS__C)
                  c00100c4    00000020     app_pe674.oe674 (.const:ti_sysbios_gates_GateHwi_Object__DESC__C)
                  c00100e4    00000020     app_pe674.oe674 (.const:ti_sysbios_gates_GateMutex_Object__DESC__C)
                  c0010104    00000020     app_pe674.oe674 (.const:ti_sysbios_heaps_HeapMem_Object__DESC__C)
                  c0010124    00000020     app_pe674.oe674 (.const:ti_sysbios_knl_Queue_Object__DESC__C)
                  c0010144    00000020     app_pe674.oe674 (.const:ti_sysbios_knl_Semaphore_Object__DESC__C)
                  c0010164    00000020     app_pe674.oe674 (.const:xdc_runtime_LoggerBuf_Object__DESC__C)
                  c0010184    00000018     ti.targets.rts6000.ae674 : System.oe674 (.const:.string)
                  c001019c    00000018     app_pe674.oe674 (.const:ti_sysbios_gates_GateHwi_Object__PARAMS__C)
                  c00101b4    00000018     app_pe674.oe674 (.const:ti_sysbios_gates_GateMutex_Object__PARAMS__C)
                  c00101cc    00000018     app_pe674.oe674 (.const:ti_sysbios_knl_Queue_Object__PARAMS__C)
                  c00101e4    00000004     ti.targets.rts6000.ae674 : Assert.oe674 (.const:.string)
                  c00101e8    00000018     app_pe674.oe674 (.const:xdc_runtime_Startup_sfxnRts__A)
                  c0010200    00000008     app_pe674.oe674 (.const:ti_sysbios_knl_Idle_funcList__C)
                  c0010208    00000008     app_pe674.oe674 (.const:xdc_runtime_Startup_firstFxns__A)
                  c0010210    00000008     app_pe674.oe674 (.const:xdc_runtime_Startup_firstFxns__C)
                  c0010218    00000008     app_pe674.oe674 (.const:xdc_runtime_Startup_lastFxns__C)
                  c0010220    00000004     app_pe674.oe674 (.const:ti_sysbios_family_c64p_Cache_E_invalidL1CacheSize__C)
                  c0010224    00000004     app_pe674.oe674 (.const:ti_sysbios_family_c64p_Cache_E_invalidL2CacheSize__C)
                  c0010228    00000004     app_pe674.oe674 (.const:ti_sysbios_family_c64p_Cache_MAR0_31__C)
                  c001022c    00000004     app_pe674.oe674 (.const:ti_sysbios_family_c64p_Cache_MAR128_159__C)
                  c0010230    00000004     app_pe674.oe674 (.const:ti_sysbios_family_c64p_Cache_MAR160_191__C)
                  c0010234    00000004     app_pe674.oe674 (.const:ti_sysbios_family_c64p_Cache_MAR192_223__C)
                  c0010238    00000004     app_pe674.oe674 (.const:ti_sysbios_family_c64p_Cache_MAR224_255__C)
                  c001023c    00000004     app_pe674.oe674 (.const:ti_sysbios_family_c64p_Cache_MAR32_63__C)
                  c0010240    00000004     app_pe674.oe674 (.const:ti_sysbios_family_c64p_Cache_MAR64_95__C)
                  c0010244    00000004     app_pe674.oe674 (.const:ti_sysbios_family_c64p_Cache_MAR96_127__C)
                  c0010248    00000004     app_pe674.oe674 (.const:ti_sysbios_family_c64p_Exception_E_exceptionMax__C)
                  c001024c    00000004     app_pe674.oe674 (.const:ti_sysbios_family_c64p_Exception_exceptionHook__C)
                  c0010250    00000004     app_pe674.oe674 (.const:ti_sysbios_family_c64p_Exception_externalHook__C)
                  c0010254    00000004     app_pe674.oe674 (.const:ti_sysbios_family_c64p_Exception_internalHook__C)
                  c0010258    00000004     app_pe674.oe674 (.const:ti_sysbios_family_c64p_Exception_nmiHook__C)
                  c001025c    00000004     app_pe674.oe674 (.const:ti_sysbios_family_c64p_Hwi_LD_end__C)
                  c0010260    00000004     app_pe674.oe674 (.const:ti_sysbios_family_c64p_Hwi_LM_begin__C)
                  c0010264    00000004     app_pe674.oe674 (.const:ti_sysbios_family_c64p_Hwi_Module__diagsEnabled__C)
                  c0010268    00000004     app_pe674.oe674 (.const:ti_sysbios_family_c64p_Hwi_Module__diagsIncluded__C)
                  c001026c    00000004     app_pe674.oe674 (.const:ti_sysbios_family_c64p_Hwi_Module__diagsMask__C)
                  c0010270    00000004     app_pe674.oe674 (.const:ti_sysbios_family_c64p_Hwi_Module__loggerFxn1__C)
                  c0010274    00000004     app_pe674.oe674 (.const:ti_sysbios_family_c64p_Hwi_Module__loggerFxn8__C)
                  c0010278    00000004     app_pe674.oe674 (.const:ti_sysbios_family_c64p_Hwi_Module__loggerObj__C)
                  c001027c    00000004     app_pe674.oe674 (.const:ti_sysbios_gates_GateMutex_A_badContext__C)
                  c0010280    00000004     app_pe674.oe674 (.const:ti_sysbios_gates_GateMutex_Instance_State_sem__O)
                  c0010284    00000004     app_pe674.oe674 (.const:ti_sysbios_gates_GateMutex_Module__diagsEnabled__C)
                  c0010288    00000004     app_pe674.oe674 (.const:ti_sysbios_gates_GateMutex_Module__diagsIncluded__C)
                  c001028c    00000004     app_pe674.oe674 (.const:ti_sysbios_gates_GateMutex_Module__diagsMask__C)
                  c0010290    00000004     app_pe674.oe674 (.const:ti_sysbios_hal_Hwi_E_stackOverflow__C)
                  c0010294    00000004     app_pe674.oe674 (.const:ti_sysbios_heaps_HeapMem_A_align__C)
                  c0010298    00000004     app_pe674.oe674 (.const:ti_sysbios_heaps_HeapMem_A_heapSize__C)
                  c001029c    00000004     app_pe674.oe674 (.const:ti_sysbios_heaps_HeapMem_A_invalidFree__C)
                  c00102a0    00000004     app_pe674.oe674 (.const:ti_sysbios_heaps_HeapMem_A_zeroBlock__C)
                  c00102a4    00000004     app_pe674.oe674 (.const:ti_sysbios_heaps_HeapMem_E_memory__C)
                  c00102a8    00000004     app_pe674.oe674 (.const:ti_sysbios_heaps_HeapMem_Module__diagsEnabled__C)
                  c00102ac    00000004     app_pe674.oe674 (.const:ti_sysbios_heaps_HeapMem_Module__diagsIncluded__C)
                  c00102b0    00000004     app_pe674.oe674 (.const:ti_sysbios_heaps_HeapMem_Module__diagsMask__C)
                  c00102b4    00000004     app_pe674.oe674 (.const:ti_sysbios_heaps_HeapMem_Module__gateObj__C)
                  c00102b8    00000004     app_pe674.oe674 (.const:ti_sysbios_heaps_HeapMem_Object__count__C)
                  c00102bc    00000004     app_pe674.oe674 (.const:ti_sysbios_heaps_HeapMem_reqAlign__C)
                  c00102c0    00000004     app_pe674.oe674 (.const:ti_sysbios_knl_Clock_LM_begin__C)
                  c00102c4    00000004     app_pe674.oe674 (.const:ti_sysbios_knl_Clock_LM_tick__C)
                  c00102c8    00000004     app_pe674.oe674 (.const:ti_sysbios_knl_Clock_LW_delayed__C)
                  c00102cc    00000004     app_pe674.oe674 (.const:ti_sysbios_knl_Clock_Module_State_clockQ__O)
                  c00102d0    00000004     app_pe674.oe674 (.const:ti_sysbios_knl_Clock_Module__diagsEnabled__C)
                  c00102d4    00000004     app_pe674.oe674 (.const:ti_sysbios_knl_Clock_Module__diagsIncluded__C)
                  c00102d8    00000004     app_pe674.oe674 (.const:ti_sysbios_knl_Clock_Module__diagsMask__C)
                  c00102dc    00000004     app_pe674.oe674 (.const:ti_sysbios_knl_Clock_Module__loggerFxn1__C)
                  c00102e0    00000004     app_pe674.oe674 (.const:ti_sysbios_knl_Clock_Module__loggerFxn2__C)
                  c00102e4    00000004     app_pe674.oe674 (.const:ti_sysbios_knl_Clock_Module__loggerObj__C)
                  c00102e8    00000004     app_pe674.oe674 (.const:ti_sysbios_knl_Idle_funcList__A)
                  c00102ec    00000004     app_pe674.oe674 (.const:ti_sysbios_knl_Semaphore_A_badContext__C)
                  c00102f0    00000004     app_pe674.oe674 (.const:ti_sysbios_knl_Semaphore_A_noEvents__C)
                  c00102f4    00000004     app_pe674.oe674 (.const:ti_sysbios_knl_Semaphore_A_overflow__C)
                  c00102f8    00000004     app_pe674.oe674 (.const:ti_sysbios_knl_Semaphore_A_pendTaskDisabled__C)
                  c00102fc    00000004     app_pe674.oe674 (.const:ti_sysbios_knl_Semaphore_Instance_State_pendQ__O)
                  c0010300    00000004     app_pe674.oe674 (.const:ti_sysbios_knl_Semaphore_LM_pend__C)
                  c0010304    00000004     app_pe674.oe674 (.const:ti_sysbios_knl_Semaphore_LM_post__C)
                  c0010308    00000004     app_pe674.oe674 (.const:ti_sysbios_knl_Semaphore_Module__diagsEnabled__C)
                  c001030c    00000004     app_pe674.oe674 (.const:ti_sysbios_knl_Semaphore_Module__diagsIncluded__C)
                  c0010310    00000004     app_pe674.oe674 (.const:ti_sysbios_knl_Semaphore_Module__diagsMask__C)
                  c0010314    00000004     app_pe674.oe674 (.const:ti_sysbios_knl_Semaphore_Module__loggerFxn2__C)
                  c0010318    00000004     app_pe674.oe674 (.const:ti_sysbios_knl_Semaphore_Module__loggerFxn4__C)
                  c001031c    00000004     app_pe674.oe674 (.const:ti_sysbios_knl_Semaphore_Module__loggerObj__C)
                  c0010320    00000004     app_pe674.oe674 (.const:ti_sysbios_knl_Swi_LD_end__C)
                  c0010324    00000004     app_pe674.oe674 (.const:ti_sysbios_knl_Swi_LM_begin__C)
                  c0010328    00000004     app_pe674.oe674 (.const:ti_sysbios_knl_Swi_LM_post__C)
                  c001032c    00000004     app_pe674.oe674 (.const:ti_sysbios_knl_Swi_Module__diagsEnabled__C)
                  c0010330    00000004     app_pe674.oe674 (.const:ti_sysbios_knl_Swi_Module__diagsIncluded__C)
                  c0010334    00000004     app_pe674.oe674 (.const:ti_sysbios_knl_Swi_Module__diagsMask__C)
                  c0010338    00000004     app_pe674.oe674 (.const:ti_sysbios_knl_Swi_Module__loggerFxn1__C)
                  c001033c    00000004     app_pe674.oe674 (.const:ti_sysbios_knl_Swi_Module__loggerFxn4__C)
                  c0010340    00000004     app_pe674.oe674 (.const:ti_sysbios_knl_Swi_Module__loggerObj__C)
                  c0010344    00000004     app_pe674.oe674 (.const:ti_sysbios_knl_Swi_Object__count__C)
                  c0010348    00000004     app_pe674.oe674 (.const:ti_sysbios_knl_Task_E_spOutOfBounds__C)
                  c001034c    00000004     app_pe674.oe674 (.const:ti_sysbios_knl_Task_E_stackOverflow__C)
                  c0010350    00000004     app_pe674.oe674 (.const:ti_sysbios_knl_Task_LD_block__C)
                  c0010354    00000004     app_pe674.oe674 (.const:ti_sysbios_knl_Task_LD_exit__C)
                  c0010358    00000004     app_pe674.oe674 (.const:ti_sysbios_knl_Task_LD_ready__C)
                  c001035c    00000004     app_pe674.oe674 (.const:ti_sysbios_knl_Task_LM_switch__C)
                  c0010360    00000004     app_pe674.oe674 (.const:ti_sysbios_knl_Task_Module_State_inactiveQ__O)
                  c0010364    00000004     app_pe674.oe674 (.const:ti_sysbios_knl_Task_Module__diagsEnabled__C)
                  c0010368    00000004     app_pe674.oe674 (.const:ti_sysbios_knl_Task_Module__diagsIncluded__C)
                  c001036c    00000004     app_pe674.oe674 (.const:ti_sysbios_knl_Task_Module__diagsMask__C)
                  c0010370    00000004     app_pe674.oe674 (.const:ti_sysbios_knl_Task_Module__loggerFxn2__C)
                  c0010374    00000004     app_pe674.oe674 (.const:ti_sysbios_knl_Task_Module__loggerFxn4__C)
                  c0010378    00000004     app_pe674.oe674 (.const:ti_sysbios_knl_Task_Module__loggerObj__C)
                  c001037c    00000004     app_pe674.oe674 (.const:ti_sysbios_knl_Task_Object__count__C)
                  c0010380    00000004     app_pe674.oe674 (.const:ti_sysbios_knl_Task_allBlockedFunc__C)
                  c0010384    00000004     app_pe674.oe674 (.const:ti_sysbios_knl_Task_numConstructedTasks__C)
                  c0010388    00000004     app_pe674.oe674 (.const:ti_sysbios_timers_timer64_Timer_A_notAvailable__C)
                  c001038c    00000004     app_pe674.oe674 (.const:ti_sysbios_timers_timer64_Timer_E_cannotSupport__C)
                  c0010390    00000004     app_pe674.oe674 (.const:ti_sysbios_timers_timer64_Timer_Module__diagsEnabled__C)
                  c0010394    00000004     app_pe674.oe674 (.const:ti_sysbios_timers_timer64_Timer_Module__diagsIncluded__C)
                  c0010398    00000004     app_pe674.oe674 (.const:ti_sysbios_timers_timer64_Timer_Module__diagsMask__C)
                  c001039c    00000004     app_pe674.oe674 (.const:ti_sysbios_timers_timer64_Timer_anyMaskHigh__C)
                  c00103a0    00000004     app_pe674.oe674 (.const:ti_sysbios_timers_timer64_Timer_anyMask__C)
                  c00103a4    00000004     app_pe674.oe674 (.const:ti_sysbios_timers_timer64_Timer_freqDivisor__C)
                  c00103a8    00000004     app_pe674.oe674 (.const:ti_sysbios_timers_timer64_Timer_numLocalTimers__C)
                  c00103ac    00000004     app_pe674.oe674 (.const:ti_sysbios_timers_timer64_Timer_numTimerDevices__C)
                  c00103b0    00000004     app_pe674.oe674 (.const:xdc_runtime_Assert_E_assertFailed__C)
                  c00103b4    00000004     app_pe674.oe674 (.const:xdc_runtime_Core_A_initializedParams__C)
                  c00103b8    00000004     app_pe674.oe674 (.const:xdc_runtime_Core_Module__diagsEnabled__C)
                  c00103bc    00000004     app_pe674.oe674 (.const:xdc_runtime_Core_Module__diagsIncluded__C)
                  c00103c0    00000004     app_pe674.oe674 (.const:xdc_runtime_Core_Module__diagsMask__C)
                  c00103c4    00000004     app_pe674.oe674 (.const:xdc_runtime_Error_E_memory__C)
                  c00103c8    00000004     app_pe674.oe674 (.const:xdc_runtime_Error_Module__diagsEnabled__C)
                  c00103cc    00000004     app_pe674.oe674 (.const:xdc_runtime_Error_Module__diagsIncluded__C)
                  c00103d0    00000004     app_pe674.oe674 (.const:xdc_runtime_Error_Module__diagsMask__C)
                  c00103d4    00000004     app_pe674.oe674 (.const:xdc_runtime_Error_Module__loggerFxn8__C)
                  c00103d8    00000004     app_pe674.oe674 (.const:xdc_runtime_Error_Module__loggerObj__C)
                  c00103dc    00000004     app_pe674.oe674 (.const:xdc_runtime_Error_policyFxn__C)
                  c00103e0    00000004     app_pe674.oe674 (.const:xdc_runtime_Error_policy__C)
                  c00103e4    00000004     app_pe674.oe674 (.const:xdc_runtime_Error_raiseHook__C)
                  c00103e8    00000004     app_pe674.oe674 (.const:xdc_runtime_IFilterLogger_Interface__BASE__C)
                  c00103ec    00000004     app_pe674.oe674 (.const:xdc_runtime_IGateProvider_Interface__BASE__C)
                  c00103f0    00000004     app_pe674.oe674 (.const:xdc_runtime_IHeap_Interface__BASE__C)
                  c00103f4    00000004     app_pe674.oe674 (.const:xdc_runtime_ILogger_Interface__BASE__C)
                  c00103f8    00000004     app_pe674.oe674 (.const:xdc_runtime_IModule_Interface__BASE__C)
                  c00103fc    00000004     app_pe674.oe674 (.const:xdc_runtime_Log_L_error__C)
                  c0010400    00000004     app_pe674.oe674 (.const:xdc_runtime_LoggerBuf_E_badLevel__C)
                  c0010404    00000004     app_pe674.oe674 (.const:xdc_runtime_LoggerBuf_Module__gateObj__C)
                  c0010408    00000004     app_pe674.oe674 (.const:xdc_runtime_LoggerBuf_Object__count__C)
                  c001040c    00000004     app_pe674.oe674 (.const:xdc_runtime_LoggerBuf_statusLogger__C)
                  c0010410    00000004     app_pe674.oe674 (.const:xdc_runtime_Memory_defaultHeapInstance__C)
                  c0010414    00000004     app_pe674.oe674 (.const:xdc_runtime_Startup_execImpl__C)
                  c0010418    00000004     app_pe674.oe674 (.const:xdc_runtime_Startup_maxPasses__C)
                  c001041c    00000004     app_pe674.oe674 (.const:xdc_runtime_Startup_sfxnRts__C)
                  c0010420    00000004     app_pe674.oe674 (.const:xdc_runtime_Startup_sfxnTab__C)
                  c0010424    00000004     app_pe674.oe674 (.const:xdc_runtime_SysMin_bufSize__C)
                  c0010428    00000004     app_pe674.oe674 (.const:xdc_runtime_SysMin_outputFunc__C)
                  c001042c    00000004     app_pe674.oe674 (.const:xdc_runtime_System_Module__gateObj__C)
                  c0010430    00000004     app_pe674.oe674 (.const:xdc_runtime_System_abortFxn__C)
                  c0010434    00000004     app_pe674.oe674 (.const:xdc_runtime_System_exitFxn__C)
                  c0010438    00000004     app_pe674.oe674 (.const:xdc_runtime_System_extendFxn__C)
                  c001043c    00000004     app_pe674.oe674 (.const:xdc_runtime_System_maxAtexitHandlers__C)
                  c0010440    00000004     app_pe674.oe674 (.const:xdc_runtime_Text_charTab__C)
                  c0010444    00000004     app_pe674.oe674 (.const:xdc_runtime_Text_nameEmpty__C)
                  c0010448    00000004     app_pe674.oe674 (.const:xdc_runtime_Text_nameStatic__C)
                  c001044c    00000004     app_pe674.oe674 (.const:xdc_runtime_Text_nameUnknown__C)
                  c0010450    00000004     app_pe674.oe674 (.const:xdc_runtime_Text_nodeTab__C)
                  c0010454    00000004     app_pe674.oe674 (.const:xdc_runtime_Text_visitRopeFxn__C)
                  c0010458    00000002     app_pe674.oe674 (.const:ti_sysbios_family_c64p_Cache_Module__id__C)
                  c001045a    00000002     app_pe674.oe674 (.const:ti_sysbios_family_c64p_Exception_Module__id__C)
                  c001045c    00000002     app_pe674.oe674 (.const:ti_sysbios_family_c64p_Exception_useInternalBuffer__C)
                  c001045e    00000002     app_pe674.oe674 (.const:ti_sysbios_family_c64p_Hwi_Module__id__C)
                  c0010460    00000002     app_pe674.oe674 (.const:ti_sysbios_family_c64p_Hwi_Module__loggerDefined__C)
                  c0010462    00000002     app_pe674.oe674 (.const:ti_sysbios_gates_GateMutex_Module__id__C)
                  c0010464    00000002     app_pe674.oe674 (.const:ti_sysbios_hal_Hwi_Module__id__C)
                  c0010466    00000002     app_pe674.oe674 (.const:ti_sysbios_heaps_HeapMem_Module__id__C)
                  c0010468    00000002     app_pe674.oe674 (.const:ti_sysbios_knl_Clock_Module__id__C)
                  c001046a    00000002     app_pe674.oe674 (.const:ti_sysbios_knl_Clock_Module__loggerDefined__C)
                  c001046c    00000002     app_pe674.oe674 (.const:ti_sysbios_knl_Semaphore_Module__id__C)
                  c001046e    00000002     app_pe674.oe674 (.const:ti_sysbios_knl_Semaphore_Module__loggerDefined__C)
                  c0010470    00000002     app_pe674.oe674 (.const:ti_sysbios_knl_Swi_Module__id__C)
                  c0010472    00000002     app_pe674.oe674 (.const:ti_sysbios_knl_Swi_Module__loggerDefined__C)
                  c0010474    00000002     app_pe674.oe674 (.const:ti_sysbios_knl_Task_Module__id__C)
                  c0010476    00000002     app_pe674.oe674 (.const:ti_sysbios_knl_Task_Module__loggerDefined__C)
                  c0010478    00000002     app_pe674.oe674 (.const:ti_sysbios_timers_timer64_Timer_Module__id__C)
                  c001047a    00000002     app_pe674.oe674 (.const:ti_sysbios_timers_timer64_Timer_startupNeeded__C)
                  c001047c    00000002     app_pe674.oe674 (.const:ti_sysbios_timers_timer64_Timer_useTimer64pRegMap__C)
                  c001047e    00000002     app_pe674.oe674 (.const:xdc_runtime_Core_Module__id__C)
                  c0010480    00000002     app_pe674.oe674 (.const:xdc_runtime_Error_Module__loggerDefined__C)
                  c0010482    00000002     app_pe674.oe674 (.const:xdc_runtime_Error_maxDepth__C)
                  c0010484    00000002     app_pe674.oe674 (.const:xdc_runtime_LoggerBuf_Module__id__C)
                  c0010486    00000002     app_pe674.oe674 (.const:xdc_runtime_LoggerBuf_filterByLevel__C)
                  c0010488    00000002     app_pe674.oe674 (.const:xdc_runtime_Memory_Module__id__C)
                  c001048a    00000002     app_pe674.oe674 (.const:xdc_runtime_SysMin_flushAtExit__C)
                  c001048c    00000002     app_pe674.oe674 (.const:xdc_runtime_Text_charCnt__C)
                  c001048e    00000002     app_pe674.oe674 (.const:xdc_runtime_Text_isLoaded__C)
                  c0010490    00000002     app_pe674.oe674 (.const:xdc_runtime_Text_registryModsLastId__C)
                  c0010492    00000002     app_pe674.oe674 (.const:xdc_runtime_Text_unnamedModsLastId__C)
                  c0010494    00000001     app_pe674.oe674 (.const:ti_sysbios_timers_timer64_Timer_localTimerBaseId__C)

.far       0    c0010498    000026d8     UNINITIALIZED
                  c0010498    00001000     (.common:ti_sysbios_heaps_HeapMem_Instance_State_0_buf__A)
                  c0011498    00001000     app_pe674.oe674 (.far:taskStackSection)
                  c0012498    00000200     (.common:xdc_runtime_LoggerBuf_Instance_State_0_entryArr__A)
                  c0012698    00000200     (.common:xdc_runtime_SysMin_Module_State_0_outbuf__A)
                  c0012898    00000140     (.common:__TI_tmpnams)
                  c00129d8    000000c8     (.common:dstBuffer)
                  c0012aa0    000000c8     (.common:srcBuffer)
                  c0012b68    00000008     (.common:parmbuf)

.fardata   0    c0014b70    000008d4     UNINITIALIZED
                  c0014b70    000001e0     rts6740_elf.lib : defs.c.obj (.fardata:_ftable)
                  c0014d50    000000b8     app_pe674.oe674 (.fardata:ti_sysbios_knl_Task_Object__table__V)
                  c0014e08    000000a0     rts6740_elf.lib : write.c.obj (.fardata:_stream)
                  c0014ea8    00000080     app_pe674.oe674 (.fardata:ti_sysbios_knl_Swi_Module_State_0_readyQ__A)
                  c0014f28    00000080     app_pe674.oe674 (.fardata:ti_sysbios_knl_Task_Module_State_0_readyQ__A)
                  c0014fa8    00000078     rts6740_elf.lib : write.c.obj (.fardata:_device)
                  c0015020    0000006c     app_pe674.oe674 (.fardata:ti_sysbios_family_c64p_Hwi_Module__state__V)
                  c001508c    00000004     rts6740_elf.lib : _lock.c.obj (.fardata:_lock)
                  c0015090    00000060     app_pe674.oe674 (.fardata:ti_sysbios_timers_timer64_Timer_Module_State_0_device__A)
                  c00150f0    00000050     app_pe674.oe674 (.fardata:ti_sysbios_timers_timer64_Timer_Object__table__V)
                  c0015140    00000048     app_pe674.oe674 (.fardata:ti_sysbios_knl_Task_Module__state__V)
                  c0015188    00000040     app_pe674.oe674 (.fardata:ti_sysbios_gates_GateMutex_Object__table__V)
                  c00151c8    00000030     app_pe674.oe674 (.fardata:ti_sysbios_family_c64p_Exception_Module__state__V)
                  c00151f8    00000030     app_pe674.oe674 (.fardata:ti_sysbios_family_c64p_Hwi_Object__table__V)
                  c0015228    00000030     app_pe674.oe674 (.fardata:ti_sysbios_knl_Swi_Object__table__V)
                  c0015258    0000002c     app_pe674.oe674 (.fardata:ti_sysbios_knl_Clock_Module__state__V)
                  c0015284    00000024     app_pe674.oe674 (.fardata:ti_sysbios_BIOS_Module__state__V)
                  c00152a8    00000024     app_pe674.oe674 (.fardata:xdc_runtime_LoggerBuf_Object__table__V)
                  c00152cc    00000004     rts6740_elf.lib : _lock.c.obj (.fardata:_unlock)
                  c00152d0    00000020     app_pe674.oe674 (.fardata:ti_sysbios_timers_timer64_Timer_Module_State_0_gctrl__A)
                  c00152f0    00000020     app_pe674.oe674 (.fardata:ti_sysbios_timers_timer64_Timer_Module_State_0_handles__A)
                  c0015310    00000020     app_pe674.oe674 (.fardata:ti_sysbios_timers_timer64_Timer_Module_State_0_intFreqs__A)
                  c0015330    00000020     app_pe674.oe674 (.fardata:xdc_runtime_Error_IgnoreBlock)
                  c0015350    0000001c     app_pe674.oe674 (.fardata:ti_sysbios_knl_Swi_Module__state__V)
                  c001536c    00000004     rts6740_elf.lib : defs.c.obj (.fardata)
                  c0015370    00000018     app_pe674.oe674 (.fardata:ti_sysbios_heaps_HeapMem_Object__table__V)
                  c0015388    00000018     app_pe674.oe674 (.fardata:ti_sysbios_timers_timer64_Timer_Module__state__V)
                  c00153a0    00000010     app_pe674.oe674 (.fardata:ti_sysbios_hal_Hwi_Object__table__V)
                  c00153b0    00000010     app_pe674.oe674 (.fardata:xdc_runtime_System_Module_State_0_atexitHandlers__A)
                  c00153c0    0000000c     rts6740_elf.lib : exit.c.obj (.fardata)
                  c00153cc    0000000c     app_pe674.oe674 (.fardata:xdc_runtime_SysMin_Module__state__V)
                  c00153d8    00000008     app_pe674.oe674 (.fardata:ti_sysbios_family_c64p_primus_TimerSupport_Module_State_0_suspSrc__A)
                  c00153e0    00000008     app_pe674.oe674 (.fardata:ti_sysbios_gates_GateHwi_Module__root__V)
                  c00153e8    00000008     app_pe674.oe674 (.fardata:ti_sysbios_gates_GateMutex_Module__root__V)
                  c00153f0    00000008     app_pe674.oe674 (.fardata:ti_sysbios_heaps_HeapMem_Module__root__V)
                  c00153f8    00000008     app_pe674.oe674 (.fardata:ti_sysbios_knl_Queue_Module__root__V)
                  c0015400    00000008     app_pe674.oe674 (.fardata:ti_sysbios_knl_Semaphore_Module__root__V)
                  c0015408    00000008     app_pe674.oe674 (.fardata:xdc_runtime_LoggerBuf_Module__root__V)
                  c0015410    00000008     app_pe674.oe674 (.fardata:xdc_runtime_Registry_Module__state__V)
                  c0015418    00000008     app_pe674.oe674 (.fardata:xdc_runtime_Startup_Module__state__V)
                  c0015420    00000008     app_pe674.oe674 (.fardata:xdc_runtime_System_Module__state__V)
                  c0015428    00000006     app_pe674.oe674 (.fardata:xdc_runtime_LoggerBuf_Module__state__V)
                  c001542e    00000002     app_pe674.oe674 (.fardata:xdc_runtime_Error_Module__state__V)
                  c0015430    00000004     app_pe674.oe674 (.fardata:ti_sysbios_family_c64p_Cache_Module__state__V)
                  c0015434    00000004     app_pe674.oe674 (.fardata:ti_sysbios_family_c64p_primus_TimerSupport_Module__state__V)
                  c0015438    00000004     app_pe674.oe674 (.fardata:ti_sysbios_gates_GateHwi_Object__table__V)
                  c001543c    00000004     app_pe674.oe674 (.fardata:xdc_runtime_Memory_Module__state__V)
                  c0015440    00000004     app_pe674.oe674 (.fardata:ti_sysbios_knl_Task_Module_State_0_idleTask__A)

.cio       0    c0015448    00000120     UNINITIALIZED
                  c0015448    00000120     rts6740_elf.lib : trgmsg.c.obj (.cio)

.switch    0    c0015568    00000030     
                  c0015568    00000010     LED_DIPSW.obj (.switch:LED_Off)
                  c0015578    00000010     LED_DIPSW.obj (.switch:LED_On)
                  c0015588    00000010     LED_DIPSW.obj (.switch:LED_Toggle)

MODULE SUMMARY

       Module                       code    ro data   rw data
       ------                       ----    -------   -------
    .\
       main.obj                     960     216       404    
       Timer.obj                    448     0         4      
    +--+----------------------------+-------+---------+---------+
       Total:                       1408    216       408    
                                                             
    .\lib\
       LED_DIPSW.obj                896     48        0      
       GPIO.obj                     864     0         4      
       Init.obj                     736     0         0      
    +--+----------------------------+-------+---------+---------+
       Total:                       2496    48        4      
                                                             
    D:\workspace_v9\LAB6_A1\Debug\configPkg\package\cfg\
       app_pe674.oe674              4704    8065      10692  
    +--+----------------------------+-------+---------+---------+
       Total:                       4704    8065      10692  
                                                             
    C:\ti\bios_6_76_02_02\packages\ti\targets\rts6000\lib\boot.ae674
       autoinit.oe674               384     0         0      
       boot.oe674                   160     0         0      
    +--+----------------------------+-------+---------+---------+
       Total:                       544     0         0      
                                                             
    C:\ti\bios_6_76_02_02\packages\ti\targets\rts6000\lib\ti.targets.rts6000.ae674
       System.oe674                 3232    24        0      
       LoggerBuf.oe674              2560    0         0      
       Text.oe674                   1824    64        0      
       Error.oe674                  1184    88        0      
       Startup.oe674                896     44        0      
       Core-mem.oe674               896     0         0      
       SysMin.oe674                 704     0         0      
       Memory.oe674                 448     0         0      
       Core-smem.oe674              416     0         0      
       Assert.oe674                 192     4         0      
       Core-params.oe674            160     0         0      
       Core-label.oe674             128     0         0      
       Gate.oe674                   64      0         0      
       Registry.oe674               64      0         0      
    +--+----------------------------+-------+---------+---------+
       Total:                       12768   224       0      
                                                             
    C:\ti\ccs901\ccs\tools\compiler\ti-cgt-c6000_8.3.2\lib\rts6740_elf.lib
       fputs.c.obj                  864     4         0      
       defs.c.obj                   0       0         804    
       imath64.c.obj                704     0         0      
       trgmsg.c.obj                 224     0         288    
       getdevice.c.obj              448     0         0      
       setvbuf.c.obj                448     0         0      
       hostrename.c.obj             416     0         0      
       write.c.obj                  96      0         280    
       copy_decompress_rle.c.obj    288     0         0      
       exit.c.obj                   256     0         12     
       cpy_tbl.c.obj                256     0         0      
       fclose.c.obj                 256     0         0      
       fseek.c.obj                  256     0         0      
       hostopen.c.obj               224     0         8      
       _io_perm.c.obj               224     0         0      
       close.c.obj                  224     0         0      
       hostlseek.c.obj              224     0         0      
       hostwrite.c.obj              224     0         0      
       llshift.c.obj                224     0         0      
       memset.c.obj                 224     0         0      
       divu.asm.obj                 192     0         0      
       fflush.c.obj                 192     0         0      
       hostread.c.obj               192     0         0      
       hostunlink.c.obj             192     0         0      
       tls.c.obj                    192     0         0      
       fopen.c.obj                  160     0         0      
       hostclose.c.obj              160     0         0      
       memcpy64.asm.obj             160     0         0      
       remu.asm.obj                 160     0         0      
       unlink.c.obj                 128     0         0      
       _lock.c.obj                  96      0         8      
       lseek.c.obj                  96      0         0      
       args_main.c.obj              64      0         0      
       push.asm.obj                 64      0         0      
       copy_decompress_none.c.obj   32      0         0      
       startup.c.obj                32      0         0      
    +--+----------------------------+-------+---------+---------+
       Total:                       8192    4         1400   
                                                             
    D:\workspace_v9\LAB6_A1\src\sysbios\sysbios.ae674
       BIOS.obj                     25984   1304      0      
       c64p_Hwi_disp_always.obj     512     0         0      
       c64p_Exception_asm.obj       384     0         0      
       c62_TaskSupport_asm.obj      224     0         0      
       c64p_Hwi_asm_switch.obj      192     0         0      
    +--+----------------------------+-------+---------+---------+
       Total:                       27296   1304      0      
                                                             
       Stack:                       0       0         8192   
       Linker Generated:            0       1128      0      
    +--+----------------------------+-------+---------+---------+
       Grand Total:                 57408   10989     20696  


LINKER GENERATED COPY TABLES

__TI_cinit_table @ c0015e50 records: 3, size/record: 8, table size: 24
	.fardata: load addr=c0015a00, load size=0000042b bytes, run addr=c0014b70, run size=000008d4 bytes, compression=rle
	.neardata: load addr=c0015e2b, load size=00000012 bytes, run addr=c0015598, run size=0000000c bytes, compression=rle
	.far: load addr=c0015e3d, load size=0000000b bytes, run addr=c0010498, run size=000026d8 bytes, compression=rle


LINKER GENERATED HANDLER TABLE

__TI_handler_table @ c0015e48 records: 2, size/record: 4, table size: 8
	index: 0, handler: __TI_decompress_rle24
	index: 1, handler: __TI_decompress_none


GLOBAL SYMBOLS: SORTED ALPHABETICALLY BY Name 

address   name                                                                
-------   ----                                                                
c000d660  C$$EXIT                                                             
c000c438  C$$IO$$                                                             
c0006b44  ConfigTimer_32bit                                                   
c0006aa0  ConfigTimer_64bit                                                   
c0003954  GPIO_ClearInterruptState                                            
c000376c  GPIO_EnableInterrupt                                                
c0003728  GPIO_GetInput                                                       
c00037d8  GPIO_InterruptEdge                                                  
c00038e0  GPIO_InterruptState                                                 
c0003640  GPIO_SetDirection                                                   
c00036c8  GPIO_SetOutput                                                      
c0002f2c  GenArrayData                                                        
c000330c  GetDIP_AllStatus                                                    
c00032c0  GetDIP_Status                                                       
c00032e8  GetPushButton_Status                                                
c0015598  GpioRegs                                                            
c000ac60  HOSTclose                                                           
c0009840  HOSTlseek                                                           
c0009920  HOSTopen                                                            
c000a1e0  HOSTread                                                            
c0007360  HOSTrename                                                          
c000a2a0  HOSTunlink                                                          
c0009a00  HOSTwrite                                                           
c000356c  LED_DIPSW_Init                                                      
c00033e4  LED_Off                                                             
c000336c  LED_On                                                              
c0003458  LED_Toggle                                                          
c0003008  ResetEDMA3                                                          
c0003078  SetupEDMA3                                                          
c0006bf8  StartTimer                                                          
c0006c20  StopTimer                                                           
c0004300  SysConfigForPinMux                                                  
c000318c  TIMER0_INT                                                          
c0003218  Task_edma                                                           
c0002f8c  VerifyArrayData                                                     
c0000000  __ASM__                                                             
c0015448  __CIOBUF_                                                           
c0000050  __ISA__                                                             
c0000068  __PLAT__                                                            
c0000090  __TARG__                                                            
c0015e50  __TI_CINIT_Base                                                     
c0015e68  __TI_CINIT_Limit                                                    
c0015e48  __TI_Handler_Table_Base                                             
c0015e50  __TI_Handler_Table_Limit                                            
UNDEFED   __TI_INITARRAY_Base                                                 
UNDEFED   __TI_INITARRAY_Limit                                                
c0014b70  __TI_STACK_END                                                      
00002000  __TI_STACK_SIZE                                                     
c0015598  __TI_STATIC_BASE                                                    
UNDEFED   __TI_TLS_INIT_Base                                                  
UNDEFED   __TI_TLS_INIT_Limit                                                 
c000ad00  __TI_cleanup                                                        
c00153c0  __TI_cleanup_ptr                                                    
c0009040  __TI_closefile                                                      
c000d680  __TI_decompress_none                                                
c000d6a0  __TI_decompress_rle24                                               
c000a360  __TI_doflush                                                        
c00153c4  __TI_dtors_ptr                                                      
c00153c8  __TI_enable_exit_profile_output                                     
c001536c  __TI_ft_end                                                         
ffffffff  __TI_pprof_out_hndl                                                 
ffffffff  __TI_prof_data_size                                                 
ffffffff  __TI_prof_data_start                                                
c000b660  __TI_readmsg                                                        
c000a7e0  __TI_tls_init                                                       
c0012898  __TI_tmpnams                                                        
c000c3e0  __TI_writemsg                                                       
c0009ae0  __TI_wrt_ok                                                         
c00000b8  __TRDR__                                                            
ffffffff  __binit__                                                           
c000a420  __c6xabi_divu                                                       
c0004e40  __c6xabi_divull                                                     
c000b6e0  __c6xabi_llshl                                                      
c000c440  __c6xabi_llshru                                                     
c000d580  __c6xabi_pop_rts                                                    
c000d5a0  __c6xabi_push_rts                                                   
c000ada0  __c6xabi_remu                                                       
ffffffff  __c_args__                                                          
c000a420  __divu                                                              
c000d580  __pop_rts                                                           
c000d5a0  __push_rts                                                          
c000ada0  __remu                                                              
c000cc80  _args_main                                                          
00000000  _argsize                                                            
c0007b80  _auto_init_elf                                                      
c000ae40  _c_int00                                                            
c0014fa8  _device                                                             
c0014b70  _ftable                                                             
c001508c  _lock                                                               
c000d5c0  _nop                                                                
c000d5e0  _register_lock                                                      
c000d600  _register_unlock                                                    
c0012b70  _stack                                                              
c0014e08  _stream                                                             
c000c4a0  _subcull                                                            
c000d620  _system_post_cinit                                                  
c00152cc  _unlock                                                             
c000d660  abort                                                               
ffffffff  binit                                                               
c0009bc0  close                                                               
c0009240  copy_in                                                             
c00129d8  dstBuffer                                                           
c00155a0  edma3ccRegs                                                         
c0009ca0  exit                                                                
c000aee0  finddevice                                                          
c0003ce0  fputs                                                               
c000cd00  free                                                                
c0009340  fseek                                                               
c0008bc0  getdevice                                                           
c000c5c0  lseek                                                               
c0003198  main                                                                
c000be60  malloc                                                              
c000af80  memcpy                                                              
c0009d80  memset                                                              
c0012b68  parmbuf                                                             
c000cd40  puts                                                                
c000bee0  remove                                                              
c0006c60  setvbuf                                                             
c0012aa0  srcBuffer                                                           
c0015284  ti_sysbios_BIOS_Module__state__V                                    
c000cf80  ti_sysbios_BIOS_RtsGateProxy_Handle__label__S                       
c000d6c0  ti_sysbios_BIOS_RtsGateProxy_enter__E                               
c000d6e0  ti_sysbios_BIOS_RtsGateProxy_leave__E                               
c000d940  ti_sysbios_BIOS_RtsGateProxy_query__E                               
c000b7e0  ti_sysbios_BIOS_atExitFunc__I                                       
c000c620  ti_sysbios_BIOS_errorRaiseHook__I                                   
c000cd80  ti_sysbios_BIOS_exitFunc__I                                         
c000d700  ti_sysbios_BIOS_exit__E                                             
c000d720  ti_sysbios_BIOS_linkedWithIncorrectBootLibrary__E                   
c000d740  ti_sysbios_BIOS_nullFunc__I                                         
c000b860  ti_sysbios_BIOS_registerRTSLock__I                                  
c000c680  ti_sysbios_BIOS_removeRTSLock__I                                    
c000cdc0  ti_sysbios_BIOS_rtsLock__I                                          
c000ce00  ti_sysbios_BIOS_rtsUnlock__I                                        
c000d760  ti_sysbios_BIOS_setThreadType__E                                    
c000c6e0  ti_sysbios_BIOS_startFunc__I                                        
c000d780  ti_sysbios_BIOS_start__E                                            
c000d7a0  ti_sysbios_family_c62_TaskSupport_Module__startupDone__S            
c000ccc0  ti_sysbios_family_c62_TaskSupport_buildTaskStack                    
c000d7c0  ti_sysbios_family_c62_TaskSupport_checkStack__E                     
c000d640  ti_sysbios_family_c62_TaskSupport_glue                              
c000c740  ti_sysbios_family_c62_TaskSupport_start__E                          
c000b760  ti_sysbios_family_c62_TaskSupport_swap__E                           
c0010220  ti_sysbios_family_c64p_Cache_E_invalidL1CacheSize__C                
c0010224  ti_sysbios_family_c64p_Cache_E_invalidL2CacheSize__C                
c0010228  ti_sysbios_family_c64p_Cache_MAR0_31__C                             
c001022c  ti_sysbios_family_c64p_Cache_MAR128_159__C                          
c0010230  ti_sysbios_family_c64p_Cache_MAR160_191__C                          
c0010234  ti_sysbios_family_c64p_Cache_MAR192_223__C                          
c0010238  ti_sysbios_family_c64p_Cache_MAR224_255__C                          
c001023c  ti_sysbios_family_c64p_Cache_MAR32_63__C                            
c0010240  ti_sysbios_family_c64p_Cache_MAR64_95__C                            
c0010244  ti_sysbios_family_c64p_Cache_MAR96_127__C                           
c0010458  ti_sysbios_family_c64p_Cache_Module__id__C                          
c0015430  ti_sysbios_family_c64p_Cache_Module__state__V                       
c0002a00  ti_sysbios_family_c64p_Cache_Module_startup__E                      
[...]
c0010264  ti_sysbios_family_c64p_Hwi_Module__diagsEnabled__C                  
c0010268  ti_sysbios_family_c64p_Hwi_Module__diagsIncluded__C                 
c001026c  ti_sysbios_family_c64p_Hwi_Module__diagsMask__C                     
c0010270  ti_sysbios_family_c64p_Hwi_Module__loggerFxn1__C                    
c0010274  ti_sysbios_family_c64p_Hwi_Module__loggerFxn8__C                    
c0010278  ti_sysbios_family_c64p_Hwi_Module__loggerObj__C                     
c001027c  ti_sysbios_gates_GateMutex_A_badContext__C                          
c0010280  ti_sysbios_gates_GateMutex_Instance_State_sem__O                    
c0010284  ti_sysbios_gates_GateMutex_Module__diagsEnabled__C                  
c0010288  ti_sysbios_gates_GateMutex_Module__diagsIncluded__C                 
c001028c  ti_sysbios_gates_GateMutex_Module__diagsMask__C                     
c0010290  ti_sysbios_hal_Hwi_E_stackOverflow__C                               
c0010294  ti_sysbios_heaps_HeapMem_A_align__C                                 
c0010298  ti_sysbios_heaps_HeapMem_A_heapSize__C                              
c001029c  ti_sysbios_heaps_HeapMem_A_invalidFree__C                           
c00102a0  ti_sysbios_heaps_HeapMem_A_zeroBlock__C                             
c00102a4  ti_sysbios_heaps_HeapMem_E_memory__C                                
c00102a8  ti_sysbios_heaps_HeapMem_Module__diagsEnabled__C                    
c00102ac  ti_sysbios_heaps_HeapMem_Module__diagsIncluded__C                   
c00102b0  ti_sysbios_heaps_HeapMem_Module__diagsMask__C                       
c00102b4  ti_sysbios_heaps_HeapMem_Module__gateObj__C                         
c00102b8  ti_sysbios_heaps_HeapMem_Object__count__C                           
c00102bc  ti_sysbios_heaps_HeapMem_reqAlign__C                                
c00102c0  ti_sysbios_knl_Clock_LM_begin__C                                    
c00102c4  ti_sysbios_knl_Clock_LM_tick__C                                     
c00102c8  ti_sysbios_knl_Clock_LW_delayed__C                                  
c00102cc  ti_sysbios_knl_Clock_Module_State_clockQ__O                         
c00102d0  ti_sysbios_knl_Clock_Module__diagsEnabled__C                        
c00102d4  ti_sysbios_knl_Clock_Module__diagsIncluded__C                       
c00102d8  ti_sysbios_knl_Clock_Module__diagsMask__C                           
c00102dc  ti_sysbios_knl_Clock_Module__loggerFxn1__C                          
c00102e0  ti_sysbios_knl_Clock_Module__loggerFxn2__C                          
c00102e4  ti_sysbios_knl_Clock_Module__loggerObj__C                           
c00102e8  ti_sysbios_knl_Idle_funcList__A                                     
c00102ec  ti_sysbios_knl_Semaphore_A_badContext__C                            
c00102f0  ti_sysbios_knl_Semaphore_A_noEvents__C                              
c00102f4  ti_sysbios_knl_Semaphore_A_overflow__C                              
c00102f8  ti_sysbios_knl_Semaphore_A_pendTaskDisabled__C                      
c00102fc  ti_sysbios_knl_Semaphore_Instance_State_pendQ__O                    
c0010300  ti_sysbios_knl_Semaphore_LM_pend__C                                 
c0010304  ti_sysbios_knl_Semaphore_LM_post__C                                 
c0010308  ti_sysbios_knl_Semaphore_Module__diagsEnabled__C                    
c001030c  ti_sysbios_knl_Semaphore_Module__diagsIncluded__C                   
c0010310  ti_sysbios_knl_Semaphore_Module__diagsMask__C                       
c0010314  ti_sysbios_knl_Semaphore_Module__loggerFxn2__C                      
c0010318  ti_sysbios_knl_Semaphore_Module__loggerFxn4__C                      
c001031c  ti_sysbios_knl_Semaphore_Module__loggerObj__C                       
c0010320  ti_sysbios_knl_Swi_LD_end__C                                        
c0010324  ti_sysbios_knl_Swi_LM_begin__C                                      
c0010328  ti_sysbios_knl_Swi_LM_post__C                                       
c001032c  ti_sysbios_knl_Swi_Module__diagsEnabled__C                          
c0010330  ti_sysbios_knl_Swi_Module__diagsIncluded__C                         
c0010334  ti_sysbios_knl_Swi_Module__diagsMask__C                             
c0010338  ti_sysbios_knl_Swi_Module__loggerFxn1__C                            
c001033c  ti_sysbios_knl_Swi_Module__loggerFxn4__C                            
c0010340  ti_sysbios_knl_Swi_Module__loggerObj__C                             
c0010344  ti_sysbios_knl_Swi_Object__count__C                                 
c0010348  ti_sysbios_knl_Task_E_spOutOfBounds__C                              
c001034c  ti_sysbios_knl_Task_E_stackOverflow__C                              
c0010350  ti_sysbios_knl_Task_LD_block__C                                     
c0010354  ti_sysbios_knl_Task_LD_exit__C                                      
c0010358  ti_sysbios_knl_Task_LD_ready__C                                     
c001035c  ti_sysbios_knl_Task_LM_switch__C                                    
c0010360  ti_sysbios_knl_Task_Module_State_inactiveQ__O                       
c0010364  ti_sysbios_knl_Task_Module__diagsEnabled__C                         
c0010368  ti_sysbios_knl_Task_Module__diagsIncluded__C                        
c001036c  ti_sysbios_knl_Task_Module__diagsMask__C                            
c0010370  ti_sysbios_knl_Task_Module__loggerFxn2__C                           
c0010374  ti_sysbios_knl_Task_Module__loggerFxn4__C                           
c0010378  ti_sysbios_knl_Task_Module__loggerObj__C                            
c001037c  ti_sysbios_knl_Task_Object__count__C                                
c0010380  ti_sysbios_knl_Task_allBlockedFunc__C                               
c0010384  ti_sysbios_knl_Task_numConstructedTasks__C                          
c0010388  ti_sysbios_timers_timer64_Timer_A_notAvailable__C                   
c001038c  ti_sysbios_timers_timer64_Timer_E_cannotSupport__C                  
c0010390  ti_sysbios_timers_timer64_Timer_Module__diagsEnabled__C             
c0010394  ti_sysbios_timers_timer64_Timer_Module__diagsIncluded__C            
c0010398  ti_sysbios_timers_timer64_Timer_Module__diagsMask__C                
c001039c  ti_sysbios_timers_timer64_Timer_anyMaskHigh__C                      
c00103a0  ti_sysbios_timers_timer64_Timer_anyMask__C                          
c00103a4  ti_sysbios_timers_timer64_Timer_freqDivisor__C                      
c00103a8  ti_sysbios_timers_timer64_Timer_numLocalTimers__C                   
c00103ac  ti_sysbios_timers_timer64_Timer_numTimerDevices__C                  
c00103b0  xdc_runtime_Assert_E_assertFailed__C                                
c00103b4  xdc_runtime_Core_A_initializedParams__C                             
c00103b8  xdc_runtime_Core_Module__diagsEnabled__C                            
c00103bc  xdc_runtime_Core_Module__diagsIncluded__C                           
c00103c0  xdc_runtime_Core_Module__diagsMask__C                               
c00103c4  xdc_runtime_Error_E_memory__C                                       
c00103c8  xdc_runtime_Error_Module__diagsEnabled__C                           
c00103cc  xdc_runtime_Error_Module__diagsIncluded__C                          
c00103d0  xdc_runtime_Error_Module__diagsMask__C                              
c00103d4  xdc_runtime_Error_Module__loggerFxn8__C                             
c00103d8  xdc_runtime_Error_Module__loggerObj__C                              
c00103dc  xdc_runtime_Error_policyFxn__C                                      
c00103e0  xdc_runtime_Error_policy__C                                         
c00103e4  xdc_runtime_Error_raiseHook__C                                      
c00103e8  xdc_runtime_IFilterLogger_Interface__BASE__C                        
c00103ec  xdc_runtime_IGateProvider_Interface__BASE__C                        
c00103f0  xdc_runtime_IHeap_Interface__BASE__C                                
c00103f4  xdc_runtime_ILogger_Interface__BASE__C                              
c00103f8  xdc_runtime_IModule_Interface__BASE__C                              
c00103fc  xdc_runtime_Log_L_error__C                                          
c0010400  xdc_runtime_LoggerBuf_E_badLevel__C                                 
c0010404  xdc_runtime_LoggerBuf_Module__gateObj__C                            
c0010408  xdc_runtime_LoggerBuf_Object__count__C                              
c001040c  xdc_runtime_LoggerBuf_statusLogger__C                               
c0010410  xdc_runtime_Memory_defaultHeapInstance__C                           
c0010414  xdc_runtime_Startup_execImpl__C                                     
c0010418  xdc_runtime_Startup_maxPasses__C                                    
c001041c  xdc_runtime_Startup_sfxnRts__C                                      
c0010420  xdc_runtime_Startup_sfxnTab__C                                      
c0010424  xdc_runtime_SysMin_bufSize__C                                       
c0010428  xdc_runtime_SysMin_outputFunc__C                                    
c001042c  xdc_runtime_System_Module__gateObj__C                               
c0010430  xdc_runtime_System_abortFxn__C                                      
c0010434  xdc_runtime_System_exitFxn__C                                       
c0010438  xdc_runtime_System_extendFxn__C                                     
c001043c  xdc_runtime_System_maxAtexitHandlers__C                             
c0010440  xdc_runtime_Text_charTab__C                                         
c0010444  xdc_runtime_Text_nameEmpty__C                                       
c0010448  xdc_runtime_Text_nameStatic__C                                      
c001044c  xdc_runtime_Text_nameUnknown__C                                     
c0010450  xdc_runtime_Text_nodeTab__C                                         
c0010454  xdc_runtime_Text_visitRopeFxn__C                                    
c0010458  ti_sysbios_family_c64p_Cache_Module__id__C                          
c001045a  ti_sysbios_family_c64p_Exception_Module__id__C                      
c001045c  ti_sysbios_family_c64p_Exception_useInternalBuffer__C               
c001045e  ti_sysbios_family_c64p_Hwi_Module__id__C                            
c0010460  ti_sysbios_family_c64p_Hwi_Module__loggerDefined__C                 
c0010462  ti_sysbios_gates_GateMutex_Module__id__C                            
c0010464  ti_sysbios_hal_Hwi_Module__id__C                                    
c0010466  ti_sysbios_heaps_HeapMem_Module__id__C                              
c0010468  ti_sysbios_knl_Clock_Module__id__C                                  
c001046a  ti_sysbios_knl_Clock_Module__loggerDefined__C                       
c001046c  ti_sysbios_knl_Semaphore_Module__id__C                              
c001046e  ti_sysbios_knl_Semaphore_Module__loggerDefined__C                   
c0010470  ti_sysbios_knl_Swi_Module__id__C                                    
c0010472  ti_sysbios_knl_Swi_Module__loggerDefined__C                         
c0010474  ti_sysbios_knl_Task_Module__id__C                                   
c0010476  ti_sysbios_knl_Task_Module__loggerDefined__C                        
c0010478  ti_sysbios_timers_timer64_Timer_Module__id__C                       
c001047a  ti_sysbios_timers_timer64_Timer_startupNeeded__C                    
c001047c  ti_sysbios_timers_timer64_Timer_useTimer64pRegMap__C                
c001047e  xdc_runtime_Core_Module__id__C                                      
c0010480  xdc_runtime_Error_Module__loggerDefined__C                          
c0010482  xdc_runtime_Error_maxDepth__C                                       
c0010484  xdc_runtime_LoggerBuf_Module__id__C                                 
c0010486  xdc_runtime_LoggerBuf_filterByLevel__C                              
c0010488  xdc_runtime_Memory_Module__id__C                                    
c001048a  xdc_runtime_SysMin_flushAtExit__C                                   
c001048c  xdc_runtime_Text_charCnt__C                                         
c001048e  xdc_runtime_Text_isLoaded__C                                        
c0010490  xdc_runtime_Text_registryModsLastId__C                              
c0010492  xdc_runtime_Text_unnamedModsLastId__C                               
c0010494  ti_sysbios_timers_timer64_Timer_localTimerBaseId__C                 
c0010498  ti_sysbios_heaps_HeapMem_Instance_State_0_buf__A                    
c0011498  ti_sysbios_knl_Task_Instance_State_0_stack__A                       
c0011c98  ti_sysbios_knl_Task_Instance_State_1_stack__A                       
c0012498  xdc_runtime_LoggerBuf_Instance_State_0_entryArr__A                  
c0012698  xdc_runtime_SysMin_Module_State_0_outbuf__A                         
c0012898  __TI_tmpnams                                                        
c00129d8  dstBuffer                                                           
c0012aa0  srcBuffer                                                           
c0012b68  parmbuf                                                             
c0012b70  _stack                                                              
c0014b70  __TI_STACK_END                                                      
c0014b70  _ftable                                                             
c0014d50  ti_sysbios_knl_Task_Object__table__V                                
c0014e08  _stream                                                             
c0014ea8  ti_sysbios_knl_Swi_Module_State_0_readyQ__A                         
c0014f28  ti_sysbios_knl_Task_Module_State_0_readyQ__A                        
c0014fa8  _device                                                             
c0015020  ti_sysbios_family_c64p_Hwi_Module__state__V                         
c001508c  _lock                                                               
c0015090  ti_sysbios_timers_timer64_Timer_Module_State_0_device__A            
c00150f0  ti_sysbios_timers_timer64_Timer_Object__table__V                    
c0015140  ti_sysbios_knl_Task_Module__state__V                                
c0015188  ti_sysbios_gates_GateMutex_Object__table__V                         
c00151c8  ti_sysbios_family_c64p_Exception_Module__state__V                   
c00151f8  ti_sysbios_family_c64p_Hwi_Object__table__V                         
c0015228  ti_sysbios_knl_Swi_Object__table__V                                 
c0015258  ti_sysbios_knl_Clock_Module__state__V                               
c0015284  ti_sysbios_BIOS_Module__state__V                                    
c00152a8  xdc_runtime_LoggerBuf_Object__table__V                              
c00152cc  _unlock                                                             
c00152d0  ti_sysbios_timers_timer64_Timer_Module_State_0_gctrl__A             
c00152f0  ti_sysbios_timers_timer64_Timer_Module_State_0_handles__A           
c0015310  ti_sysbios_timers_timer64_Timer_Module_State_0_intFreqs__A          
c0015330  xdc_runtime_Error_IgnoreBlock                                       
c0015350  ti_sysbios_knl_Swi_Module__state__V                                 
c001536c  __TI_ft_end                                                         
c0015370  ti_sysbios_heaps_HeapMem_Object__table__V                           
c0015388  ti_sysbios_timers_timer64_Timer_Module__state__V                    
c00153a0  ti_sysbios_hal_Hwi_Object__table__V                                 
c00153b0  xdc_runtime_System_Module_State_0_atexitHandlers__A                 
c00153c0  __TI_cleanup_ptr                                                    
c00153c4  __TI_dtors_ptr                                                      
c00153c8  __TI_enable_exit_profile_output                                     
c00153cc  xdc_runtime_SysMin_Module__state__V                                 
c00153d8  ti_sysbios_family_c64p_primus_TimerSupport_Module_State_0_suspSrc__A
c00153e0  ti_sysbios_gates_GateHwi_Module__root__V                            
c00153e8  ti_sysbios_gates_GateMutex_Module__root__V                          
c00153f0  ti_sysbios_heaps_HeapMem_Module__root__V                            
c00153f8  ti_sysbios_knl_Queue_Module__root__V                                
c0015400  ti_sysbios_knl_Semaphore_Module__root__V                            
c0015408  xdc_runtime_LoggerBuf_Module__root__V                               
c0015410  xdc_runtime_Registry_Module__state__V                               
c0015418  xdc_runtime_Startup_Module__state__V                                
c0015420  xdc_runtime_System_Module__state__V                                 
c0015428  xdc_runtime_LoggerBuf_Module__state__V                              
c001542e  xdc_runtime_Error_Module__state__V                                  
c0015430  ti_sysbios_family_c64p_Cache_Module__state__V                       
c0015434  ti_sysbios_family_c64p_primus_TimerSupport_Module__state__V         
c0015438  ti_sysbios_gates_GateHwi_Object__table__V                           
c001543c  xdc_runtime_Memory_Module__state__V                                 
c0015440  ti_sysbios_knl_Task_Module_State_0_idleTask__A                      
c0015448  __CIOBUF_                                                           
c0015598  GpioRegs                                                            
c0015598  __TI_STATIC_BASE                                                    
c00155a0  edma3ccRegs                                                         
c0015800  ti_sysbios_family_c64p_Hwi0                                         
c0015800  ti_sysbios_family_c64p_Hwi_int0                                     
c0015820  ti_sysbios_family_c64p_Hwi_int1                                     
c0015840  ti_sysbios_family_c64p_Hwi_int2                                     
c0015860  ti_sysbios_family_c64p_Hwi_int3                                     
c0015880  ti_sysbios_family_c64p_Hwi_int4                                     
c00158a0  ti_sysbios_family_c64p_Hwi_int5                                     
c00158c0  ti_sysbios_family_c64p_Hwi_int6                                     
c00158e0  ti_sysbios_family_c64p_Hwi_int7                                     
c0015900  ti_sysbios_family_c64p_Hwi_int8                                     
c0015920  ti_sysbios_family_c64p_Hwi_int9                                     
c0015940  ti_sysbios_family_c64p_Hwi_int10                                    
c0015960  ti_sysbios_family_c64p_Hwi_int11                                    
c0015980  ti_sysbios_family_c64p_Hwi_int12                                    
c00159a0  ti_sysbios_family_c64p_Hwi_int13                                    
c00159c0  ti_sysbios_family_c64p_Hwi_int14                                    
c00159e0  ti_sysbios_family_c64p_Hwi_int15                                    
c0015e48  __TI_Handler_Table_Base                                             
c0015e50  __TI_CINIT_Base                                                     
c0015e50  __TI_Handler_Table_Limit                                            
c0015e68  __TI_CINIT_Limit                                                    
ffffffff  __TI_pprof_out_hndl                                                 
ffffffff  __TI_prof_data_size                                                 
ffffffff  __TI_prof_data_start                                                
ffffffff  __binit__                                                           
ffffffff  __c_args__                                                          
ffffffff  binit                                                               
UNDEFED   __TI_INITARRAY_Base                                                 
UNDEFED   __TI_INITARRAY_Limit                                                
UNDEFED   __TI_TLS_INIT_Base                                                  
UNDEFED   __TI_TLS_INIT_Limit                                                 

[641 symbols]
