<?xml version="1.0" encoding="ISO-8859-1" ?>
<link_info>
   <banner>TMS320C6x Linker PC v8.3.2</banner>
   <copyright>Copyright (c) 1996-2018 Texas Instruments Incorporated</copyright>
   <link_time>0x5d803a10</link_time>
   <link_errors>0x0</link_errors>
   <output_file>LAB1_A.out</output_file>
   <entry_point>
      <name>_c_int00</name>
      <address>0x802940</address>
   </entry_point>
   <input_file_list>
      <input_file id="fl-2">
         <path>.\</path>
         <kind>object</kind>
         <file>GPIO.obj</file>
         <name>GPIO.obj</name>
      </input_file>
      <input_file id="fl-3">
         <path>.\</path>
         <kind>object</kind>
         <file>Init.obj</file>
         <name>Init.obj</name>
      </input_file>
      <input_file id="fl-4">
         <path>.\</path>
         <kind>object</kind>
         <file>LED_DIPSW.obj</file>
         <name>LED_DIPSW.obj</name>
      </input_file>
      <input_file id="fl-5">
         <path>.\</path>
         <kind>object</kind>
         <file>main.obj</file>
         <name>main.obj</name>
      </input_file>
      <input_file id="fl-9">
         <kind>object</kind>
         <file>&lt;internal&gt;</file>
         <name>&lt;internal&gt;</name>
      </input_file>
      <input_file id="fl-23">
         <path>C:\ti\ccs901\ccs\tools\compiler\ti-cgt-c6000_8.3.2\lib\</path>
         <kind>archive</kind>
         <file>rts6740_elf.lib</file>
         <name>fputs.c.obj</name>
      </input_file>
      <input_file id="fl-24">
         <path>C:\ti\ccs901\ccs\tools\compiler\ti-cgt-c6000_8.3.2\lib\</path>
         <kind>archive</kind>
         <file>rts6740_elf.lib</file>
         <name>_io_perm.c.obj</name>
      </input_file>
      <input_file id="fl-25">
         <path>C:\ti\ccs901\ccs\tools\compiler\ti-cgt-c6000_8.3.2\lib\</path>
         <kind>archive</kind>
         <file>rts6740_elf.lib</file>
         <name>setvbuf.c.obj</name>
      </input_file>
      <input_file id="fl-26">
         <path>C:\ti\ccs901\ccs\tools\compiler\ti-cgt-c6000_8.3.2\lib\</path>
         <kind>archive</kind>
         <file>rts6740_elf.lib</file>
         <name>push.asm.obj</name>
      </input_file>
      <input_file id="fl-27">
         <path>C:\ti\ccs901\ccs\tools\compiler\ti-cgt-c6000_8.3.2\lib\</path>
         <kind>archive</kind>
         <file>rts6740_elf.lib</file>
         <name>memcpy64.asm.obj</name>
      </input_file>
      <input_file id="fl-28">
         <path>C:\ti\ccs901\ccs\tools\compiler\ti-cgt-c6000_8.3.2\lib\</path>
         <kind>archive</kind>
         <file>rts6740_elf.lib</file>
         <name>boot.c.obj</name>
      </input_file>
      <input_file id="fl-29">
         <path>C:\ti\ccs901\ccs\tools\compiler\ti-cgt-c6000_8.3.2\lib\</path>
         <kind>archive</kind>
         <file>rts6740_elf.lib</file>
         <name>autoinit.c.obj</name>
      </input_file>
      <input_file id="fl-2a">
         <path>C:\ti\ccs901\ccs\tools\compiler\ti-cgt-c6000_8.3.2\lib\</path>
         <kind>archive</kind>
         <file>rts6740_elf.lib</file>
         <name>pre_init.c.obj</name>
      </input_file>
      <input_file id="fl-2b">
         <path>C:\ti\ccs901\ccs\tools\compiler\ti-cgt-c6000_8.3.2\lib\</path>
         <kind>archive</kind>
         <file>rts6740_elf.lib</file>
         <name>startup.c.obj</name>
      </input_file>
      <input_file id="fl-2c">
         <path>C:\ti\ccs901\ccs\tools\compiler\ti-cgt-c6000_8.3.2\lib\</path>
         <kind>archive</kind>
         <file>rts6740_elf.lib</file>
         <name>cpy_tbl.c.obj</name>
      </input_file>
      <input_file id="fl-2d">
         <path>C:\ti\ccs901\ccs\tools\compiler\ti-cgt-c6000_8.3.2\lib\</path>
         <kind>archive</kind>
         <file>rts6740_elf.lib</file>
         <name>copy_zero_init.c.obj</name>
      </input_file>
      <input_file id="fl-2e">
         <path>C:\ti\ccs901\ccs\tools\compiler\ti-cgt-c6000_8.3.2\lib\</path>
         <kind>archive</kind>
         <file>rts6740_elf.lib</file>
         <name>copy_decompress_none.c.obj</name>
      </input_file>
      <input_file id="fl-2f">
         <path>C:\ti\ccs901\ccs\tools\compiler\ti-cgt-c6000_8.3.2\lib\</path>
         <kind>archive</kind>
         <file>rts6740_elf.lib</file>
         <name>copy_decompress_rle.c.obj</name>
      </input_file>
      <input_file id="fl-30">
         <path>C:\ti\ccs901\ccs\tools\compiler\ti-cgt-c6000_8.3.2\lib\</path>
         <kind>archive</kind>
         <file>rts6740_elf.lib</file>
         <name>tls.c.obj</name>
      </input_file>
      <input_file id="fl-31">
         <path>C:\ti\ccs901\ccs\tools\compiler\ti-cgt-c6000_8.3.2\lib\</path>
         <kind>archive</kind>
         <file>rts6740_elf.lib</file>
         <name>exit.c.obj</name>
      </input_file>
      <input_file id="fl-32">
         <path>C:\ti\ccs901\ccs\tools\compiler\ti-cgt-c6000_8.3.2\lib\</path>
         <kind>archive</kind>
         <file>rts6740_elf.lib</file>
         <name>memory.c.obj</name>
      </input_file>
      <input_file id="fl-33">
         <path>C:\ti\ccs901\ccs\tools\compiler\ti-cgt-c6000_8.3.2\lib\</path>
         <kind>archive</kind>
         <file>rts6740_elf.lib</file>
         <name>_lock.c.obj</name>
      </input_file>
      <input_file id="fl-34">
         <path>C:\ti\ccs901\ccs\tools\compiler\ti-cgt-c6000_8.3.2\lib\</path>
         <kind>archive</kind>
         <file>rts6740_elf.lib</file>
         <name>args_main.c.obj</name>
      </input_file>
      <input_file id="fl-35">
         <path>C:\ti\ccs901\ccs\tools\compiler\ti-cgt-c6000_8.3.2\lib\</path>
         <kind>archive</kind>
         <file>rts6740_elf.lib</file>
         <name>defs.c.obj</name>
      </input_file>
      <input_file id="fl-36">
         <path>C:\ti\ccs901\ccs\tools\compiler\ti-cgt-c6000_8.3.2\lib\</path>
         <kind>archive</kind>
         <file>rts6740_elf.lib</file>
         <name>write.c.obj</name>
      </input_file>
      <input_file id="fl-37">
         <path>C:\ti\ccs901\ccs\tools\compiler\ti-cgt-c6000_8.3.2\lib\</path>
         <kind>archive</kind>
         <file>rts6740_elf.lib</file>
         <name>fflush.c.obj</name>
      </input_file>
      <input_file id="fl-38">
         <path>C:\ti\ccs901\ccs\tools\compiler\ti-cgt-c6000_8.3.2\lib\</path>
         <kind>archive</kind>
         <file>rts6740_elf.lib</file>
         <name>fopen.c.obj</name>
      </input_file>
      <input_file id="fl-39">
         <path>C:\ti\ccs901\ccs\tools\compiler\ti-cgt-c6000_8.3.2\lib\</path>
         <kind>archive</kind>
         <file>rts6740_elf.lib</file>
         <name>fseek.c.obj</name>
      </input_file>
      <input_file id="fl-3a">
         <path>C:\ti\ccs901\ccs\tools\compiler\ti-cgt-c6000_8.3.2\lib\</path>
         <kind>archive</kind>
         <file>rts6740_elf.lib</file>
         <name>tls_get_tp.asm.obj</name>
      </input_file>
      <input_file id="fl-3b">
         <path>C:\ti\ccs901\ccs\tools\compiler\ti-cgt-c6000_8.3.2\lib\</path>
         <kind>archive</kind>
         <file>rts6740_elf.lib</file>
         <name>memset.c.obj</name>
      </input_file>
      <input_file id="fl-3c">
         <path>C:\ti\ccs901\ccs\tools\compiler\ti-cgt-c6000_8.3.2\lib\</path>
         <kind>archive</kind>
         <file>rts6740_elf.lib</file>
         <name>lseek.c.obj</name>
      </input_file>
      <input_file id="fl-3d">
         <path>C:\ti\ccs901\ccs\tools\compiler\ti-cgt-c6000_8.3.2\lib\</path>
         <kind>archive</kind>
         <file>rts6740_elf.lib</file>
         <name>open.c.obj</name>
      </input_file>
      <input_file id="fl-3e">
         <path>C:\ti\ccs901\ccs\tools\compiler\ti-cgt-c6000_8.3.2\lib\</path>
         <kind>archive</kind>
         <file>rts6740_elf.lib</file>
         <name>hostclose.c.obj</name>
      </input_file>
      <input_file id="fl-3f">
         <path>C:\ti\ccs901\ccs\tools\compiler\ti-cgt-c6000_8.3.2\lib\</path>
         <kind>archive</kind>
         <file>rts6740_elf.lib</file>
         <name>hostlseek.c.obj</name>
      </input_file>
      <input_file id="fl-40">
         <path>C:\ti\ccs901\ccs\tools\compiler\ti-cgt-c6000_8.3.2\lib\</path>
         <kind>archive</kind>
         <file>rts6740_elf.lib</file>
         <name>hostopen.c.obj</name>
      </input_file>
      <input_file id="fl-41">
         <path>C:\ti\ccs901\ccs\tools\compiler\ti-cgt-c6000_8.3.2\lib\</path>
         <kind>archive</kind>
         <file>rts6740_elf.lib</file>
         <name>hostread.c.obj</name>
      </input_file>
      <input_file id="fl-42">
         <path>C:\ti\ccs901\ccs\tools\compiler\ti-cgt-c6000_8.3.2\lib\</path>
         <kind>archive</kind>
         <file>rts6740_elf.lib</file>
         <name>hostrename.c.obj</name>
      </input_file>
      <input_file id="fl-43">
         <path>C:\ti\ccs901\ccs\tools\compiler\ti-cgt-c6000_8.3.2\lib\</path>
         <kind>archive</kind>
         <file>rts6740_elf.lib</file>
         <name>hostunlink.c.obj</name>
      </input_file>
      <input_file id="fl-44">
         <path>C:\ti\ccs901\ccs\tools\compiler\ti-cgt-c6000_8.3.2\lib\</path>
         <kind>archive</kind>
         <file>rts6740_elf.lib</file>
         <name>hostwrite.c.obj</name>
      </input_file>
      <input_file id="fl-45">
         <path>C:\ti\ccs901\ccs\tools\compiler\ti-cgt-c6000_8.3.2\lib\</path>
         <kind>archive</kind>
         <file>rts6740_elf.lib</file>
         <name>trgmsg.c.obj</name>
      </input_file>
      <input_file id="fl-46">
         <path>C:\ti\ccs901\ccs\tools\compiler\ti-cgt-c6000_8.3.2\lib\</path>
         <kind>archive</kind>
         <file>rts6740_elf.lib</file>
         <name>fclose.c.obj</name>
      </input_file>
      <input_file id="fl-47">
         <path>C:\ti\ccs901\ccs\tools\compiler\ti-cgt-c6000_8.3.2\lib\</path>
         <kind>archive</kind>
         <file>rts6740_elf.lib</file>
         <name>getdevice.c.obj</name>
      </input_file>
      <input_file id="fl-48">
         <path>C:\ti\ccs901\ccs\tools\compiler\ti-cgt-c6000_8.3.2\lib\</path>
         <kind>archive</kind>
         <file>rts6740_elf.lib</file>
         <name>close.c.obj</name>
      </input_file>
      <input_file id="fl-49">
         <path>C:\ti\ccs901\ccs\tools\compiler\ti-cgt-c6000_8.3.2\lib\</path>
         <kind>archive</kind>
         <file>rts6740_elf.lib</file>
         <name>remove.c.obj</name>
      </input_file>
      <input_file id="fl-4a">
         <path>C:\ti\ccs901\ccs\tools\compiler\ti-cgt-c6000_8.3.2\lib\</path>
         <kind>archive</kind>
         <file>rts6740_elf.lib</file>
         <name>unlink.c.obj</name>
      </input_file>
   </input_file_list>
   <object_component_list>
      <object_component id="oc-230">
         <name>.text:free</name>
         <load_address>0x800000</load_address>
         <run_address>0x800000</run_address>
         <size>0x3c0</size>
         <input_file_ref idref="fl-32"/>
      </object_component>
      <object_component id="oc-fe">
         <name>.text</name>
         <load_address>0x8003c0</load_address>
         <run_address>0x8003c0</run_address>
         <size>0x380</size>
         <input_file_ref idref="fl-4"/>
      </object_component>
      <object_component id="oc-14d">
         <name>.text</name>
         <load_address>0x800740</load_address>
         <run_address>0x800740</run_address>
         <size>0x360</size>
         <input_file_ref idref="fl-2"/>
      </object_component>
      <object_component id="oc-13a">
         <name>.text:fputs</name>
         <load_address>0x800aa0</load_address>
         <run_address>0x800aa0</run_address>
         <size>0x320</size>
         <input_file_ref idref="fl-23"/>
      </object_component>
      <object_component id="oc-f8">
         <name>.text</name>
         <load_address>0x800dc0</load_address>
         <run_address>0x800dc0</run_address>
         <size>0x2e0</size>
         <input_file_ref idref="fl-3"/>
      </object_component>
      <object_component id="oc-236">
         <name>.text:malloc</name>
         <load_address>0x8010a0</load_address>
         <run_address>0x8010a0</run_address>
         <size>0x1c0</size>
         <input_file_ref idref="fl-32"/>
      </object_component>
      <object_component id="oc-20b">
         <name>.text:setvbuf</name>
         <load_address>0x801260</load_address>
         <run_address>0x801260</run_address>
         <size>0x1c0</size>
         <input_file_ref idref="fl-25"/>
      </object_component>
      <object_component id="oc-2a6">
         <name>.text:HOSTrename</name>
         <load_address>0x801420</load_address>
         <run_address>0x801420</run_address>
         <size>0x1a0</size>
         <input_file_ref idref="fl-42"/>
      </object_component>
      <object_component id="oc-2e3">
         <name>.text:getdevice</name>
         <load_address>0x8015c0</load_address>
         <run_address>0x8015c0</run_address>
         <size>0x120</size>
         <input_file_ref idref="fl-47"/>
      </object_component>
      <object_component id="oc-90">
         <name>.text</name>
         <load_address>0x8016e0</load_address>
         <run_address>0x8016e0</run_address>
         <size>0x120</size>
         <input_file_ref idref="fl-5"/>
      </object_component>
      <object_component id="oc-279">
         <name>.text:__TI_closefile</name>
         <load_address>0x801800</load_address>
         <run_address>0x801800</run_address>
         <size>0x100</size>
         <input_file_ref idref="fl-46"/>
      </object_component>
      <object_component id="oc-3d">
         <name>.text:__TI_decompress_rle_core</name>
         <load_address>0x801900</load_address>
         <run_address>0x801900</run_address>
         <size>0x100</size>
         <input_file_ref idref="fl-2f"/>
      </object_component>
      <object_component id="oc-205">
         <name>.text:fseek</name>
         <load_address>0x801a00</load_address>
         <run_address>0x801a00</run_address>
         <size>0x100</size>
         <input_file_ref idref="fl-39"/>
      </object_component>
      <object_component id="oc-29a">
         <name>.text:HOSTlseek</name>
         <load_address>0x801b00</load_address>
         <run_address>0x801b00</run_address>
         <size>0xe0</size>
         <input_file_ref idref="fl-3f"/>
      </object_component>
      <object_component id="oc-282">
         <name>.text:HOSTopen</name>
         <load_address>0x801be0</load_address>
         <run_address>0x801be0</run_address>
         <size>0xe0</size>
         <input_file_ref idref="fl-40"/>
      </object_component>
      <object_component id="oc-294">
         <name>.text:HOSTwrite</name>
         <load_address>0x801cc0</load_address>
         <run_address>0x801cc0</run_address>
         <size>0xe0</size>
         <input_file_ref idref="fl-44"/>
      </object_component>
      <object_component id="oc-1c1">
         <name>.text:__TI_wrt_ok</name>
         <load_address>0x801da0</load_address>
         <run_address>0x801da0</run_address>
         <size>0xe0</size>
         <input_file_ref idref="fl-24"/>
      </object_component>
      <object_component id="oc-2b6">
         <name>.text:close</name>
         <load_address>0x801e80</load_address>
         <run_address>0x801e80</run_address>
         <size>0xe0</size>
         <input_file_ref idref="fl-48"/>
      </object_component>
      <object_component id="oc-5b">
         <name>.text:exit</name>
         <load_address>0x801f60</load_address>
         <run_address>0x801f60</run_address>
         <size>0xe0</size>
         <input_file_ref idref="fl-31"/>
      </object_component>
      <object_component id="oc-7c">
         <name>.text:memset</name>
         <load_address>0x802040</load_address>
         <run_address>0x802040</run_address>
         <size>0xe0</size>
         <input_file_ref idref="fl-3b"/>
      </object_component>
      <object_component id="oc-28e">
         <name>.text:HOSTread</name>
         <load_address>0x802120</load_address>
         <run_address>0x802120</run_address>
         <size>0xc0</size>
         <input_file_ref idref="fl-41"/>
      </object_component>
      <object_component id="oc-2a0">
         <name>.text:HOSTunlink</name>
         <load_address>0x8021e0</load_address>
         <run_address>0x8021e0</run_address>
         <size>0xc0</size>
         <input_file_ref idref="fl-43"/>
      </object_component>
      <object_component id="oc-a4">
         <name>.text:__TI_auto_init_nobinit_nopinit:__TI_auto_init_nobinit_nopinit</name>
         <load_address>0x8022a0</load_address>
         <run_address>0x8022a0</run_address>
         <size>0xc0</size>
         <input_file_ref idref="fl-29"/>
      </object_component>
      <object_component id="oc-1c7">
         <name>.text:__TI_doflush</name>
         <load_address>0x802360</load_address>
         <run_address>0x802360</run_address>
         <size>0xc0</size>
         <input_file_ref idref="fl-37"/>
      </object_component>
      <object_component id="oc-26e">
         <name>.text:mremove</name>
         <load_address>0x802420</load_address>
         <run_address>0x802420</run_address>
         <size>0xc0</size>
         <input_file_ref idref="fl-32"/>
      </object_component>
      <object_component id="oc-118">
         <name>.text:tls:init:__TI_tls_init</name>
         <load_address>0x8024e0</load_address>
         <run_address>0x8024e0</run_address>
         <size>0xc0</size>
         <input_file_ref idref="fl-30"/>
      </object_component>
      <object_component id="oc-288">
         <name>.text:HOSTclose</name>
         <load_address>0x8025a0</load_address>
         <run_address>0x8025a0</run_address>
         <size>0xa0</size>
         <input_file_ref idref="fl-3e"/>
      </object_component>
      <object_component id="oc-23c">
         <name>.text:__TI_cleanup</name>
         <load_address>0x802640</load_address>
         <run_address>0x802640</run_address>
         <size>0xa0</size>
         <input_file_ref idref="fl-38"/>
      </object_component>
      <object_component id="oc-303">
         <name>.text:finddevice</name>
         <load_address>0x8026e0</load_address>
         <run_address>0x8026e0</run_address>
         <size>0xa0</size>
         <input_file_ref idref="fl-47"/>
      </object_component>
      <object_component id="oc-31">
         <name>.text:memcpy</name>
         <load_address>0x802780</load_address>
         <run_address>0x802780</run_address>
         <size>0xa0</size>
         <input_file_ref idref="fl-27"/>
      </object_component>
      <object_component id="oc-268">
         <name>.text:minsert</name>
         <load_address>0x802820</load_address>
         <run_address>0x802820</run_address>
         <size>0xa0</size>
         <input_file_ref idref="fl-32"/>
      </object_component>
      <object_component id="oc-2ce">
         <name>.text:__TI_readmsg</name>
         <load_address>0x8028c0</load_address>
         <run_address>0x8028c0</run_address>
         <size>0x80</size>
         <input_file_ref idref="fl-45"/>
      </object_component>
      <object_component id="oc-25">
         <name>.text:_c_int00</name>
         <load_address>0x802940</load_address>
         <run_address>0x802940</run_address>
         <size>0x80</size>
         <input_file_ref idref="fl-28"/>
      </object_component>
      <object_component id="oc-2bc">
         <name>.text:unlink</name>
         <load_address>0x8029c0</load_address>
         <run_address>0x8029c0</run_address>
         <size>0x80</size>
         <input_file_ref idref="fl-4a"/>
      </object_component>
      <object_component id="oc-2c8">
         <name>.text:__TI_writemsg</name>
         <load_address>0x802a40</load_address>
         <run_address>0x802a40</run_address>
         <size>0x60</size>
         <input_file_ref idref="fl-45"/>
      </object_component>
      <object_component id="oc-228">
         <name>.text:lseek</name>
         <load_address>0x802aa0</load_address>
         <run_address>0x802aa0</run_address>
         <size>0x60</size>
         <input_file_ref idref="fl-3c"/>
      </object_component>
      <object_component id="oc-1cd">
         <name>.text:write</name>
         <load_address>0x802b00</load_address>
         <run_address>0x802b00</run_address>
         <size>0x60</size>
         <input_file_ref idref="fl-36"/>
      </object_component>
      <object_component id="oc-55">
         <name>.text:_args_main</name>
         <load_address>0x802b60</load_address>
         <run_address>0x802b60</run_address>
         <size>0x40</size>
         <input_file_ref idref="fl-34"/>
      </object_component>
      <object_component id="oc-f2">
         <name>.text:puts</name>
         <load_address>0x802ba0</load_address>
         <run_address>0x802ba0</run_address>
         <size>0x40</size>
         <input_file_ref idref="fl-23"/>
      </object_component>
      <object_component id="oc-1d3">
         <name>.text:__pop_rts</name>
         <load_address>0x802be0</load_address>
         <run_address>0x802be0</run_address>
         <size>0x20</size>
         <input_file_ref idref="fl-26"/>
      </object_component>
      <object_component id="oc-1bc">
         <name>.text:__push_rts</name>
         <load_address>0x802c00</load_address>
         <run_address>0x802c00</run_address>
         <size>0x20</size>
         <input_file_ref idref="fl-26"/>
      </object_component>
      <object_component id="oc-21b">
         <name>.text:_nop</name>
         <load_address>0x802c20</load_address>
         <run_address>0x802c20</run_address>
         <size>0x20</size>
         <input_file_ref idref="fl-33"/>
      </object_component>
      <object_component id="oc-112">
         <name>.text:_system_post_cinit</name>
         <load_address>0x802c40</load_address>
         <run_address>0x802c40</run_address>
         <size>0x20</size>
         <input_file_ref idref="fl-2b"/>
      </object_component>
      <object_component id="oc-61">
         <name>.text:_system_pre_init</name>
         <load_address>0x802c60</load_address>
         <run_address>0x802c60</run_address>
         <size>0x20</size>
         <input_file_ref idref="fl-2a"/>
      </object_component>
      <object_component id="oc-9b">
         <name>.text:abort</name>
         <load_address>0x802c80</load_address>
         <run_address>0x802c80</run_address>
         <size>0x20</size>
         <input_file_ref idref="fl-31"/>
      </object_component>
      <object_component id="oc-18">
         <name>.text:decompress:none:__TI_decompress_none</name>
         <load_address>0x802ca0</load_address>
         <run_address>0x802ca0</run_address>
         <size>0x20</size>
         <input_file_ref idref="fl-2e"/>
      </object_component>
      <object_component id="oc-1e">
         <name>.text:decompress:rle24:__TI_decompress_rle24</name>
         <load_address>0x802cc0</load_address>
         <run_address>0x802cc0</run_address>
         <size>0x20</size>
         <input_file_ref idref="fl-2f"/>
      </object_component>
      <object_component id="oc-2b">
         <name>.stack</name>
         <uninitialized>true</uninitialized>
         <run_address>0x802ce0</run_address>
         <size>0x8</size>
         <input_file_ref idref="fl-28"/>
      </object_component>
      <object_component id="oc-34c">
         <name>.stack</name>
         <uninitialized>true</uninitialized>
         <run_address>0x802ce0</run_address>
         <size>0x0</size>
      </object_component>
      <object_component id="oc-2ef">
         <name>.cio</name>
         <uninitialized>true</uninitialized>
         <run_address>0x804140</run_address>
         <size>0x120</size>
         <input_file_ref idref="fl-45"/>
      </object_component>
      <object_component id="oc-f1">
         <name>.const:.string</name>
         <load_address>0x804260</load_address>
         <run_address>0x804260</run_address>
         <size>0x64</size>
         <input_file_ref idref="fl-5"/>
      </object_component>
      <object_component id="oc-139">
         <name>.const:.string</name>
         <load_address>0x8042c4</load_address>
         <run_address>0x8042c4</run_address>
         <size>0x4</size>
         <input_file_ref idref="fl-23"/>
      </object_component>
      <object_component id="oc-154">
         <name>.switch:LED_Off</name>
         <load_address>0x8042c8</load_address>
         <run_address>0x8042c8</run_address>
         <size>0x10</size>
         <input_file_ref idref="fl-4"/>
      </object_component>
      <object_component id="oc-153">
         <name>.switch:LED_On</name>
         <load_address>0x8042d8</load_address>
         <run_address>0x8042d8</run_address>
         <size>0x10</size>
         <input_file_ref idref="fl-4"/>
      </object_component>
      <object_component id="oc-158">
         <name>.switch:LED_Toggle</name>
         <load_address>0x8042e8</load_address>
         <run_address>0x8042e8</run_address>
         <size>0x10</size>
         <input_file_ref idref="fl-4"/>
      </object_component>
      <object_component id="oc-2e">
         <name>.sysmem</name>
         <uninitialized>true</uninitialized>
         <run_address>0x8034e0</run_address>
         <size>0x8</size>
         <input_file_ref idref="fl-32"/>
      </object_component>
      <object_component id="oc-34d">
         <name>.sysmem</name>
         <uninitialized>true</uninitialized>
         <run_address>0x8034e0</run_address>
         <size>0x0</size>
      </object_component>
      <object_component id="oc-2c2">
         <name>.common:__TI_tmpnams</name>
         <uninitialized>true</uninitialized>
         <run_address>0x803ff8</run_address>
         <size>0x140</size>
      </object_component>
      <object_component id="oc-2c5">
         <name>.common:parmbuf</name>
         <uninitialized>true</uninitialized>
         <run_address>0x804138</run_address>
         <size>0x8</size>
      </object_component>
      <object_component id="oc-34b">
         <name>.cinit..fardata.load</name>
         <load_address>0x804300</load_address>
         <run_address>0x804300</run_address>
         <size>0x6d</size>
      </object_component>
      <object_component id="oc-349">
         <name>.cinit..far.load</name>
         <load_address>0x80436d</load_address>
         <run_address>0x80436d</run_address>
         <size>0xb</size>
      </object_component>
      <object_component id="oc-34a">
         <name>.cinit..neardata.load</name>
         <load_address>0x804378</load_address>
         <run_address>0x804378</run_address>
         <size>0xa</size>
      </object_component>
      <object_component id="oc-347">
         <name>__TI_handler_table</name>
         <load_address>0x804384</load_address>
         <run_address>0x804384</run_address>
         <size>0x8</size>
      </object_component>
      <object_component id="oc-348">
         <name>__TI_cinit_table</name>
         <load_address>0x804390</load_address>
         <run_address>0x804390</run_address>
         <size>0x18</size>
      </object_component>
      <object_component id="oc-155">
         <name>.neardata</name>
         <load_address>0x8042f8</load_address>
         <run_address>0x8042f8</run_address>
         <size>0x4</size>
         <input_file_ref idref="fl-2"/>
      </object_component>
      <object_component id="oc-98">
         <name>.fardata</name>
         <load_address>0x803fd8</load_address>
         <run_address>0x803fd8</run_address>
         <size>0xc</size>
         <input_file_ref idref="fl-31"/>
      </object_component>
      <object_component id="oc-265">
         <name>.fardata</name>
         <load_address>0x803fe4</load_address>
         <run_address>0x803fe4</run_address>
         <size>0x8</size>
         <input_file_ref idref="fl-32"/>
      </object_component>
      <object_component id="oc-1d8">
         <name>.fardata:_lock</name>
         <load_address>0x803fec</load_address>
         <run_address>0x803fec</run_address>
         <size>0x4</size>
         <input_file_ref idref="fl-33"/>
      </object_component>
      <object_component id="oc-1db">
         <name>.fardata:_unlock</name>
         <load_address>0x803ff0</load_address>
         <run_address>0x803ff0</run_address>
         <size>0x4</size>
         <input_file_ref idref="fl-33"/>
      </object_component>
      <object_component id="oc-136">
         <name>.fardata:_ftable</name>
         <load_address>0x803ce0</load_address>
         <run_address>0x803ce0</run_address>
         <size>0x1e0</size>
         <input_file_ref idref="fl-35"/>
      </object_component>
      <object_component id="oc-276">
         <name>.fardata</name>
         <load_address>0x803ff4</load_address>
         <run_address>0x803ff4</run_address>
         <size>0x4</size>
         <input_file_ref idref="fl-35"/>
      </object_component>
      <object_component id="oc-24d">
         <name>.fardata:_device</name>
         <load_address>0x803f60</load_address>
         <run_address>0x803f60</run_address>
         <size>0x78</size>
         <input_file_ref idref="fl-36"/>
      </object_component>
      <object_component id="oc-215">
         <name>.fardata:_stream</name>
         <load_address>0x803ec0</load_address>
         <run_address>0x803ec0</run_address>
         <size>0xa0</size>
         <input_file_ref idref="fl-36"/>
      </object_component>
      <object_component id="oc-1e6">
         <name>.debug_info</name>
         <load_address>0x0</load_address>
         <run_address>0x0</run_address>
         <size>0x8b2</size>
         <input_file_ref idref="fl-2"/>
      </object_component>
      <object_component id="oc-156">
         <name>.debug_info</name>
         <load_address>0x8b2</load_address>
         <run_address>0x8b2</run_address>
         <size>0xb1</size>
         <input_file_ref idref="fl-2"/>
      </object_component>
      <object_component id="oc-14e">
         <name>.debug_info</name>
         <load_address>0x963</load_address>
         <run_address>0x963</run_address>
         <size>0x58b</size>
         <input_file_ref idref="fl-2"/>
      </object_component>
      <object_component id="oc-161">
         <name>.debug_info</name>
         <load_address>0xeee</load_address>
         <run_address>0xeee</run_address>
         <size>0x447</size>
         <input_file_ref idref="fl-2"/>
      </object_component>
      <object_component id="oc-16b">
         <name>.debug_info</name>
         <load_address>0x1335</load_address>
         <run_address>0x1335</run_address>
         <size>0x186</size>
         <input_file_ref idref="fl-2"/>
      </object_component>
      <object_component id="oc-143">
         <name>.debug_info</name>
         <load_address>0x14bb</load_address>
         <run_address>0x14bb</run_address>
         <size>0x4cc</size>
         <input_file_ref idref="fl-2"/>
      </object_component>
      <object_component id="oc-148">
         <name>.debug_info</name>
         <load_address>0x1987</load_address>
         <run_address>0x1987</run_address>
         <size>0xcf</size>
         <input_file_ref idref="fl-2"/>
      </object_component>
      <object_component id="oc-166">
         <name>.debug_info</name>
         <load_address>0x1a56</load_address>
         <run_address>0x1a56</run_address>
         <size>0x2b8</size>
         <input_file_ref idref="fl-2"/>
      </object_component>
      <object_component id="oc-170">
         <name>.debug_info</name>
         <load_address>0x1d0e</load_address>
         <run_address>0x1d0e</run_address>
         <size>0x20f</size>
         <input_file_ref idref="fl-2"/>
      </object_component>
      <object_component id="oc-175">
         <name>.debug_info</name>
         <load_address>0x1f1d</load_address>
         <run_address>0x1f1d</run_address>
         <size>0x24b</size>
         <input_file_ref idref="fl-2"/>
      </object_component>
      <object_component id="oc-17a">
         <name>.debug_info</name>
         <load_address>0x2168</load_address>
         <run_address>0x2168</run_address>
         <size>0x15b</size>
         <input_file_ref idref="fl-2"/>
      </object_component>
      <object_component id="oc-17f">
         <name>.debug_info</name>
         <load_address>0x22c3</load_address>
         <run_address>0x22c3</run_address>
         <size>0xa5b</size>
         <input_file_ref idref="fl-2"/>
      </object_component>
      <object_component id="oc-184">
         <name>.debug_info</name>
         <load_address>0x2d1e</load_address>
         <run_address>0x2d1e</run_address>
         <size>0x362</size>
         <input_file_ref idref="fl-2"/>
      </object_component>
      <object_component id="oc-189">
         <name>.debug_info</name>
         <load_address>0x3080</load_address>
         <run_address>0x3080</run_address>
         <size>0x755</size>
         <input_file_ref idref="fl-2"/>
      </object_component>
      <object_component id="oc-18e">
         <name>.debug_info</name>
         <load_address>0x37d5</load_address>
         <run_address>0x37d5</run_address>
         <size>0x260</size>
         <input_file_ref idref="fl-2"/>
      </object_component>
      <object_component id="oc-193">
         <name>.debug_info</name>
         <load_address>0x3a35</load_address>
         <run_address>0x3a35</run_address>
         <size>0xac1</size>
         <input_file_ref idref="fl-2"/>
      </object_component>
      <object_component id="oc-198">
         <name>.debug_info</name>
         <load_address>0x44f6</load_address>
         <run_address>0x44f6</run_address>
         <size>0xa7</size>
         <input_file_ref idref="fl-2"/>
      </object_component>
      <object_component id="oc-19d">
         <name>.debug_info</name>
         <load_address>0x459d</load_address>
         <run_address>0x459d</run_address>
         <size>0x26b</size>
         <input_file_ref idref="fl-2"/>
      </object_component>
      <object_component id="oc-77">
         <name>.debug_info</name>
         <load_address>0x4808</load_address>
         <run_address>0x4808</run_address>
         <size>0xc0</size>
         <input_file_ref idref="fl-2"/>
      </object_component>
      <object_component id="oc-15a">
         <name>.debug_info</name>
         <load_address>0x48c8</load_address>
         <run_address>0x48c8</run_address>
         <size>0xbb</size>
         <input_file_ref idref="fl-2"/>
      </object_component>
      <object_component id="oc-1ea">
         <name>.debug_info</name>
         <load_address>0x4983</load_address>
         <run_address>0x4983</run_address>
         <size>0x275</size>
         <input_file_ref idref="fl-2"/>
      </object_component>
      <object_component id="oc-f9">
         <name>.debug_info</name>
         <load_address>0x4bf8</load_address>
         <run_address>0x4bf8</run_address>
         <size>0x123</size>
         <input_file_ref idref="fl-3"/>
      </object_component>
      <object_component id="oc-ff">
         <name>.debug_info</name>
         <load_address>0x4d1b</load_address>
         <run_address>0x4d1b</run_address>
         <size>0x707</size>
         <input_file_ref idref="fl-4"/>
      </object_component>
      <object_component id="oc-105">
         <name>.debug_info</name>
         <load_address>0x5422</load_address>
         <run_address>0x5422</run_address>
         <size>0x9bb</size>
         <input_file_ref idref="fl-5"/>
      </object_component>
      <object_component id="oc-91">
         <name>.debug_info</name>
         <load_address>0x5ddd</load_address>
         <run_address>0x5ddd</run_address>
         <size>0x286</size>
         <input_file_ref idref="fl-5"/>
      </object_component>
      <object_component id="oc-141">
         <name>.debug_info</name>
         <load_address>0x6063</load_address>
         <run_address>0x6063</run_address>
         <size>0x661</size>
         <input_file_ref idref="fl-23"/>
      </object_component>
      <object_component id="oc-13d">
         <name>.debug_info</name>
         <load_address>0x66c4</load_address>
         <run_address>0x66c4</run_address>
         <size>0x312</size>
         <input_file_ref idref="fl-23"/>
      </object_component>
      <object_component id="oc-f5">
         <name>.debug_info</name>
         <load_address>0x69d6</load_address>
         <run_address>0x69d6</run_address>
         <size>0x166</size>
         <input_file_ref idref="fl-23"/>
      </object_component>
      <object_component id="oc-e4">
         <name>.debug_info</name>
         <load_address>0x6b3c</load_address>
         <run_address>0x6b3c</run_address>
         <size>0x2c</size>
         <input_file_ref idref="fl-23"/>
      </object_component>
      <object_component id="oc-1e1">
         <name>.debug_info</name>
         <load_address>0x6b68</load_address>
         <run_address>0x6b68</run_address>
         <size>0xb2</size>
         <input_file_ref idref="fl-23"/>
      </object_component>
      <object_component id="oc-212">
         <name>.debug_info</name>
         <load_address>0x6c1a</load_address>
         <run_address>0x6c1a</run_address>
         <size>0x5cc</size>
         <input_file_ref idref="fl-24"/>
      </object_component>
      <object_component id="oc-1c4">
         <name>.debug_info</name>
         <load_address>0x71e6</load_address>
         <run_address>0x71e6</run_address>
         <size>0x18e</size>
         <input_file_ref idref="fl-24"/>
      </object_component>
      <object_component id="oc-244">
         <name>.debug_info</name>
         <load_address>0x7374</load_address>
         <run_address>0x7374</run_address>
         <size>0xbf</size>
         <input_file_ref idref="fl-24"/>
      </object_component>
      <object_component id="oc-243">
         <name>.debug_info</name>
         <load_address>0x7433</load_address>
         <run_address>0x7433</run_address>
         <size>0x636</size>
         <input_file_ref idref="fl-25"/>
      </object_component>
      <object_component id="oc-20c">
         <name>.debug_info</name>
         <load_address>0x7a69</load_address>
         <run_address>0x7a69</run_address>
         <size>0x22e</size>
         <input_file_ref idref="fl-25"/>
      </object_component>
      <object_component id="oc-1bd">
         <name>.debug_info</name>
         <load_address>0x7c97</load_address>
         <run_address>0x7c97</run_address>
         <size>0x111</size>
         <input_file_ref idref="fl-26"/>
      </object_component>
      <object_component id="oc-1d5">
         <name>.debug_info</name>
         <load_address>0x7da8</load_address>
         <run_address>0x7da8</run_address>
         <size>0x10f</size>
         <input_file_ref idref="fl-26"/>
      </object_component>
      <object_component id="oc-32">
         <name>.debug_info</name>
         <load_address>0x7eb7</load_address>
         <run_address>0x7eb7</run_address>
         <size>0x124</size>
         <input_file_ref idref="fl-27"/>
      </object_component>
      <object_component id="oc-6b">
         <name>.debug_info</name>
         <load_address>0x7fdb</load_address>
         <run_address>0x7fdb</run_address>
         <size>0x5e1</size>
         <input_file_ref idref="fl-28"/>
      </object_component>
      <object_component id="oc-2c">
         <name>.debug_info</name>
         <load_address>0x85bc</load_address>
         <run_address>0x85bc</run_address>
         <size>0xf8</size>
         <input_file_ref idref="fl-28"/>
      </object_component>
      <object_component id="oc-26">
         <name>.debug_info</name>
         <load_address>0x86b4</load_address>
         <run_address>0x86b4</run_address>
         <size>0x185</size>
         <input_file_ref idref="fl-28"/>
      </object_component>
      <object_component id="oc-11f">
         <name>.debug_info</name>
         <load_address>0x8839</load_address>
         <run_address>0x8839</run_address>
         <size>0x7c6</size>
         <input_file_ref idref="fl-29"/>
      </object_component>
      <object_component id="oc-a5">
         <name>.debug_info</name>
         <load_address>0x8fff</load_address>
         <run_address>0x8fff</run_address>
         <size>0x1b2</size>
         <input_file_ref idref="fl-29"/>
      </object_component>
      <object_component id="oc-1a7">
         <name>.debug_info</name>
         <load_address>0x91b1</load_address>
         <run_address>0x91b1</run_address>
         <size>0x39</size>
         <input_file_ref idref="fl-29"/>
      </object_component>
      <object_component id="oc-1b3">
         <name>.debug_info</name>
         <load_address>0x91ea</load_address>
         <run_address>0x91ea</run_address>
         <size>0x39</size>
         <input_file_ref idref="fl-29"/>
      </object_component>
      <object_component id="oc-12a">
         <name>.debug_info</name>
         <load_address>0x9223</load_address>
         <run_address>0x9223</run_address>
         <size>0x39</size>
         <input_file_ref idref="fl-29"/>
      </object_component>
      <object_component id="oc-1ac">
         <name>.debug_info</name>
         <load_address>0x925c</load_address>
         <run_address>0x925c</run_address>
         <size>0xcd</size>
         <input_file_ref idref="fl-29"/>
      </object_component>
      <object_component id="oc-62">
         <name>.debug_info</name>
         <load_address>0x9329</load_address>
         <run_address>0x9329</run_address>
         <size>0x14b</size>
         <input_file_ref idref="fl-2a"/>
      </object_component>
      <object_component id="oc-116">
         <name>.debug_info</name>
         <load_address>0x9474</load_address>
         <run_address>0x9474</run_address>
         <size>0x148</size>
         <input_file_ref idref="fl-2b"/>
      </object_component>
      <object_component id="oc-3c">
         <name>.debug_info</name>
         <load_address>0x95bc</load_address>
         <run_address>0x95bc</run_address>
         <size>0x56f</size>
         <input_file_ref idref="fl-2e"/>
      </object_component>
      <object_component id="oc-19">
         <name>.debug_info</name>
         <load_address>0x9b2b</load_address>
         <run_address>0x9b2b</run_address>
         <size>0x1cf</size>
         <input_file_ref idref="fl-2e"/>
      </object_component>
      <object_component id="oc-37">
         <name>.debug_info</name>
         <load_address>0x9cfa</load_address>
         <run_address>0x9cfa</run_address>
         <size>0x46</size>
         <input_file_ref idref="fl-2e"/>
      </object_component>
      <object_component id="oc-70">
         <name>.debug_info</name>
         <load_address>0x9d40</load_address>
         <run_address>0x9d40</run_address>
         <size>0x2c</size>
         <input_file_ref idref="fl-2e"/>
      </object_component>
      <object_component id="oc-83">
         <name>.debug_info</name>
         <load_address>0x9d6c</load_address>
         <run_address>0x9d6c</run_address>
         <size>0x5a0</size>
         <input_file_ref idref="fl-2f"/>
      </object_component>
      <object_component id="oc-40">
         <name>.debug_info</name>
         <load_address>0xa30c</load_address>
         <run_address>0xa30c</run_address>
         <size>0x257</size>
         <input_file_ref idref="fl-2f"/>
      </object_component>
      <object_component id="oc-21">
         <name>.debug_info</name>
         <load_address>0xa563</load_address>
         <run_address>0xa563</run_address>
         <size>0x1b4</size>
         <input_file_ref idref="fl-2f"/>
      </object_component>
      <object_component id="oc-44">
         <name>.debug_info</name>
         <load_address>0xa717</load_address>
         <run_address>0xa717</run_address>
         <size>0x46</size>
         <input_file_ref idref="fl-2f"/>
      </object_component>
      <object_component id="oc-eb">
         <name>.debug_info</name>
         <load_address>0xa75d</load_address>
         <run_address>0xa75d</run_address>
         <size>0x39</size>
         <input_file_ref idref="fl-2f"/>
      </object_component>
      <object_component id="oc-84">
         <name>.debug_info</name>
         <load_address>0xa796</load_address>
         <run_address>0xa796</run_address>
         <size>0x2c</size>
         <input_file_ref idref="fl-2f"/>
      </object_component>
      <object_component id="oc-1a4">
         <name>.debug_info</name>
         <load_address>0xa7c2</load_address>
         <run_address>0xa7c2</run_address>
         <size>0x6fc</size>
         <input_file_ref idref="fl-30"/>
      </object_component>
      <object_component id="oc-11a">
         <name>.debug_info</name>
         <load_address>0xaebe</load_address>
         <run_address>0xaebe</run_address>
         <size>0x212</size>
         <input_file_ref idref="fl-30"/>
      </object_component>
      <object_component id="oc-1f1">
         <name>.debug_info</name>
         <load_address>0xb0d0</load_address>
         <run_address>0xb0d0</run_address>
         <size>0x2c</size>
         <input_file_ref idref="fl-30"/>
      </object_component>
      <object_component id="oc-1f6">
         <name>.debug_info</name>
         <load_address>0xb0fc</load_address>
         <run_address>0xb0fc</run_address>
         <size>0x39</size>
         <input_file_ref idref="fl-30"/>
      </object_component>
      <object_component id="oc-a2">
         <name>.debug_info</name>
         <load_address>0xb135</load_address>
         <run_address>0xb135</run_address>
         <size>0x59e</size>
         <input_file_ref idref="fl-31"/>
      </object_component>
      <object_component id="oc-99">
         <name>.debug_info</name>
         <load_address>0xb6d3</load_address>
         <run_address>0xb6d3</run_address>
         <size>0x188</size>
         <input_file_ref idref="fl-31"/>
      </object_component>
      <object_component id="oc-9d">
         <name>.debug_info</name>
         <load_address>0xb85b</load_address>
         <run_address>0xb85b</run_address>
         <size>0x11a</size>
         <input_file_ref idref="fl-31"/>
      </object_component>
      <object_component id="oc-5c">
         <name>.debug_info</name>
         <load_address>0xb975</load_address>
         <run_address>0xb975</run_address>
         <size>0x17a</size>
         <input_file_ref idref="fl-31"/>
      </object_component>
      <object_component id="oc-6e">
         <name>.debug_info</name>
         <load_address>0xbaef</load_address>
         <run_address>0xbaef</run_address>
         <size>0x610</size>
         <input_file_ref idref="fl-32"/>
      </object_component>
      <object_component id="oc-2f">
         <name>.debug_info</name>
         <load_address>0xc0ff</load_address>
         <run_address>0xc0ff</run_address>
         <size>0x104</size>
         <input_file_ref idref="fl-32"/>
      </object_component>
      <object_component id="oc-266">
         <name>.debug_info</name>
         <load_address>0xc203</load_address>
         <run_address>0xc203</run_address>
         <size>0x127</size>
         <input_file_ref idref="fl-32"/>
      </object_component>
      <object_component id="oc-26f">
         <name>.debug_info</name>
         <load_address>0xc32a</load_address>
         <run_address>0xc32a</run_address>
         <size>0x175</size>
         <input_file_ref idref="fl-32"/>
      </object_component>
      <object_component id="oc-269">
         <name>.debug_info</name>
         <load_address>0xc49f</load_address>
         <run_address>0xc49f</run_address>
         <size>0x174</size>
         <input_file_ref idref="fl-32"/>
      </object_component>
      <object_component id="oc-237">
         <name>.debug_info</name>
         <load_address>0xc613</load_address>
         <run_address>0xc613</run_address>
         <size>0x1df</size>
         <input_file_ref idref="fl-32"/>
      </object_component>
      <object_component id="oc-231">
         <name>.debug_info</name>
         <load_address>0xc7f2</load_address>
         <run_address>0xc7f2</run_address>
         <size>0x28d</size>
         <input_file_ref idref="fl-32"/>
      </object_component>
      <object_component id="oc-d8">
         <name>.debug_info</name>
         <load_address>0xca7f</load_address>
         <run_address>0xca7f</run_address>
         <size>0x2c</size>
         <input_file_ref idref="fl-32"/>
      </object_component>
      <object_component id="oc-dd">
         <name>.debug_info</name>
         <load_address>0xcaab</load_address>
         <run_address>0xcaab</run_address>
         <size>0x62</size>
         <input_file_ref idref="fl-32"/>
      </object_component>
      <object_component id="oc-223">
         <name>.debug_info</name>
         <load_address>0xcb0d</load_address>
         <run_address>0xcb0d</run_address>
         <size>0x557</size>
         <input_file_ref idref="fl-33"/>
      </object_component>
      <object_component id="oc-1d9">
         <name>.debug_info</name>
         <load_address>0xd064</load_address>
         <run_address>0xd064</run_address>
         <size>0xf7</size>
         <input_file_ref idref="fl-33"/>
      </object_component>
      <object_component id="oc-1dc">
         <name>.debug_info</name>
         <load_address>0xd15b</load_address>
         <run_address>0xd15b</run_address>
         <size>0xfb</size>
         <input_file_ref idref="fl-33"/>
      </object_component>
      <object_component id="oc-21c">
         <name>.debug_info</name>
         <load_address>0xd256</load_address>
         <run_address>0xd256</run_address>
         <size>0x126</size>
         <input_file_ref idref="fl-33"/>
      </object_component>
      <object_component id="oc-97">
         <name>.debug_info</name>
         <load_address>0xd37c</load_address>
         <run_address>0xd37c</run_address>
         <size>0x5ab</size>
         <input_file_ref idref="fl-34"/>
      </object_component>
      <object_component id="oc-58">
         <name>.debug_info</name>
         <load_address>0xd927</load_address>
         <run_address>0xd927</run_address>
         <size>0x16a</size>
         <input_file_ref idref="fl-34"/>
      </object_component>
      <object_component id="oc-108">
         <name>.debug_info</name>
         <load_address>0xda91</load_address>
         <run_address>0xda91</run_address>
         <size>0x5e</size>
         <input_file_ref idref="fl-34"/>
      </object_component>
      <object_component id="oc-1ba">
         <name>.debug_info</name>
         <load_address>0xdaef</load_address>
         <run_address>0xdaef</run_address>
         <size>0x138</size>
         <input_file_ref idref="fl-35"/>
      </object_component>
      <object_component id="oc-137">
         <name>.debug_info</name>
         <load_address>0xdc27</load_address>
         <run_address>0xdc27</run_address>
         <size>0xfa</size>
         <input_file_ref idref="fl-35"/>
      </object_component>
      <object_component id="oc-277">
         <name>.debug_info</name>
         <load_address>0xdd21</load_address>
         <run_address>0xdd21</run_address>
         <size>0x102</size>
         <input_file_ref idref="fl-35"/>
      </object_component>
      <object_component id="oc-219">
         <name>.debug_info</name>
         <load_address>0xde23</load_address>
         <run_address>0xde23</run_address>
         <size>0x7a1</size>
         <input_file_ref idref="fl-36"/>
      </object_component>
      <object_component id="oc-24e">
         <name>.debug_info</name>
         <load_address>0xe5c4</load_address>
         <run_address>0xe5c4</run_address>
         <size>0xfb</size>
         <input_file_ref idref="fl-36"/>
      </object_component>
      <object_component id="oc-216">
         <name>.debug_info</name>
         <load_address>0xe6bf</load_address>
         <run_address>0xe6bf</run_address>
         <size>0xfb</size>
         <input_file_ref idref="fl-36"/>
      </object_component>
      <object_component id="oc-1ce">
         <name>.debug_info</name>
         <load_address>0xe7ba</load_address>
         <run_address>0xe7ba</run_address>
         <size>0x196</size>
         <input_file_ref idref="fl-36"/>
      </object_component>
      <object_component id="oc-254">
         <name>.debug_info</name>
         <load_address>0xe950</load_address>
         <run_address>0xe950</run_address>
         <size>0x120</size>
         <input_file_ref idref="fl-36"/>
      </object_component>
      <object_component id="oc-259">
         <name>.debug_info</name>
         <load_address>0xea70</load_address>
         <run_address>0xea70</run_address>
         <size>0x2c</size>
         <input_file_ref idref="fl-36"/>
      </object_component>
      <object_component id="oc-214">
         <name>.debug_info</name>
         <load_address>0xea9c</load_address>
         <run_address>0xea9c</run_address>
         <size>0x614</size>
         <input_file_ref idref="fl-37"/>
      </object_component>
      <object_component id="oc-1c8">
         <name>.debug_info</name>
         <load_address>0xf0b0</load_address>
         <run_address>0xf0b0</run_address>
         <size>0x17c</size>
         <input_file_ref idref="fl-37"/>
      </object_component>
      <object_component id="oc-23d">
         <name>.debug_info</name>
         <load_address>0xf22c</load_address>
         <run_address>0xf22c</run_address>
         <size>0x16e</size>
         <input_file_ref idref="fl-38"/>
      </object_component>
      <object_component id="oc-22f">
         <name>.debug_info</name>
         <load_address>0xf39a</load_address>
         <run_address>0xf39a</run_address>
         <size>0x5f0</size>
         <input_file_ref idref="fl-39"/>
      </object_component>
      <object_component id="oc-207">
         <name>.debug_info</name>
         <load_address>0xf98a</load_address>
         <run_address>0xf98a</run_address>
         <size>0x20f</size>
         <input_file_ref idref="fl-39"/>
      </object_component>
      <object_component id="oc-e3">
         <name>.debug_info</name>
         <load_address>0xfb99</load_address>
         <run_address>0xfb99</run_address>
         <size>0x566</size>
         <input_file_ref idref="fl-3b"/>
      </object_component>
      <object_component id="oc-7d">
         <name>.debug_info</name>
         <load_address>0x100ff</load_address>
         <run_address>0x100ff</run_address>
         <size>0x22c</size>
         <input_file_ref idref="fl-3b"/>
      </object_component>
      <object_component id="oc-262">
         <name>.debug_info</name>
         <load_address>0x1032b</load_address>
         <run_address>0x1032b</run_address>
         <size>0x663</size>
         <input_file_ref idref="fl-3c"/>
      </object_component>
      <object_component id="oc-22b">
         <name>.debug_info</name>
         <load_address>0x1098e</load_address>
         <run_address>0x1098e</run_address>
         <size>0x1a2</size>
         <input_file_ref idref="fl-3c"/>
      </object_component>
      <object_component id="oc-2d6">
         <name>.debug_info</name>
         <load_address>0x10b30</load_address>
         <run_address>0x10b30</run_address>
         <size>0x63f</size>
         <input_file_ref idref="fl-3e"/>
      </object_component>
      <object_component id="oc-289">
         <name>.debug_info</name>
         <load_address>0x1116f</load_address>
         <run_address>0x1116f</run_address>
         <size>0x1b4</size>
         <input_file_ref idref="fl-3e"/>
      </object_component>
      <object_component id="oc-2dc">
         <name>.debug_info</name>
         <load_address>0x11323</load_address>
         <run_address>0x11323</run_address>
         <size>0x644</size>
         <input_file_ref idref="fl-3f"/>
      </object_component>
      <object_component id="oc-29b">
         <name>.debug_info</name>
         <load_address>0x11967</load_address>
         <run_address>0x11967</run_address>
         <size>0x1f3</size>
         <input_file_ref idref="fl-3f"/>
      </object_component>
      <object_component id="oc-2c6">
         <name>.debug_info</name>
         <load_address>0x11b5a</load_address>
         <run_address>0x11b5a</run_address>
         <size>0x64d</size>
         <input_file_ref idref="fl-40"/>
      </object_component>
      <object_component id="oc-283">
         <name>.debug_info</name>
         <load_address>0x121a7</load_address>
         <run_address>0x121a7</run_address>
         <size>0x20d</size>
         <input_file_ref idref="fl-40"/>
      </object_component>
      <object_component id="oc-2d8">
         <name>.debug_info</name>
         <load_address>0x123b4</load_address>
         <run_address>0x123b4</run_address>
         <size>0x643</size>
         <input_file_ref idref="fl-41"/>
      </object_component>
      <object_component id="oc-291">
         <name>.debug_info</name>
         <load_address>0x129f7</load_address>
         <run_address>0x129f7</run_address>
         <size>0x1f3</size>
         <input_file_ref idref="fl-41"/>
      </object_component>
      <object_component id="oc-2e0">
         <name>.debug_info</name>
         <load_address>0x12bea</load_address>
         <run_address>0x12bea</run_address>
         <size>0x653</size>
         <input_file_ref idref="fl-42"/>
      </object_component>
      <object_component id="oc-2a7">
         <name>.debug_info</name>
         <load_address>0x1323d</load_address>
         <run_address>0x1323d</run_address>
         <size>0x270</size>
         <input_file_ref idref="fl-42"/>
      </object_component>
      <object_component id="oc-2de">
         <name>.debug_info</name>
         <load_address>0x134ad</load_address>
         <run_address>0x134ad</run_address>
         <size>0x640</size>
         <input_file_ref idref="fl-43"/>
      </object_component>
      <object_component id="oc-2a2">
         <name>.debug_info</name>
         <load_address>0x13aed</load_address>
         <run_address>0x13aed</run_address>
         <size>0x1c7</size>
         <input_file_ref idref="fl-43"/>
      </object_component>
      <object_component id="oc-2da">
         <name>.debug_info</name>
         <load_address>0x13cb4</load_address>
         <run_address>0x13cb4</run_address>
         <size>0x63f</size>
         <input_file_ref idref="fl-44"/>
      </object_component>
      <object_component id="oc-295">
         <name>.debug_info</name>
         <load_address>0x142f3</load_address>
         <run_address>0x142f3</run_address>
         <size>0x1e9</size>
         <input_file_ref idref="fl-44"/>
      </object_component>
      <object_component id="oc-2f3">
         <name>.debug_info</name>
         <load_address>0x144dc</load_address>
         <run_address>0x144dc</run_address>
         <size>0x587</size>
         <input_file_ref idref="fl-45"/>
      </object_component>
      <object_component id="oc-2f0">
         <name>.debug_info</name>
         <load_address>0x14a63</load_address>
         <run_address>0x14a63</run_address>
         <size>0x100</size>
         <input_file_ref idref="fl-45"/>
      </object_component>
      <object_component id="oc-2c9">
         <name>.debug_info</name>
         <load_address>0x14b63</load_address>
         <run_address>0x14b63</run_address>
         <size>0x1d7</size>
         <input_file_ref idref="fl-45"/>
      </object_component>
      <object_component id="oc-2cf">
         <name>.debug_info</name>
         <load_address>0x14d3a</load_address>
         <run_address>0x14d3a</run_address>
         <size>0x192</size>
         <input_file_ref idref="fl-45"/>
      </object_component>
      <object_component id="oc-2c4">
         <name>.debug_info</name>
         <load_address>0x14ecc</load_address>
         <run_address>0x14ecc</run_address>
         <size>0x672</size>
         <input_file_ref idref="fl-46"/>
      </object_component>
      <object_component id="oc-27c">
         <name>.debug_info</name>
         <load_address>0x1553e</load_address>
         <run_address>0x1553e</run_address>
         <size>0x20f</size>
         <input_file_ref idref="fl-46"/>
      </object_component>
      <object_component id="oc-30a">
         <name>.debug_info</name>
         <load_address>0x1574d</load_address>
         <run_address>0x1574d</run_address>
         <size>0x672</size>
         <input_file_ref idref="fl-47"/>
      </object_component>
      <object_component id="oc-306">
         <name>.debug_info</name>
         <load_address>0x15dbf</load_address>
         <run_address>0x15dbf</run_address>
         <size>0x1cd</size>
         <input_file_ref idref="fl-47"/>
      </object_component>
      <object_component id="oc-2e7">
         <name>.debug_info</name>
         <load_address>0x15f8c</load_address>
         <run_address>0x15f8c</run_address>
         <size>0x209</size>
         <input_file_ref idref="fl-47"/>
      </object_component>
      <object_component id="oc-312">
         <name>.debug_info</name>
         <load_address>0x16195</load_address>
         <run_address>0x16195</run_address>
         <size>0xea</size>
         <input_file_ref idref="fl-47"/>
      </object_component>
      <object_component id="oc-30b">
         <name>.debug_info</name>
         <load_address>0x1627f</load_address>
         <run_address>0x1627f</run_address>
         <size>0x2c</size>
         <input_file_ref idref="fl-47"/>
      </object_component>
      <object_component id="oc-2e2">
         <name>.debug_info</name>
         <load_address>0x162ab</load_address>
         <run_address>0x162ab</run_address>
         <size>0x69b</size>
         <input_file_ref idref="fl-48"/>
      </object_component>
      <object_component id="oc-2b9">
         <name>.debug_info</name>
         <load_address>0x16946</load_address>
         <run_address>0x16946</run_address>
         <size>0x18d</size>
         <input_file_ref idref="fl-48"/>
      </object_component>
      <object_component id="oc-2ea">
         <name>.debug_info</name>
         <load_address>0x16ad3</load_address>
         <run_address>0x16ad3</run_address>
         <size>0x6a2</size>
         <input_file_ref idref="fl-4a"/>
      </object_component>
      <object_component id="oc-2bd">
         <name>.debug_info</name>
         <load_address>0x17175</load_address>
         <run_address>0x17175</run_address>
         <size>0x1ae</size>
         <input_file_ref idref="fl-4a"/>
      </object_component>
      <object_component id="oc-34e">
         <name>.debug_info</name>
         <load_address>0x17323</load_address>
         <run_address>0x17323</run_address>
         <size>0x8d</size>
      </object_component>
      <object_component id="oc-227">
         <name>.debug_line</name>
         <load_address>0x0</load_address>
         <run_address>0x0</run_address>
         <size>0x20</size>
         <input_file_ref idref="fl-2"/>
      </object_component>
      <object_component id="oc-1e9">
         <name>.debug_line</name>
         <load_address>0x20</load_address>
         <run_address>0x20</run_address>
         <size>0x2d</size>
         <input_file_ref idref="fl-2"/>
      </object_component>
      <object_component id="oc-151">
         <name>.debug_line</name>
         <load_address>0x4d</load_address>
         <run_address>0x4d</run_address>
         <size>0x104</size>
         <input_file_ref idref="fl-2"/>
      </object_component>
      <object_component id="oc-163">
         <name>.debug_line</name>
         <load_address>0x151</load_address>
         <run_address>0x151</run_address>
         <size>0x7c</size>
         <input_file_ref idref="fl-2"/>
      </object_component>
      <object_component id="oc-16d">
         <name>.debug_line</name>
         <load_address>0x1cd</load_address>
         <run_address>0x1cd</run_address>
         <size>0x74</size>
         <input_file_ref idref="fl-2"/>
      </object_component>
      <object_component id="oc-145">
         <name>.debug_line</name>
         <load_address>0x241</load_address>
         <run_address>0x241</run_address>
         <size>0x80</size>
         <input_file_ref idref="fl-2"/>
      </object_component>
      <object_component id="oc-14a">
         <name>.debug_line</name>
         <load_address>0x2c1</load_address>
         <run_address>0x2c1</run_address>
         <size>0x80</size>
         <input_file_ref idref="fl-2"/>
      </object_component>
      <object_component id="oc-168">
         <name>.debug_line</name>
         <load_address>0x341</load_address>
         <run_address>0x341</run_address>
         <size>0x7d</size>
         <input_file_ref idref="fl-2"/>
      </object_component>
      <object_component id="oc-172">
         <name>.debug_line</name>
         <load_address>0x3be</load_address>
         <run_address>0x3be</run_address>
         <size>0x73</size>
         <input_file_ref idref="fl-2"/>
      </object_component>
      <object_component id="oc-177">
         <name>.debug_line</name>
         <load_address>0x431</load_address>
         <run_address>0x431</run_address>
         <size>0x73</size>
         <input_file_ref idref="fl-2"/>
      </object_component>
      <object_component id="oc-17c">
         <name>.debug_line</name>
         <load_address>0x4a4</load_address>
         <run_address>0x4a4</run_address>
         <size>0x74</size>
         <input_file_ref idref="fl-2"/>
      </object_component>
      <object_component id="oc-181">
         <name>.debug_line</name>
         <load_address>0x518</load_address>
         <run_address>0x518</run_address>
         <size>0x77</size>
         <input_file_ref idref="fl-2"/>
      </object_component>
      <object_component id="oc-186">
         <name>.debug_line</name>
         <load_address>0x58f</load_address>
         <run_address>0x58f</run_address>
         <size>0x75</size>
         <input_file_ref idref="fl-2"/>
      </object_component>
      <object_component id="oc-18b">
         <name>.debug_line</name>
         <load_address>0x604</load_address>
         <run_address>0x604</run_address>
         <size>0x75</size>
         <input_file_ref idref="fl-2"/>
      </object_component>
      <object_component id="oc-190">
         <name>.debug_line</name>
         <load_address>0x679</load_address>
         <run_address>0x679</run_address>
         <size>0x77</size>
         <input_file_ref idref="fl-2"/>
      </object_component>
      <object_component id="oc-195">
         <name>.debug_line</name>
         <load_address>0x6f0</load_address>
         <run_address>0x6f0</run_address>
         <size>0x75</size>
         <input_file_ref idref="fl-2"/>
      </object_component>
      <object_component id="oc-19a">
         <name>.debug_line</name>
         <load_address>0x765</load_address>
         <run_address>0x765</run_address>
         <size>0x69</size>
         <input_file_ref idref="fl-2"/>
      </object_component>
      <object_component id="oc-19f">
         <name>.debug_line</name>
         <load_address>0x7ce</load_address>
         <run_address>0x7ce</run_address>
         <size>0x6b</size>
         <input_file_ref idref="fl-2"/>
      </object_component>
      <object_component id="oc-79">
         <name>.debug_line</name>
         <load_address>0x839</load_address>
         <run_address>0x839</run_address>
         <size>0x20</size>
         <input_file_ref idref="fl-2"/>
      </object_component>
      <object_component id="oc-15c">
         <name>.debug_line</name>
         <load_address>0x859</load_address>
         <run_address>0x859</run_address>
         <size>0x75</size>
         <input_file_ref idref="fl-2"/>
      </object_component>
      <object_component id="oc-1ec">
         <name>.debug_line</name>
         <load_address>0x8ce</load_address>
         <run_address>0x8ce</run_address>
         <size>0x6f</size>
         <input_file_ref idref="fl-2"/>
      </object_component>
      <object_component id="oc-fc">
         <name>.debug_line</name>
         <load_address>0x93d</load_address>
         <run_address>0x93d</run_address>
         <size>0x69</size>
         <input_file_ref idref="fl-3"/>
      </object_component>
      <object_component id="oc-102">
         <name>.debug_line</name>
         <load_address>0x9a6</load_address>
         <run_address>0x9a6</run_address>
         <size>0x129</size>
         <input_file_ref idref="fl-4"/>
      </object_component>
      <object_component id="oc-160">
         <name>.debug_line</name>
         <load_address>0xacf</load_address>
         <run_address>0xacf</run_address>
         <size>0x85</size>
         <input_file_ref idref="fl-5"/>
      </object_component>
      <object_component id="oc-94">
         <name>.debug_line</name>
         <load_address>0xb54</load_address>
         <run_address>0xb54</run_address>
         <size>0x94</size>
         <input_file_ref idref="fl-5"/>
      </object_component>
      <object_component id="oc-1e0">
         <name>.debug_line</name>
         <load_address>0xbe8</load_address>
         <run_address>0xbe8</run_address>
         <size>0x11d</size>
         <input_file_ref idref="fl-23"/>
      </object_component>
      <object_component id="oc-13b">
         <name>.debug_line</name>
         <load_address>0xd05</load_address>
         <run_address>0xd05</run_address>
         <size>0x266</size>
         <input_file_ref idref="fl-23"/>
      </object_component>
      <object_component id="oc-f3">
         <name>.debug_line</name>
         <load_address>0xf6b</load_address>
         <run_address>0xf6b</run_address>
         <size>0x4f</size>
         <input_file_ref idref="fl-23"/>
      </object_component>
      <object_component id="oc-e6">
         <name>.debug_line</name>
         <load_address>0xfba</load_address>
         <run_address>0xfba</run_address>
         <size>0x95</size>
         <input_file_ref idref="fl-23"/>
      </object_component>
      <object_component id="oc-1e3">
         <name>.debug_line</name>
         <load_address>0x104f</load_address>
         <run_address>0x104f</run_address>
         <size>0x94</size>
         <input_file_ref idref="fl-23"/>
      </object_component>
      <object_component id="oc-24a">
         <name>.debug_line</name>
         <load_address>0x10e3</load_address>
         <run_address>0x10e3</run_address>
         <size>0x94</size>
         <input_file_ref idref="fl-24"/>
      </object_component>
      <object_component id="oc-1c6">
         <name>.debug_line</name>
         <load_address>0x1177</load_address>
         <run_address>0x1177</run_address>
         <size>0x8c</size>
         <input_file_ref idref="fl-24"/>
      </object_component>
      <object_component id="oc-246">
         <name>.debug_line</name>
         <load_address>0x1203</load_address>
         <run_address>0x1203</run_address>
         <size>0x94</size>
         <input_file_ref idref="fl-24"/>
      </object_component>
      <object_component id="oc-281">
         <name>.debug_line</name>
         <load_address>0x1297</load_address>
         <run_address>0x1297</run_address>
         <size>0x116</size>
         <input_file_ref idref="fl-25"/>
      </object_component>
      <object_component id="oc-20f">
         <name>.debug_line</name>
         <load_address>0x13ad</load_address>
         <run_address>0x13ad</run_address>
         <size>0xfa</size>
         <input_file_ref idref="fl-25"/>
      </object_component>
      <object_component id="oc-1c0">
         <name>.debug_line</name>
         <load_address>0x14a7</load_address>
         <run_address>0x14a7</run_address>
         <size>0x40</size>
         <input_file_ref idref="fl-26"/>
      </object_component>
      <object_component id="oc-1d4">
         <name>.debug_line</name>
         <load_address>0x14e7</load_address>
         <run_address>0x14e7</run_address>
         <size>0x41</size>
         <input_file_ref idref="fl-26"/>
      </object_component>
      <object_component id="oc-35">
         <name>.debug_line</name>
         <load_address>0x1528</load_address>
         <run_address>0x1528</run_address>
         <size>0x4e</size>
         <input_file_ref idref="fl-27"/>
      </object_component>
      <object_component id="oc-d5">
         <name>.debug_line</name>
         <load_address>0x1576</load_address>
         <run_address>0x1576</run_address>
         <size>0x48</size>
         <input_file_ref idref="fl-28"/>
      </object_component>
      <object_component id="oc-6a">
         <name>.debug_line</name>
         <load_address>0x15be</load_address>
         <run_address>0x15be</run_address>
         <size>0x2a</size>
         <input_file_ref idref="fl-28"/>
      </object_component>
      <object_component id="oc-29">
         <name>.debug_line</name>
         <load_address>0x15e8</load_address>
         <run_address>0x15e8</run_address>
         <size>0x5d</size>
         <input_file_ref idref="fl-28"/>
      </object_component>
      <object_component id="oc-1a6">
         <name>.debug_line</name>
         <load_address>0x1645</load_address>
         <run_address>0x1645</run_address>
         <size>0xc2</size>
         <input_file_ref idref="fl-29"/>
      </object_component>
      <object_component id="oc-a8">
         <name>.debug_line</name>
         <load_address>0x1707</load_address>
         <run_address>0x1707</run_address>
         <size>0x8d</size>
         <input_file_ref idref="fl-29"/>
      </object_component>
      <object_component id="oc-1a9">
         <name>.debug_line</name>
         <load_address>0x1794</load_address>
         <run_address>0x1794</run_address>
         <size>0x2e</size>
         <input_file_ref idref="fl-29"/>
      </object_component>
      <object_component id="oc-1b5">
         <name>.debug_line</name>
         <load_address>0x17c2</load_address>
         <run_address>0x17c2</run_address>
         <size>0x9d</size>
         <input_file_ref idref="fl-29"/>
      </object_component>
      <object_component id="oc-12c">
         <name>.debug_line</name>
         <load_address>0x185f</load_address>
         <run_address>0x185f</run_address>
         <size>0x9a</size>
         <input_file_ref idref="fl-29"/>
      </object_component>
      <object_component id="oc-1ae">
         <name>.debug_line</name>
         <load_address>0x18f9</load_address>
         <run_address>0x18f9</run_address>
         <size>0x96</size>
         <input_file_ref idref="fl-29"/>
      </object_component>
      <object_component id="oc-65">
         <name>.debug_line</name>
         <load_address>0x198f</load_address>
         <run_address>0x198f</run_address>
         <size>0x40</size>
         <input_file_ref idref="fl-2a"/>
      </object_component>
      <object_component id="oc-115">
         <name>.debug_line</name>
         <load_address>0x19cf</load_address>
         <run_address>0x19cf</run_address>
         <size>0x3b</size>
         <input_file_ref idref="fl-2b"/>
      </object_component>
      <object_component id="oc-76">
         <name>.debug_line</name>
         <load_address>0x1a0a</load_address>
         <run_address>0x1a0a</run_address>
         <size>0x20</size>
         <input_file_ref idref="fl-2e"/>
      </object_component>
      <object_component id="oc-1c">
         <name>.debug_line</name>
         <load_address>0x1a2a</load_address>
         <run_address>0x1a2a</run_address>
         <size>0x53</size>
         <input_file_ref idref="fl-2e"/>
      </object_component>
      <object_component id="oc-39">
         <name>.debug_line</name>
         <load_address>0x1a7d</load_address>
         <run_address>0x1a7d</run_address>
         <size>0x3a</size>
         <input_file_ref idref="fl-2e"/>
      </object_component>
      <object_component id="oc-72">
         <name>.debug_line</name>
         <load_address>0x1ab7</load_address>
         <run_address>0x1ab7</run_address>
         <size>0x95</size>
         <input_file_ref idref="fl-2e"/>
      </object_component>
      <object_component id="oc-ea">
         <name>.debug_line</name>
         <load_address>0x1b4c</load_address>
         <run_address>0x1b4c</run_address>
         <size>0x95</size>
         <input_file_ref idref="fl-2f"/>
      </object_component>
      <object_component id="oc-3e">
         <name>.debug_line</name>
         <load_address>0x1be1</load_address>
         <run_address>0x1be1</run_address>
         <size>0xc6</size>
         <input_file_ref idref="fl-2f"/>
      </object_component>
      <object_component id="oc-20">
         <name>.debug_line</name>
         <load_address>0x1ca7</load_address>
         <run_address>0x1ca7</run_address>
         <size>0x49</size>
         <input_file_ref idref="fl-2f"/>
      </object_component>
      <object_component id="oc-46">
         <name>.debug_line</name>
         <load_address>0x1cf0</load_address>
         <run_address>0x1cf0</run_address>
         <size>0x39</size>
         <input_file_ref idref="fl-2f"/>
      </object_component>
      <object_component id="oc-ed">
         <name>.debug_line</name>
         <load_address>0x1d29</load_address>
         <run_address>0x1d29</run_address>
         <size>0x9d</size>
         <input_file_ref idref="fl-2f"/>
      </object_component>
      <object_component id="oc-86">
         <name>.debug_line</name>
         <load_address>0x1dc6</load_address>
         <run_address>0x1dc6</run_address>
         <size>0x99</size>
         <input_file_ref idref="fl-2f"/>
      </object_component>
      <object_component id="oc-1f0">
         <name>.debug_line</name>
         <load_address>0x1e5f</load_address>
         <run_address>0x1e5f</run_address>
         <size>0x29</size>
         <input_file_ref idref="fl-30"/>
      </object_component>
      <object_component id="oc-11c">
         <name>.debug_line</name>
         <load_address>0x1e88</load_address>
         <run_address>0x1e88</run_address>
         <size>0x74</size>
         <input_file_ref idref="fl-30"/>
      </object_component>
      <object_component id="oc-1f3">
         <name>.debug_line</name>
         <load_address>0x1efc</load_address>
         <run_address>0x1efc</run_address>
         <size>0x29</size>
         <input_file_ref idref="fl-30"/>
      </object_component>
      <object_component id="oc-1f8">
         <name>.debug_line</name>
         <load_address>0x1f25</load_address>
         <run_address>0x1f25</run_address>
         <size>0x95</size>
         <input_file_ref idref="fl-30"/>
      </object_component>
      <object_component id="oc-111">
         <name>.debug_line</name>
         <load_address>0x1fba</load_address>
         <run_address>0x1fba</run_address>
         <size>0x94</size>
         <input_file_ref idref="fl-31"/>
      </object_component>
      <object_component id="oc-10e">
         <name>.debug_line</name>
         <load_address>0x204e</load_address>
         <run_address>0x204e</run_address>
         <size>0x2a</size>
         <input_file_ref idref="fl-31"/>
      </object_component>
      <object_component id="oc-9c">
         <name>.debug_line</name>
         <load_address>0x2078</load_address>
         <run_address>0x2078</run_address>
         <size>0x3a</size>
         <input_file_ref idref="fl-31"/>
      </object_component>
      <object_component id="oc-5f">
         <name>.debug_line</name>
         <load_address>0x20b2</load_address>
         <run_address>0x20b2</run_address>
         <size>0x85</size>
         <input_file_ref idref="fl-31"/>
      </object_component>
      <object_component id="oc-d7">
         <name>.debug_line</name>
         <load_address>0x2137</load_address>
         <run_address>0x2137</run_address>
         <size>0x115</size>
         <input_file_ref idref="fl-32"/>
      </object_component>
      <object_component id="oc-6d">
         <name>.debug_line</name>
         <load_address>0x224c</load_address>
         <run_address>0x224c</run_address>
         <size>0x2c</size>
         <input_file_ref idref="fl-32"/>
      </object_component>
      <object_component id="oc-2b1">
         <name>.debug_line</name>
         <load_address>0x2278</load_address>
         <run_address>0x2278</run_address>
         <size>0x2c</size>
[...]
         <origin>0xe00000</origin>
         <length>0x8000</length>
         <used_space>0x0</used_space>
         <unused_space>0x8000</unused_space>
         <attributes>RWIX</attributes>
         <usage_details>
         </usage_details>
      </memory_area>
      <memory_area display="yes" color="green">
         <name>DSPL1DRAM</name>
         <page_id>0x0</page_id>
         <origin>0xf00000</origin>
         <length>0x8000</length>
         <used_space>0x0</used_space>
         <unused_space>0x8000</unused_space>
         <attributes>RWIX</attributes>
         <usage_details>
         </usage_details>
      </memory_area>
      <memory_area display="yes" color="green">
         <name>SHDSPL2ROM</name>
         <page_id>0x0</page_id>
         <origin>0x11700000</origin>
         <length>0x100000</length>
         <used_space>0x0</used_space>
         <unused_space>0x100000</unused_space>
         <attributes>RWIX</attributes>
         <usage_details>
         </usage_details>
      </memory_area>
      <memory_area display="yes" color="green">
         <name>SHDSPL2RAM</name>
         <page_id>0x0</page_id>
         <origin>0x11800000</origin>
         <length>0x40000</length>
         <used_space>0x0</used_space>
         <unused_space>0x40000</unused_space>
         <attributes>RWIX</attributes>
         <usage_details>
         </usage_details>
      </memory_area>
      <memory_area display="yes" color="green">
         <name>SHDSPL1PRAM</name>
         <page_id>0x0</page_id>
         <origin>0x11e00000</origin>
         <length>0x8000</length>
         <used_space>0x0</used_space>
         <unused_space>0x8000</unused_space>
         <attributes>RWIX</attributes>
         <usage_details>
         </usage_details>
      </memory_area>
      <memory_area display="yes" color="green">
         <name>SHDSPL1DRAM</name>
         <page_id>0x0</page_id>
         <origin>0x11f00000</origin>
         <length>0x8000</length>
         <used_space>0x0</used_space>
         <unused_space>0x8000</unused_space>
         <attributes>RWIX</attributes>
         <usage_details>
         </usage_details>
      </memory_area>
      <memory_area display="yes" color="green">
         <name>EMIFACS0</name>
         <page_id>0x0</page_id>
         <origin>0x40000000</origin>
         <length>0x20000000</length>
         <used_space>0x0</used_space>
         <unused_space>0x20000000</unused_space>
         <attributes>RWIX</attributes>
         <usage_details>
         </usage_details>
      </memory_area>
      <memory_area display="yes" color="green">
         <name>EMIFACS2</name>
         <page_id>0x0</page_id>
         <origin>0x60000000</origin>
         <length>0x2000000</length>
         <used_space>0x0</used_space>
         <unused_space>0x2000000</unused_space>
         <attributes>RWIX</attributes>
         <usage_details>
         </usage_details>
      </memory_area>
      <memory_area display="yes" color="green">
         <name>EMIFACS3</name>
         <page_id>0x0</page_id>
         <origin>0x62000000</origin>
         <length>0x2000000</length>
         <used_space>0x0</used_space>
         <unused_space>0x2000000</unused_space>
         <attributes>RWIX</attributes>
         <usage_details>
         </usage_details>
      </memory_area>
      <memory_area display="yes" color="green">
         <name>EMIFACS4</name>
         <page_id>0x0</page_id>
         <origin>0x64000000</origin>
         <length>0x2000000</length>
         <used_space>0x0</used_space>
         <unused_space>0x2000000</unused_space>
         <attributes>RWIX</attributes>
         <usage_details>
         </usage_details>
      </memory_area>
      <memory_area display="yes" color="green">
         <name>EMIFACS5</name>
         <page_id>0x0</page_id>
         <origin>0x66000000</origin>
         <length>0x2000000</length>
         <used_space>0x0</used_space>
         <unused_space>0x2000000</unused_space>
         <attributes>RWIX</attributes>
         <usage_details>
         </usage_details>
      </memory_area>
      <memory_area display="yes" color="green">
         <name>SHRAM</name>
         <page_id>0x0</page_id>
         <origin>0x80000000</origin>
         <length>0x20000</length>
         <used_space>0x0</used_space>
         <unused_space>0x20000</unused_space>
         <attributes>RWIX</attributes>
         <usage_details>
         </usage_details>
      </memory_area>
      <memory_area display="yes" color="green">
         <name>DDR2</name>
         <page_id>0x0</page_id>
         <origin>0xc0000000</origin>
         <length>0x20000000</length>
         <used_space>0x0</used_space>
         <unused_space>0x20000000</unused_space>
         <attributes>RWIX</attributes>
         <usage_details>
         </usage_details>
      </memory_area>
   </placement_map>
   <cptbl_list>
      <cptbl>
         <name>__TI_cinit_table</name>
         <cprec>
            <name>.fardata</name>
            <load_address>0x804300</load_address>
            <load_size>0x6d</load_size>
            <run_address>0x803ce0</run_address>
            <run_size>0x318</run_size>
            <compression>rle</compression>
         </cprec>
         <cprec>
            <name>.far</name>
            <load_address>0x80436d</load_address>
            <load_size>0xb</load_size>
            <run_address>0x803ff8</run_address>
            <run_size>0x148</run_size>
            <compression>rle</compression>
         </cprec>
         <cprec>
            <name>.neardata</name>
            <load_address>0x804378</load_address>
            <load_size>0xa</load_size>
            <run_address>0x8042f8</run_address>
            <run_size>0x4</run_size>
            <compression>rle</compression>
         </cprec>
      </cptbl>
   </cptbl_list>
   <handler_table>
      <handler_table_name>__TI_handler_table</handler_table_name>
      <handler>
         <index>0x0</index>
         <name>__TI_decompress_rle24</name>
      </handler>
      <handler>
         <index>0x1</index>
         <name>__TI_decompress_none</name>
      </handler>
   </handler_table>
   <symbol_table>
      <symbol id="sm-1">
         <name>__TI_CINIT_Base</name>
         <value>0x804390</value>
      </symbol>
      <symbol id="sm-2">
         <name>__TI_CINIT_Limit</name>
         <value>0x8043a8</value>
      </symbol>
      <symbol id="sm-3">
         <name>__TI_Handler_Table_Base</name>
         <value>0x804384</value>
      </symbol>
      <symbol id="sm-4">
         <name>__TI_Handler_Table_Limit</name>
         <value>0x80438c</value>
      </symbol>
      <symbol id="sm-5">
         <name>binit</name>
         <value>0xffffffff</value>
      </symbol>
      <symbol id="sm-6">
         <name>__binit__</name>
         <value>0xffffffff</value>
      </symbol>
      <symbol id="sm-7">
         <name>__TI_STACK_SIZE</name>
         <value>0x800</value>
      </symbol>
      <symbol id="sm-8">
         <name>__TI_STACK_END</name>
         <value>0x8034e0</value>
      </symbol>
      <symbol id="sm-9">
         <name>__TI_SYSMEM_SIZE</name>
         <value>0x800</value>
      </symbol>
      <symbol id="sm-a">
         <name>__c_args__</name>
         <value>0xffffffff</value>
      </symbol>
      <symbol id="sm-b">
         <name>__TI_pprof_out_hndl</name>
         <value>0xffffffff</value>
      </symbol>
      <symbol id="sm-c">
         <name>__TI_prof_data_start</name>
         <value>0xffffffff</value>
      </symbol>
      <symbol id="sm-d">
         <name>__TI_prof_data_size</name>
         <value>0xffffffff</value>
      </symbol>
      <symbol id="sm-a2">
         <name>GpioRegs</name>
         <value>0x8042f8</value>
         <object_component_ref idref="oc-155"/>
      </symbol>
      <symbol id="sm-a3">
         <name>GPIO_GetInput</name>
         <value>0x800828</value>
         <object_component_ref idref="oc-14d"/>
      </symbol>
      <symbol id="sm-a4">
         <name>GPIO_InterruptEdge</name>
         <value>0x8008d8</value>
         <object_component_ref idref="oc-14d"/>
      </symbol>
      <symbol id="sm-a5">
         <name>GPIO_EnableInterrupt</name>
         <value>0x80086c</value>
         <object_component_ref idref="oc-14d"/>
      </symbol>
      <symbol id="sm-a6">
         <name>GPIO_InterruptState</name>
         <value>0x8009e0</value>
         <object_component_ref idref="oc-14d"/>
      </symbol>
      <symbol id="sm-a7">
         <name>GPIO_ClearInterruptState</name>
         <value>0x800a54</value>
         <object_component_ref idref="oc-14d"/>
      </symbol>
      <symbol id="sm-a8">
         <name>GPIO_SetOutput</name>
         <value>0x8007c8</value>
         <object_component_ref idref="oc-14d"/>
      </symbol>
      <symbol id="sm-a9">
         <name>GPIO_SetDirection</name>
         <value>0x800740</value>
         <object_component_ref idref="oc-14d"/>
      </symbol>
      <symbol id="sm-b2">
         <name>SysConfigForPinMux</name>
         <value>0x800dc0</value>
         <object_component_ref idref="oc-f8"/>
      </symbol>
      <symbol id="sm-ff">
         <name>LED_DIPSW_Init</name>
         <value>0x80066c</value>
         <object_component_ref idref="oc-fe"/>
      </symbol>
      <symbol id="sm-100">
         <name>LED_Off</name>
         <value>0x8004e4</value>
         <object_component_ref idref="oc-fe"/>
      </symbol>
      <symbol id="sm-101">
         <name>LED_Toggle</name>
         <value>0x800558</value>
         <object_component_ref idref="oc-fe"/>
      </symbol>
      <symbol id="sm-102">
         <name>LED_On</name>
         <value>0x80046c</value>
         <object_component_ref idref="oc-fe"/>
      </symbol>
      <symbol id="sm-103">
         <name>GetPushButton_Status</name>
         <value>0x8003e8</value>
         <object_component_ref idref="oc-fe"/>
      </symbol>
      <symbol id="sm-104">
         <name>GetDIP_AllStatus</name>
         <value>0x80040c</value>
         <object_component_ref idref="oc-fe"/>
      </symbol>
      <symbol id="sm-105">
         <name>GetDIP_Status</name>
         <value>0x8003c0</value>
         <object_component_ref idref="oc-fe"/>
      </symbol>
      <symbol id="sm-12c">
         <name>MicroSecDelay</name>
         <value>0x8016e0</value>
         <object_component_ref idref="oc-90"/>
      </symbol>
      <symbol id="sm-12d">
         <name>main</name>
         <value>0x801730</value>
         <object_component_ref idref="oc-90"/>
      </symbol>
      <symbol id="sm-174">
         <name>puts</name>
         <value>0x802ba0</value>
         <object_component_ref idref="oc-f2"/>
      </symbol>
      <symbol id="sm-175">
         <name>fputs</name>
         <value>0x800aa0</value>
         <object_component_ref idref="oc-13a"/>
      </symbol>
      <symbol id="sm-18b">
         <name>__TI_wrt_ok</name>
         <value>0x801da0</value>
         <object_component_ref idref="oc-1c1"/>
      </symbol>
      <symbol id="sm-1a7">
         <name>setvbuf</name>
         <value>0x801260</value>
         <object_component_ref idref="oc-20b"/>
      </symbol>
      <symbol id="sm-1b5">
         <name>__c6xabi_push_rts</name>
         <value>0x802c00</value>
         <object_component_ref idref="oc-1bc"/>
      </symbol>
      <symbol id="sm-1b6">
         <name>__pop_rts</name>
         <value>0x802be0</value>
         <object_component_ref idref="oc-1d3"/>
      </symbol>
      <symbol id="sm-1b7">
         <name>__c6xabi_pop_rts</name>
         <value>0x802be0</value>
         <object_component_ref idref="oc-1d3"/>
      </symbol>
      <symbol id="sm-1b8">
         <name>__push_rts</name>
         <value>0x802c00</value>
         <object_component_ref idref="oc-1bc"/>
      </symbol>
      <symbol id="sm-1c1">
         <name>memcpy</name>
         <value>0x802780</value>
         <object_component_ref idref="oc-31"/>
      </symbol>
      <symbol id="sm-1d7">
         <name>_c_int00</name>
         <value>0x802940</value>
         <object_component_ref idref="oc-25"/>
      </symbol>
      <symbol id="sm-1d8">
         <name>_stack</name>
         <value>0x802ce0</value>
         <object_component_ref idref="oc-2b"/>
      </symbol>
      <symbol id="sm-1fd">
         <name>__TI_auto_init_nobinit_nopinit</name>
         <value>0x8022a0</value>
         <object_component_ref idref="oc-a4"/>
      </symbol>
      <symbol id="sm-206">
         <name>_system_pre_init</name>
         <value>0x802c60</value>
         <object_component_ref idref="oc-61"/>
      </symbol>
      <symbol id="sm-20f">
         <name>_system_post_cinit</name>
         <value>0x802c40</value>
         <object_component_ref idref="oc-112"/>
      </symbol>
      <symbol id="sm-228">
         <name>__TI_decompress_none</name>
         <value>0x802ca0</value>
         <object_component_ref idref="oc-18"/>
      </symbol>
      <symbol id="sm-253">
         <name>__TI_decompress_rle24</name>
         <value>0x802cc0</value>
         <object_component_ref idref="oc-1e"/>
      </symbol>
      <symbol id="sm-26c">
         <name>__TI_tls_init</name>
         <value>0x8024e0</value>
         <object_component_ref idref="oc-118"/>
      </symbol>
      <symbol id="sm-28d">
         <name>C$$EXIT</name>
         <value>0x802c80</value>
         <object_component_ref idref="oc-9b"/>
      </symbol>
      <symbol id="sm-28e">
         <name>abort</name>
         <value>0x802c80</value>
         <object_component_ref idref="oc-9b"/>
      </symbol>
      <symbol id="sm-28f">
         <name>exit</name>
         <value>0x801f60</value>
         <object_component_ref idref="oc-5b"/>
      </symbol>
      <symbol id="sm-290">
         <name>__TI_dtors_ptr</name>
         <value>0x803fdc</value>
         <object_component_ref idref="oc-98"/>
      </symbol>
      <symbol id="sm-291">
         <name>__TI_cleanup_ptr</name>
         <value>0x803fd8</value>
         <object_component_ref idref="oc-98"/>
      </symbol>
      <symbol id="sm-292">
         <name>__TI_enable_exit_profile_output</name>
         <value>0x803fe0</value>
         <object_component_ref idref="oc-98"/>
      </symbol>
      <symbol id="sm-2fd">
         <name>_sys_memory</name>
         <value>0x8034e0</value>
         <object_component_ref idref="oc-2e"/>
      </symbol>
      <symbol id="sm-2fe">
         <name>free</name>
         <value>0x800000</value>
         <object_component_ref idref="oc-230"/>
      </symbol>
      <symbol id="sm-2ff">
         <name>malloc</name>
         <value>0x8010a0</value>
         <object_component_ref idref="oc-236"/>
      </symbol>
      <symbol id="sm-315">
         <name>_nop</name>
         <value>0x802c20</value>
         <object_component_ref idref="oc-21b"/>
      </symbol>
      <symbol id="sm-316">
         <name>_lock</name>
         <value>0x803fec</value>
         <object_component_ref idref="oc-1d8"/>
      </symbol>
      <symbol id="sm-317">
         <name>_unlock</name>
         <value>0x803ff0</value>
         <object_component_ref idref="oc-1db"/>
      </symbol>
      <symbol id="sm-329">
         <name>_args_main</name>
         <value>0x802b60</value>
         <object_component_ref idref="oc-55"/>
      </symbol>
      <symbol id="sm-339">
         <name>__TI_tmpnams</name>
         <value>0x803ff8</value>
      </symbol>
      <symbol id="sm-33a">
         <name>_ftable</name>
         <value>0x803ce0</value>
         <object_component_ref idref="oc-136"/>
      </symbol>
      <symbol id="sm-33b">
         <name>__TI_ft_end</name>
         <value>0x803ff4</value>
         <object_component_ref idref="oc-276"/>
      </symbol>
      <symbol id="sm-35e">
         <name>_stream</name>
         <value>0x803ec0</value>
         <object_component_ref idref="oc-215"/>
      </symbol>
      <symbol id="sm-35f">
         <name>_device</name>
         <value>0x803f60</value>
         <object_component_ref idref="oc-24d"/>
      </symbol>
      <symbol id="sm-360">
         <name>write</name>
         <value>0x802b00</value>
         <object_component_ref idref="oc-1cd"/>
      </symbol>
      <symbol id="sm-36f">
         <name>__TI_doflush</name>
         <value>0x802360</value>
         <object_component_ref idref="oc-1c7"/>
      </symbol>
      <symbol id="sm-37d">
         <name>__TI_cleanup</name>
         <value>0x802640</value>
         <object_component_ref idref="oc-23c"/>
      </symbol>
      <symbol id="sm-395">
         <name>fseek</name>
         <value>0x801a00</value>
         <object_component_ref idref="oc-205"/>
      </symbol>
      <symbol id="sm-3a6">
         <name>memset</name>
         <value>0x802040</value>
         <object_component_ref idref="oc-7c"/>
      </symbol>
      <symbol id="sm-3b5">
         <name>lseek</name>
         <value>0x802aa0</value>
         <object_component_ref idref="oc-228"/>
      </symbol>
      <symbol id="sm-3c6">
         <name>HOSTclose</name>
         <value>0x8025a0</value>
         <object_component_ref idref="oc-288"/>
      </symbol>
      <symbol id="sm-3d6">
         <name>HOSTlseek</name>
         <value>0x801b00</value>
         <object_component_ref idref="oc-29a"/>
      </symbol>
      <symbol id="sm-3ea">
         <name>parmbuf</name>
         <value>0x804138</value>
      </symbol>
      <symbol id="sm-3eb">
         <name>HOSTopen</name>
         <value>0x801be0</value>
         <object_component_ref idref="oc-282"/>
      </symbol>
      <symbol id="sm-3fb">
         <name>HOSTread</name>
         <value>0x802120</value>
         <object_component_ref idref="oc-28e"/>
      </symbol>
      <symbol id="sm-419">
         <name>HOSTrename</name>
         <value>0x801420</value>
         <object_component_ref idref="oc-2a6"/>
      </symbol>
      <symbol id="sm-42c">
         <name>HOSTunlink</name>
         <value>0x8021e0</value>
         <object_component_ref idref="oc-2a0"/>
      </symbol>
      <symbol id="sm-43c">
         <name>HOSTwrite</name>
         <value>0x801cc0</value>
         <object_component_ref idref="oc-294"/>
      </symbol>
      <symbol id="sm-462">
         <name>__TI_readmsg</name>
         <value>0x8028c0</value>
         <object_component_ref idref="oc-2ce"/>
      </symbol>
      <symbol id="sm-463">
         <name>C$$IO$$</name>
         <value>0x802a98</value>
         <object_component_ref idref="oc-2c8"/>
      </symbol>
      <symbol id="sm-464">
         <name>__CIOBUF_</name>
         <value>0x804140</value>
         <object_component_ref idref="oc-2ef"/>
      </symbol>
      <symbol id="sm-465">
         <name>__TI_writemsg</name>
         <value>0x802a40</value>
         <object_component_ref idref="oc-2c8"/>
      </symbol>
      <symbol id="sm-47e">
         <name>__TI_closefile</name>
         <value>0x801800</value>
         <object_component_ref idref="oc-279"/>
      </symbol>
      <symbol id="sm-4ad">
         <name>finddevice</name>
         <value>0x8026e0</value>
         <object_component_ref idref="oc-303"/>
      </symbol>
      <symbol id="sm-4ae">
         <name>getdevice</name>
         <value>0x8015c0</value>
         <object_component_ref idref="oc-2e3"/>
      </symbol>
      <symbol id="sm-4c0">
         <name>close</name>
         <value>0x801e80</value>
         <object_component_ref idref="oc-2b6"/>
      </symbol>
      <symbol id="sm-4d1">
         <name>unlink</name>
         <value>0x8029c0</value>
         <object_component_ref idref="oc-2bc"/>
      </symbol>
      <symbol id="sm-4d2">
         <name>__TI_STATIC_BASE</name>
         <value>0x8042f8</value>
      </symbol>
      <symbol id="sm-4d4">
         <name>__TI_TLS_INIT_Base</name>
         <value>0x0</value>
      </symbol>
      <symbol id="sm-4d5">
         <name>__TI_TLS_INIT_Limit</name>
         <value>0x0</value>
      </symbol>
      <symbol id="sm-4d6">
         <name>remove</name>
         <value>0x8029c0</value>
      </symbol>
   </symbol_table>
   <title>Link successful</title>
</link_info>
